<?xml version="1.0" encoding="ISO-8859-1" ?>
<link_info>
   <banner>TI ARM Linker PC v18.1.2.LTS</banner>
   <copyright>Copyright (c) 1996-2017 Texas Instruments Incorporated</copyright>
   <link_time>0x5b566834</link_time>
   <link_errors>0x0</link_errors>
   <output_file>Four_axes_2018_New.out</output_file>
   <entry_point>
      <name>_c_int00_noargs</name>
      <address>0x3509</address>
   </entry_point>
   <input_file_list>
      <input_file id="fl-2">
         <path>.\</path>
         <kind>object</kind>
         <file>main.obj</file>
         <name>main.obj</name>
      </input_file>
      <input_file id="fl-3">
         <path>.\</path>
         <kind>object</kind>
         <file>tm4c123gh6pm_startup_ccs.obj</file>
         <name>tm4c123gh6pm_startup_ccs.obj</name>
      </input_file>
      <input_file id="fl-4">
         <path>.\0.96&apos;OLED\</path>
         <kind>object</kind>
         <file>OLED.obj</file>
         <name>OLED.obj</name>
      </input_file>
      <input_file id="fl-5">
         <path>.\Control\</path>
         <kind>object</kind>
         <file>Control.obj</file>
         <name>Control.obj</name>
      </input_file>
      <input_file id="fl-6">
         <path>.\Pid\</path>
         <kind>object</kind>
         <file>pid.obj</file>
         <name>pid.obj</name>
      </input_file>
      <input_file id="fl-7">
         <path>.\Timer\</path>
         <kind>object</kind>
         <file>Timer.obj</file>
         <name>Timer.obj</name>
      </input_file>
      <input_file id="fl-8">
         <path>.\Type_conversion\</path>
         <kind>object</kind>
         <file>Type_conversion.obj</file>
         <name>Type_conversion.obj</name>
      </input_file>
      <input_file id="fl-9">
         <path>.\colorful_LED\</path>
         <kind>object</kind>
         <file>colorful_LED.obj</file>
         <name>colorful_LED.obj</name>
      </input_file>
      <input_file id="fl-a">
         <path>.\delay\</path>
         <kind>object</kind>
         <file>delay.obj</file>
         <name>delay.obj</name>
      </input_file>
      <input_file id="fl-b">
         <path>.\key\</path>
         <kind>object</kind>
         <file>key.obj</file>
         <name>key.obj</name>
      </input_file>
      <input_file id="fl-c">
         <path>.\uart\</path>
         <kind>object</kind>
         <file>uart_echo.obj</file>
         <name>uart_echo.obj</name>
      </input_file>
      <input_file id="fl-d">
         <path>.\uart\</path>
         <kind>object</kind>
         <file>uartstdio.obj</file>
         <name>uartstdio.obj</name>
      </input_file>
      <input_file id="fl-12">
         <kind>object</kind>
         <file>&lt;internal&gt;</file>
         <name>&lt;internal&gt;</name>
      </input_file>
      <input_file id="fl-13">
         <path>D:\ti\TivaWare_C_Series-2.1.4.178\driverlib\ccs\Debug\</path>
         <kind>archive</kind>
         <file>driverlib.lib</file>
         <name>fpu.obj</name>
      </input_file>
      <input_file id="fl-14">
         <path>D:\ti\TivaWare_C_Series-2.1.4.178\driverlib\ccs\Debug\</path>
         <kind>archive</kind>
         <file>driverlib.lib</file>
         <name>gpio.obj</name>
      </input_file>
      <input_file id="fl-15">
         <path>D:\ti\TivaWare_C_Series-2.1.4.178\driverlib\ccs\Debug\</path>
         <kind>archive</kind>
         <file>driverlib.lib</file>
         <name>interrupt.obj</name>
      </input_file>
      <input_file id="fl-16">
         <path>D:\ti\TivaWare_C_Series-2.1.4.178\driverlib\ccs\Debug\</path>
         <kind>archive</kind>
         <file>driverlib.lib</file>
         <name>pwm.obj</name>
      </input_file>
      <input_file id="fl-17">
         <path>D:\ti\TivaWare_C_Series-2.1.4.178\driverlib\ccs\Debug\</path>
         <kind>archive</kind>
         <file>driverlib.lib</file>
         <name>sysctl.obj</name>
      </input_file>
      <input_file id="fl-18">
         <path>D:\ti\TivaWare_C_Series-2.1.4.178\driverlib\ccs\Debug\</path>
         <kind>archive</kind>
         <file>driverlib.lib</file>
         <name>timer.obj</name>
      </input_file>
      <input_file id="fl-19">
         <path>D:\ti\TivaWare_C_Series-2.1.4.178\driverlib\ccs\Debug\</path>
         <kind>archive</kind>
         <file>driverlib.lib</file>
         <name>uart.obj</name>
      </input_file>
      <input_file id="fl-1a">
         <path>D:\ti\TivaWare_C_Series-2.1.4.178\driverlib\ccs\Debug\</path>
         <kind>archive</kind>
         <file>driverlib.lib</file>
         <name>cpu.obj</name>
      </input_file>
      <input_file id="fl-d0">
         <path>D:\Project_Program\Ccs\ccsv8\tools\compiler\ti-cgt-arm_18.1.2.LTS\lib\</path>
         <kind>archive</kind>
         <file>rtsv7M4_T_le_v4SPD16_eabi.lib</file>
         <name>u_divt2.asm.obj</name>
      </input_file>
      <input_file id="fl-d1">
         <path>D:\Project_Program\Ccs\ccsv8\tools\compiler\ti-cgt-arm_18.1.2.LTS\lib\</path>
         <kind>archive</kind>
         <file>rtsv7M4_T_le_v4SPD16_eabi.lib</file>
         <name>memset_t2.asm.obj</name>
      </input_file>
      <input_file id="fl-d2">
         <path>D:\Project_Program\Ccs\ccsv8\tools\compiler\ti-cgt-arm_18.1.2.LTS\lib\</path>
         <kind>archive</kind>
         <file>rtsv7M4_T_le_v4SPD16_eabi.lib</file>
         <name>fd_add_t2.asm.obj</name>
      </input_file>
      <input_file id="fl-d3">
         <path>D:\Project_Program\Ccs\ccsv8\tools\compiler\ti-cgt-arm_18.1.2.LTS\lib\</path>
         <kind>archive</kind>
         <file>rtsv7M4_T_le_v4SPD16_eabi.lib</file>
         <name>fd_cmp_t2.asm.obj</name>
      </input_file>
      <input_file id="fl-d4">
         <path>D:\Project_Program\Ccs\ccsv8\tools\compiler\ti-cgt-arm_18.1.2.LTS\lib\</path>
         <kind>archive</kind>
         <file>rtsv7M4_T_le_v4SPD16_eabi.lib</file>
         <name>fd_div_t2.asm.obj</name>
      </input_file>
      <input_file id="fl-d5">
         <path>D:\Project_Program\Ccs\ccsv8\tools\compiler\ti-cgt-arm_18.1.2.LTS\lib\</path>
         <kind>archive</kind>
         <file>rtsv7M4_T_le_v4SPD16_eabi.lib</file>
         <name>fd_mul_t2.asm.obj</name>
      </input_file>
      <input_file id="fl-d6">
         <path>D:\Project_Program\Ccs\ccsv8\tools\compiler\ti-cgt-arm_18.1.2.LTS\lib\</path>
         <kind>archive</kind>
         <file>rtsv7M4_T_le_v4SPD16_eabi.lib</file>
         <name>fd_toi_t2.asm.obj</name>
      </input_file>
      <input_file id="fl-d7">
         <path>D:\Project_Program\Ccs\ccsv8\tools\compiler\ti-cgt-arm_18.1.2.LTS\lib\</path>
         <kind>archive</kind>
         <file>rtsv7M4_T_le_v4SPD16_eabi.lib</file>
         <name>fs_tod_t2.asm.obj</name>
      </input_file>
      <input_file id="fl-d8">
         <path>D:\Project_Program\Ccs\ccsv8\tools\compiler\ti-cgt-arm_18.1.2.LTS\lib\</path>
         <kind>archive</kind>
         <file>rtsv7M4_T_le_v4SPD16_eabi.lib</file>
         <name>i_tofd_t2.asm.obj</name>
      </input_file>
      <input_file id="fl-d9">
         <path>D:\Project_Program\Ccs\ccsv8\tools\compiler\ti-cgt-arm_18.1.2.LTS\lib\</path>
         <kind>archive</kind>
         <file>rtsv7M4_T_le_v4SPD16_eabi.lib</file>
         <name>copy_zero_init.c.obj</name>
      </input_file>
      <input_file id="fl-da">
         <path>D:\Project_Program\Ccs\ccsv8\tools\compiler\ti-cgt-arm_18.1.2.LTS\lib\</path>
         <kind>archive</kind>
         <file>rtsv7M4_T_le_v4SPD16_eabi.lib</file>
         <name>copy_decompress_none.c.obj</name>
      </input_file>
      <input_file id="fl-db">
         <path>D:\Project_Program\Ccs\ccsv8\tools\compiler\ti-cgt-arm_18.1.2.LTS\lib\</path>
         <kind>archive</kind>
         <file>rtsv7M4_T_le_v4SPD16_eabi.lib</file>
         <name>copy_decompress_lzss.c.obj</name>
      </input_file>
      <input_file id="fl-dc">
         <path>D:\Project_Program\Ccs\ccsv8\tools\compiler\ti-cgt-arm_18.1.2.LTS\lib\</path>
         <kind>archive</kind>
         <file>rtsv7M4_T_le_v4SPD16_eabi.lib</file>
         <name>boot_cortex_m.c.obj</name>
      </input_file>
      <input_file id="fl-dd">
         <path>D:\Project_Program\Ccs\ccsv8\tools\compiler\ti-cgt-arm_18.1.2.LTS\lib\</path>
         <kind>archive</kind>
         <file>rtsv7M4_T_le_v4SPD16_eabi.lib</file>
         <name>exit.c.obj</name>
      </input_file>
      <input_file id="fl-de">
         <path>D:\Project_Program\Ccs\ccsv8\tools\compiler\ti-cgt-arm_18.1.2.LTS\lib\</path>
         <kind>archive</kind>
         <file>rtsv7M4_T_le_v4SPD16_eabi.lib</file>
         <name>_lock.c.obj</name>
      </input_file>
      <input_file id="fl-df">
         <path>D:\Project_Program\Ccs\ccsv8\tools\compiler\ti-cgt-arm_18.1.2.LTS\lib\</path>
         <kind>archive</kind>
         <file>rtsv7M4_T_le_v4SPD16_eabi.lib</file>
         <name>args_main.c.obj</name>
      </input_file>
      <input_file id="fl-e0">
         <path>D:\Project_Program\Ccs\ccsv8\tools\compiler\ti-cgt-arm_18.1.2.LTS\lib\</path>
         <kind>archive</kind>
         <file>rtsv7M4_T_le_v4SPD16_eabi.lib</file>
         <name>div0.asm.obj</name>
      </input_file>
      <input_file id="fl-e1">
         <path>D:\Project_Program\Ccs\ccsv8\tools\compiler\ti-cgt-arm_18.1.2.LTS\lib\</path>
         <kind>archive</kind>
         <file>rtsv7M4_T_le_v4SPD16_eabi.lib</file>
         <name>memcpy_t2.asm.obj</name>
      </input_file>
      <input_file id="fl-e2">
         <path>D:\Project_Program\Ccs\ccsv8\tools\compiler\ti-cgt-arm_18.1.2.LTS\lib\</path>
         <kind>archive</kind>
         <file>rtsv7M4_T_le_v4SPD16_eabi.lib</file>
         <name>autoinit.c.obj</name>
      </input_file>
      <input_file id="fl-e3">
         <path>D:\Project_Program\Ccs\ccsv8\tools\compiler\ti-cgt-arm_18.1.2.LTS\lib\</path>
         <kind>archive</kind>
         <file>rtsv7M4_T_le_v4SPD16_eabi.lib</file>
         <name>pre_init.c.obj</name>
      </input_file>
      <input_file id="fl-e4">
         <path>D:\Project_Program\Ccs\ccsv8\tools\compiler\ti-cgt-arm_18.1.2.LTS\lib\</path>
         <kind>archive</kind>
         <file>rtsv7M4_T_le_v4SPD16_eabi.lib</file>
         <name>cpy_tbl.c.obj</name>
      </input_file>
   </input_file_list>
   <object_component_list>
      <object_component id="oc-f">
         <name>.intvecs</name>
         <load_address>0x0</load_address>
         <run_address>0x0</run_address>
         <size>0x26c</size>
         <input_file_ref idref="fl-3"/>
      </object_component>
      <object_component id="oc-30">
         <name>.text</name>
         <load_address>0x26c</load_address>
         <run_address>0x26c</run_address>
         <size>0x938</size>
         <input_file_ref idref="fl-6"/>
      </object_component>
      <object_component id="oc-196">
         <name>.text</name>
         <load_address>0xba4</load_address>
         <run_address>0xba4</run_address>
         <size>0x82c</size>
         <input_file_ref idref="fl-4"/>
      </object_component>
      <object_component id="oc-d8">
         <name>.text</name>
         <load_address>0x13d0</load_address>
         <run_address>0x13d0</run_address>
         <size>0x504</size>
         <input_file_ref idref="fl-5"/>
      </object_component>
      <object_component id="oc-2a">
         <name>.text</name>
         <load_address>0x18d4</load_address>
         <run_address>0x18d4</run_address>
         <size>0x4c0</size>
         <input_file_ref idref="fl-c"/>
      </object_component>
      <object_component id="oc-de">
         <name>.text</name>
         <load_address>0x1d94</load_address>
         <run_address>0x1d94</run_address>
         <size>0x49c</size>
         <input_file_ref idref="fl-d"/>
      </object_component>
      <object_component id="oc-2aa">
         <name>.text</name>
         <load_address>0x2230</load_address>
         <run_address>0x2230</run_address>
         <size>0x29c</size>
         <input_file_ref idref="fl-9"/>
      </object_component>
      <object_component id="oc-3c">
         <name>.text</name>
         <load_address>0x24cc</load_address>
         <run_address>0x24cc</run_address>
         <size>0x1b8</size>
         <input_file_ref idref="fl-b"/>
      </object_component>
      <object_component id="oc-128">
         <name>.text</name>
         <load_address>0x2684</load_address>
         <run_address>0x2684</run_address>
         <size>0x1b6</size>
         <input_file_ref idref="fl-d2"/>
      </object_component>
      <object_component id="oc-322">
         <name>.text</name>
         <load_address>0x283a</load_address>
         <run_address>0x283a</run_address>
         <size>0x2</size>
         <input_file_ref idref="fl-e0"/>
      </object_component>
      <object_component id="oc-36">
         <name>.text</name>
         <load_address>0x283c</load_address>
         <run_address>0x283c</run_address>
         <size>0x190</size>
         <input_file_ref idref="fl-7"/>
      </object_component>
      <object_component id="oc-114">
         <name>.text</name>
         <load_address>0x29cc</load_address>
         <run_address>0x29cc</run_address>
         <size>0x136</size>
         <input_file_ref idref="fl-d4"/>
      </object_component>
      <object_component id="oc-16c">
         <name>.text:GPIOPadConfigSet</name>
         <load_address>0x2b02</load_address>
         <run_address>0x2b02</run_address>
         <size>0x132</size>
         <input_file_ref idref="fl-14"/>
      </object_component>
      <object_component id="oc-b9">
         <name>.text:SysCtlClockGet</name>
         <load_address>0x2c34</load_address>
         <run_address>0x2c34</run_address>
         <size>0x110</size>
         <input_file_ref idref="fl-17"/>
      </object_component>
      <object_component id="oc-11e">
         <name>.text</name>
         <load_address>0x2d44</load_address>
         <run_address>0x2d44</run_address>
         <size>0xfc</size>
         <input_file_ref idref="fl-d5"/>
      </object_component>
      <object_component id="oc-2bc">
         <name>.text:SysCtlClockSet</name>
         <load_address>0x2e40</load_address>
         <run_address>0x2e40</run_address>
         <size>0xf4</size>
         <input_file_ref idref="fl-17"/>
      </object_component>
      <object_component id="oc-1d1">
         <name>.text</name>
         <load_address>0x2f34</load_address>
         <run_address>0x2f34</run_address>
         <size>0xec</size>
         <input_file_ref idref="fl-2"/>
      </object_component>
      <object_component id="oc-50">
         <name>.text</name>
         <load_address>0x3020</load_address>
         <run_address>0x3020</run_address>
         <size>0x9c</size>
         <input_file_ref idref="fl-e1"/>
      </object_component>
      <object_component id="oc-21c">
         <name>.text:__aeabi_cdrcmple</name>
         <load_address>0x30bc</load_address>
         <run_address>0x30bc</run_address>
         <size>0x86</size>
         <input_file_ref idref="fl-d3"/>
      </object_component>
      <object_component id="oc-144">
         <name>.text:IntDisable</name>
         <load_address>0x3144</load_address>
         <run_address>0x3144</run_address>
         <size>0x68</size>
         <input_file_ref idref="fl-15"/>
      </object_component>
      <object_component id="oc-c5">
         <name>.text:IntEnable</name>
         <load_address>0x31ac</load_address>
         <run_address>0x31ac</run_address>
         <size>0x68</size>
         <input_file_ref idref="fl-15"/>
      </object_component>
      <object_component id="oc-12">
         <name>.text:decompress:lzss:__TI_decompress_lzss</name>
         <load_address>0x3214</load_address>
         <run_address>0x3214</run_address>
         <size>0x68</size>
         <input_file_ref idref="fl-db"/>
      </object_component>
      <object_component id="oc-138">
         <name>.text:TimerConfigure</name>
         <load_address>0x327c</load_address>
         <run_address>0x327c</run_address>
         <size>0x60</size>
         <input_file_ref idref="fl-18"/>
      </object_component>
      <object_component id="oc-178">
         <name>.text:GPIOIntTypeSet</name>
         <load_address>0x32dc</load_address>
         <run_address>0x32dc</run_address>
         <size>0x56</size>
         <input_file_ref idref="fl-14"/>
      </object_component>
      <object_component id="oc-ad">
         <name>.text:GPIOPinConfigure</name>
         <load_address>0x3334</load_address>
         <run_address>0x3334</run_address>
         <size>0x48</size>
         <input_file_ref idref="fl-14"/>
      </object_component>
      <object_component id="oc-123">
         <name>.text</name>
         <load_address>0x337c</load_address>
         <run_address>0x337c</run_address>
         <size>0x48</size>
         <input_file_ref idref="fl-d6"/>
      </object_component>
      <object_component id="oc-bf">
         <name>.text:UARTConfigSetExpClk</name>
         <load_address>0x33c4</load_address>
         <run_address>0x33c4</run_address>
         <size>0x46</size>
         <input_file_ref idref="fl-19"/>
      </object_component>
      <object_component id="oc-2cf">
         <name>.text:__TI_auto_init_nobinit_nopinit:__TI_auto_init_nobinit_nopinit</name>
         <load_address>0x340c</load_address>
         <run_address>0x340c</run_address>
         <size>0x44</size>
         <input_file_ref idref="fl-e2"/>
      </object_component>
      <object_component id="oc-156">
         <name>.text</name>
         <load_address>0x3450</load_address>
         <run_address>0x3450</run_address>
         <size>0x40</size>
         <input_file_ref idref="fl-a"/>
      </object_component>
      <object_component id="oc-23e">
         <name>.text</name>
         <load_address>0x3490</load_address>
         <run_address>0x3490</run_address>
         <size>0x40</size>
         <input_file_ref idref="fl-d0"/>
      </object_component>
      <object_component id="oc-223">
         <name>.text:SysCtlPeripheralPresent</name>
         <load_address>0x34d0</load_address>
         <run_address>0x34d0</run_address>
         <size>0x38</size>
         <input_file_ref idref="fl-17"/>
      </object_component>
      <object_component id="oc-6e">
         <name>.text:_c_int00_noargs:_c_int00_noargs</name>
         <load_address>0x3508</load_address>
         <run_address>0x3508</run_address>
         <size>0x38</size>
         <input_file_ref idref="fl-dc"/>
      </object_component>
      <object_component id="oc-10f">
         <name>.text</name>
         <load_address>0x3540</load_address>
         <run_address>0x3540</run_address>
         <size>0x38</size>
         <input_file_ref idref="fl-d7"/>
      </object_component>
      <object_component id="oc-a1">
         <name>.text:SysCtlPeripheralEnable</name>
         <load_address>0x3578</load_address>
         <run_address>0x3578</run_address>
         <size>0x34</size>
         <input_file_ref idref="fl-17"/>
      </object_component>
      <object_component id="oc-119">
         <name>.text</name>
         <load_address>0x35ac</load_address>
         <run_address>0x35ac</run_address>
         <size>0x2e</size>
         <input_file_ref idref="fl-d8"/>
      </object_component>
      <object_component id="oc-1fc">
         <name>.text:GPIODirModeSet</name>
         <load_address>0x35da</load_address>
         <run_address>0x35da</run_address>
         <size>0x2a</size>
         <input_file_ref idref="fl-14"/>
      </object_component>
      <object_component id="oc-346">
         <name>.text:PWMGenConfigure</name>
         <load_address>0x3604</load_address>
         <run_address>0x3604</run_address>
         <size>0x22</size>
         <input_file_ref idref="fl-16"/>
      </object_component>
      <object_component id="oc-207">
         <name>.text:UARTDisable</name>
         <load_address>0x3628</load_address>
         <run_address>0x3628</run_address>
         <size>0x20</size>
         <input_file_ref idref="fl-19"/>
      </object_component>
      <object_component id="oc-352">
         <name>.text:PWMPulseWidthSet</name>
         <load_address>0x3648</load_address>
         <run_address>0x3648</run_address>
         <size>0x1e</size>
         <input_file_ref idref="fl-16"/>
      </object_component>
      <object_component id="oc-27e">
         <name>.text:GPIOPinTypeGPIOOutput</name>
         <load_address>0x3666</load_address>
         <run_address>0x3666</run_address>
         <size>0x18</size>
         <input_file_ref idref="fl-14"/>
      </object_component>
      <object_component id="oc-15c">
         <name>.text:TimerDisable</name>
         <load_address>0x3680</load_address>
         <run_address>0x3680</run_address>
         <size>0x18</size>
         <input_file_ref idref="fl-18"/>
      </object_component>
      <object_component id="oc-33a">
         <name>.text:SysCtlPWMClockSet</name>
         <load_address>0x3698</load_address>
         <run_address>0x3698</run_address>
         <size>0x14</size>
         <input_file_ref idref="fl-17"/>
      </object_component>
      <object_component id="oc-20d">
         <name>.text:UARTEnable</name>
         <load_address>0x36ac</load_address>
         <run_address>0x36ac</run_address>
         <size>0x14</size>
         <input_file_ref idref="fl-19"/>
      </object_component>
      <object_component id="oc-166">
         <name>.text:GPIOPinTypeGPIOInput</name>
         <load_address>0x36c0</load_address>
         <run_address>0x36c0</run_address>
         <size>0x12</size>
         <input_file_ref idref="fl-14"/>
      </object_component>
      <object_component id="oc-340">
         <name>.text:GPIOPinTypePWM</name>
         <load_address>0x36d2</load_address>
         <run_address>0x36d2</run_address>
         <size>0x12</size>
         <input_file_ref idref="fl-14"/>
      </object_component>
      <object_component id="oc-b3">
         <name>.text:GPIOPinTypeUART</name>
         <load_address>0x36e4</load_address>
         <run_address>0x36e4</run_address>
         <size>0x12</size>
         <input_file_ref idref="fl-14"/>
      </object_component>
      <object_component id="oc-358">
         <name>.text:PWMOutputState</name>
         <load_address>0x36f6</load_address>
         <run_address>0x36f6</run_address>
         <size>0x12</size>
         <input_file_ref idref="fl-16"/>
      </object_component>
      <object_component id="oc-13e">
         <name>.text:TimerLoadSet</name>
         <load_address>0x3708</load_address>
         <run_address>0x3708</run_address>
         <size>0x12</size>
         <input_file_ref idref="fl-18"/>
      </object_component>
      <object_component id="oc-5c">
         <name>.text:decompress:ZI:__TI_zero_init_nomemset:__TI_zero_init_nomemset</name>
         <load_address>0x371a</load_address>
         <run_address>0x371a</run_address>
         <size>0x12</size>
         <input_file_ref idref="fl-d9"/>
      </object_component>
      <object_component id="oc-2b0">
         <name>.text:FPUEnable</name>
         <load_address>0x372c</load_address>
         <run_address>0x372c</run_address>
         <size>0x10</size>
         <input_file_ref idref="fl-13"/>
      </object_component>
      <object_component id="oc-2b6">
         <name>.text:FPULazyStackingEnable</name>
         <load_address>0x373c</load_address>
         <run_address>0x373c</run_address>
         <size>0x10</size>
         <input_file_ref idref="fl-13"/>
      </object_component>
      <object_component id="oc-a7">
         <name>.text:IntMasterEnable</name>
         <load_address>0x374c</load_address>
         <run_address>0x374c</run_address>
         <size>0x10</size>
         <input_file_ref idref="fl-15"/>
      </object_component>
      <object_component id="oc-34c">
         <name>.text:PWMGenPeriodSet</name>
         <load_address>0x375c</load_address>
         <run_address>0x375c</run_address>
         <size>0x10</size>
         <input_file_ref idref="fl-16"/>
      </object_component>
      <object_component id="oc-190">
         <name>.text:GPIOIntDisable</name>
         <load_address>0x376c</load_address>
         <run_address>0x376c</run_address>
         <size>0xe</size>
         <input_file_ref idref="fl-14"/>
      </object_component>
      <object_component id="oc-184">
         <name>.text:GPIOIntStatus</name>
         <load_address>0x377a</load_address>
         <run_address>0x377a</run_address>
         <size>0xe</size>
         <input_file_ref idref="fl-14"/>
      </object_component>
      <object_component id="oc-14a">
         <name>.text:TimerEnable</name>
         <load_address>0x3788</load_address>
         <run_address>0x3788</run_address>
         <size>0xe</size>
         <input_file_ref idref="fl-18"/>
      </object_component>
      <object_component id="oc-8f">
         <name>.text:UARTCharGetNonBlocking</name>
         <load_address>0x3796</load_address>
         <run_address>0x3796</run_address>
         <size>0xe</size>
         <input_file_ref idref="fl-19"/>
      </object_component>
      <object_component id="oc-9b">
         <name>.text:UARTCharPutNonBlocking</name>
         <load_address>0x37a4</load_address>
         <run_address>0x37a4</run_address>
         <size>0xe</size>
         <input_file_ref idref="fl-19"/>
      </object_component>
      <object_component id="oc-95">
         <name>.text:UARTCharsAvail</name>
         <load_address>0x37b2</load_address>
         <run_address>0x37b2</run_address>
         <size>0xe</size>
         <input_file_ref idref="fl-19"/>
      </object_component>
      <object_component id="oc-18">
         <name>.text:decompress:none:__TI_decompress_none</name>
         <load_address>0x37c0</load_address>
         <run_address>0x37c0</run_address>
         <size>0xe</size>
         <input_file_ref idref="fl-da"/>
      </object_component>
      <object_component id="oc-1f0">
         <name>.text:CPUcpsie</name>
         <load_address>0x37ce</load_address>
         <run_address>0x37ce</run_address>
         <size>0xc</size>
         <input_file_ref idref="fl-1a"/>
      </object_component>
      <object_component id="oc-172">
         <name>.text:GPIOIntEnable</name>
         <load_address>0x37da</load_address>
         <run_address>0x37da</run_address>
         <size>0xc</size>
         <input_file_ref idref="fl-14"/>
      </object_component>
      <object_component id="oc-35e">
         <name>.text:PWMGenEnable</name>
         <load_address>0x37e6</load_address>
         <run_address>0x37e6</run_address>
         <size>0xc</size>
         <input_file_ref idref="fl-16"/>
      </object_component>
      <object_component id="oc-24">
         <name>.text</name>
         <load_address>0x37f2</load_address>
         <run_address>0x37f2</run_address>
         <size>0xc</size>
         <input_file_ref idref="fl-3"/>
      </object_component>
      <object_component id="oc-109">
         <name>.text:TimerIntDisable</name>
         <load_address>0x37fe</load_address>
         <run_address>0x37fe</run_address>
         <size>0xa</size>
         <input_file_ref idref="fl-18"/>
      </object_component>
      <object_component id="oc-150">
         <name>.text:TimerIntStatus</name>
         <load_address>0x3808</load_address>
         <run_address>0x3808</run_address>
         <size>0xa</size>
         <input_file_ref idref="fl-18"/>
      </object_component>
      <object_component id="oc-22f">
         <name>.text:UARTCharGet</name>
         <load_address>0x3812</load_address>
         <run_address>0x3812</run_address>
         <size>0xa</size>
         <input_file_ref idref="fl-19"/>
      </object_component>
      <object_component id="oc-229">
         <name>.text:UARTCharPut</name>
         <load_address>0x381c</load_address>
         <run_address>0x381c</run_address>
         <size>0xa</size>
         <input_file_ref idref="fl-19"/>
      </object_component>
      <object_component id="oc-83">
         <name>.text:UARTIntStatus</name>
         <load_address>0x3826</load_address>
         <run_address>0x3826</run_address>
         <size>0xa</size>
         <input_file_ref idref="fl-19"/>
      </object_component>
      <object_component id="oc-131">
         <name>.text:TimerIntEnable</name>
         <load_address>0x3830</load_address>
         <run_address>0x3830</run_address>
         <size>0x8</size>
         <input_file_ref idref="fl-18"/>
      </object_component>
      <object_component id="oc-cb">
         <name>.text:UARTIntEnable</name>
         <load_address>0x3838</load_address>
         <run_address>0x3838</run_address>
         <size>0x8</size>
         <input_file_ref idref="fl-19"/>
      </object_component>
      <object_component id="oc-18a">
         <name>.text:GPIOIntClear</name>
         <load_address>0x3840</load_address>
         <run_address>0x3840</run_address>
         <size>0x6</size>
         <input_file_ref idref="fl-14"/>
      </object_component>
      <object_component id="oc-17e">
         <name>.text:GPIOPinRead</name>
         <load_address>0x3846</load_address>
         <run_address>0x3846</run_address>
         <size>0x6</size>
         <input_file_ref idref="fl-14"/>
      </object_component>
      <object_component id="oc-d1">
         <name>.text:GPIOPinWrite</name>
         <load_address>0x384c</load_address>
         <run_address>0x384c</run_address>
         <size>0x6</size>
         <input_file_ref idref="fl-14"/>
      </object_component>
      <object_component id="oc-d7">
         <name>.text:SysCtlDelay</name>
         <load_address>0x3852</load_address>
         <run_address>0x3852</run_address>
         <size>0x6</size>
         <input_file_ref idref="fl-17"/>
      </object_component>
      <object_component id="oc-103">
         <name>.text:TimerIntClear</name>
         <load_address>0x3858</load_address>
         <run_address>0x3858</run_address>
         <size>0x4</size>
         <input_file_ref idref="fl-18"/>
      </object_component>
      <object_component id="oc-89">
         <name>.text:UARTIntClear</name>
         <load_address>0x385c</load_address>
         <run_address>0x385c</run_address>
         <size>0x4</size>
         <input_file_ref idref="fl-19"/>
      </object_component>
      <object_component id="oc-1cb">
         <name>.text:_system_pre_init</name>
         <load_address>0x3860</load_address>
         <run_address>0x3860</run_address>
         <size>0x4</size>
         <input_file_ref idref="fl-e3"/>
      </object_component>
      <object_component id="oc-2c3">
         <name>.text:abort:abort</name>
         <load_address>0x3864</load_address>
         <run_address>0x3864</run_address>
         <size>0x4</size>
         <input_file_ref idref="fl-dd"/>
      </object_component>
      <object_component id="oc-284">
         <name>.const:.string:F8X16</name>
         <load_address>0x3868</load_address>
         <run_address>0x3868</run_address>
         <size>0x5f0</size>
         <input_file_ref idref="fl-4"/>
      </object_component>
      <object_component id="oc-287">
         <name>.const:F6x8</name>
         <load_address>0x3e58</load_address>
         <run_address>0x3e58</run_address>
         <size>0x228</size>
         <input_file_ref idref="fl-4"/>
      </object_component>
      <object_component id="oc-1f7">
         <name>.const:g_pui32GPIOBaseAddrs</name>
         <load_address>0x4080</load_address>
         <run_address>0x4080</run_address>
         <size>0x90</size>
         <input_file_ref idref="fl-14"/>
      </object_component>
      <object_component id="oc-214">
         <name>.const</name>
         <load_address>0x4110</load_address>
         <run_address>0x4110</run_address>
         <size>0x70</size>
         <input_file_ref idref="fl-15"/>
      </object_component>
      <object_component id="oc-203">
         <name>.const:g_pui32Xtals</name>
         <load_address>0x4180</load_address>
         <run_address>0x4180</run_address>
         <size>0x6c</size>
         <input_file_ref idref="fl-17"/>
      </object_component>
      <object_component id="oc-328">
         <name>.const:.string</name>
         <load_address>0x41ec</load_address>
         <run_address>0x41ec</run_address>
         <size>0x12</size>
         <input_file_ref idref="fl-d"/>
      </object_component>
      <object_component id="oc-23b">
         <name>.const:g_ui32UARTBase</name>
         <load_address>0x4200</load_address>
         <run_address>0x4200</run_address>
         <size>0xc</size>
         <input_file_ref idref="fl-d"/>
      </object_component>
      <object_component id="oc-235">
         <name>.const:g_ui32UARTPeriph</name>
         <load_address>0x420c</load_address>
         <run_address>0x420c</run_address>
         <size>0xc</size>
         <input_file_ref idref="fl-d"/>
      </object_component>
      <object_component id="oc-243">
         <name>.const</name>
         <load_address>0x4218</load_address>
         <run_address>0x4218</run_address>
         <size>0x4</size>
         <input_file_ref idref="fl-d"/>
      </object_component>
      <object_component id="oc-3ec">
         <name>.cinit..data.load</name>
         <load_address>0x4220</load_address>
         <run_address>0x4220</run_address>
         <size>0xef</size>
      </object_component>
      <object_component id="oc-3ea">
         <name>__TI_handler_table</name>
         <load_address>0x4310</load_address>
         <run_address>0x4310</run_address>
         <size>0xc</size>
      </object_component>
      <object_component id="oc-3ed">
         <name>.cinit..bss.load</name>
         <load_address>0x4320</load_address>
         <run_address>0x4320</run_address>
         <size>0x8</size>
      </object_component>
      <object_component id="oc-3eb">
         <name>__TI_cinit_table</name>
         <load_address>0x4328</load_address>
         <run_address>0x4328</run_address>
         <size>0x10</size>
      </object_component>
      <object_component id="oc-28a">
         <name>.data:Hzk</name>
         <load_address>0x20000200</load_address>
         <run_address>0x20000200</run_address>
         <size>0x180</size>
         <input_file_ref idref="fl-4"/>
      </object_component>
      <object_component id="oc-12d">
         <name>.data</name>
         <load_address>0x200003bd</load_address>
         <run_address>0x200003bd</run_address>
         <size>0x3</size>
         <input_file_ref idref="fl-5"/>
      </object_component>
      <object_component id="oc-f8">
         <name>.data</name>
         <load_address>0x200003a0</load_address>
         <run_address>0x200003a0</run_address>
         <size>0x18</size>
         <input_file_ref idref="fl-6"/>
      </object_component>
      <object_component id="oc-162">
         <name>.data</name>
         <load_address>0x20000380</load_address>
         <run_address>0x20000380</run_address>
         <size>0x1e</size>
         <input_file_ref idref="fl-7"/>
      </object_component>
      <object_component id="oc-1a0">
         <name>.data</name>
         <load_address>0x200003c0</load_address>
         <run_address>0x200003c0</run_address>
         <size>0x4</size>
         <input_file_ref idref="fl-b"/>
      </object_component>
      <object_component id="oc-e4">
         <name>.data</name>
         <load_address>0x200003c4</load_address>
         <run_address>0x200003c4</run_address>
         <size>0x4</size>
         <input_file_ref idref="fl-c"/>
      </object_component>
      <object_component id="oc-238">
         <name>.data</name>
         <load_address>0x200003b8</load_address>
         <run_address>0x200003b8</run_address>
         <size>0x5</size>
         <input_file_ref idref="fl-d"/>
      </object_component>
      <object_component id="oc-130">
         <name>.common:Real_Distance</name>
         <uninitialized>true</uninitialized>
         <run_address>0x200004d0</run_address>
         <size>0x4</size>
      </object_component>
      <object_component id="oc-221">
         <name>.common:Last_Real_Distance</name>
         <uninitialized>true</uninitialized>
         <run_address>0x200004c4</run_address>
         <size>0x4</size>
      </object_component>
      <object_component id="oc-ee">
         <name>.common:Real_XCoordinate</name>
         <uninitialized>true</uninitialized>
         <run_address>0x200004d4</run_address>
         <size>0x2</size>
      </object_component>
      <object_component id="oc-f1">
         <name>.common:Real_YCoordinate</name>
         <uninitialized>true</uninitialized>
         <run_address>0x200004d6</run_address>
         <size>0x2</size>
      </object_component>
      <object_component id="oc-21b">
         <name>.common:remote</name>
         <uninitialized>true</uninitialized>
         <run_address>0x200004b0</run_address>
         <size>0x10</size>
      </object_component>
      <object_component id="oc-101">
         <name>.common:PID_X</name>
         <uninitialized>true</uninitialized>
         <run_address>0x20000438</run_address>
         <size>0x1c</size>
      </object_component>
      <object_component id="oc-fb">
         <name>.common:PID_Y</name>
         <uninitialized>true</uninitialized>
         <run_address>0x20000454</run_address>
         <size>0x1c</size>
      </object_component>
      <object_component id="oc-ff">
         <name>.common:PID_H</name>
         <uninitialized>true</uninitialized>
         <run_address>0x2000041c</run_address>
         <size>0x1c</size>
      </object_component>
      <object_component id="oc-102">
         <name>.common:PID_Data_X</name>
         <uninitialized>true</uninitialized>
         <run_address>0x200003e4</run_address>
         <size>0x1c</size>
      </object_component>
      <object_component id="oc-fe">
         <name>.common:PID_Data_Y</name>
         <uninitialized>true</uninitialized>
         <run_address>0x20000400</run_address>
         <size>0x1c</size>
      </object_component>
      <object_component id="oc-100">
         <name>.common:PID_Data_H</name>
         <uninitialized>true</uninitialized>
         <run_address>0x200003c8</run_address>
         <size>0x1c</size>
      </object_component>
      <object_component id="oc-19c">
         <name>.common:ReadPin0</name>
         <uninitialized>true</uninitialized>
         <run_address>0x200004c8</run_address>
         <size>0x4</size>
      </object_component>
      <object_component id="oc-19f">
         <name>.common:ReadPin4</name>
         <uninitialized>true</uninitialized>
         <run_address>0x200004cc</run_address>
         <size>0x4</size>
      </object_component>
      <object_component id="oc-e7">
         <name>.common:ReciveData_UART0</name>
         <uninitialized>true</uninitialized>
         <run_address>0x20000470</run_address>
         <size>0x10</size>
      </object_component>
      <object_component id="oc-ea">
         <name>.common:Distance_Laser</name>
         <uninitialized>true</uninitialized>
         <run_address>0x200004c0</run_address>
         <size>0x4</size>
      </object_component>
      <object_component id="oc-eb">
         <name>.common:ReciveData_UART1</name>
         <uninitialized>true</uninitialized>
         <run_address>0x20000480</run_address>
         <size>0x10</size>
      </object_component>
      <object_component id="oc-ec">
         <name>.common:ReciveData_UART2</name>
         <uninitialized>true</uninitialized>
         <run_address>0x20000490</run_address>
         <size>0x10</size>
      </object_component>
      <object_component id="oc-ed">
         <name>.common:ReciveData_UART3</name>
         <uninitialized>true</uninitialized>
         <run_address>0x200004a0</run_address>
         <size>0x10</size>
      </object_component>
      <object_component id="oc-21">
         <name>.stack</name>
         <uninitialized>true</uninitialized>
         <run_address>0x20000000</run_address>
         <size>0x4</size>
         <input_file_ref idref="fl-dc"/>
      </object_component>
      <object_component id="oc-3ee">
         <name>.stack</name>
         <uninitialized>true</uninitialized>
         <run_address>0x20000000</run_address>
         <size>0x0</size>
      </object_component>
      <object_component id="oc-298">
         <name>.debug_info</name>
         <load_address>0x0</load_address>
         <run_address>0x0</run_address>
         <size>0x823</size>
         <input_file_ref idref="fl-2"/>
      </object_component>
      <object_component id="oc-1d2">
         <name>.debug_info</name>
         <load_address>0x823</load_address>
         <run_address>0x823</run_address>
         <size>0x2ff</size>
         <input_file_ref idref="fl-2"/>
      </object_component>
      <object_component id="oc-1ab">
         <name>.debug_info</name>
         <load_address>0xb22</load_address>
         <run_address>0xb22</run_address>
         <size>0x26b</size>
         <input_file_ref idref="fl-2"/>
      </object_component>
      <object_component id="oc-291">
         <name>.debug_info</name>
         <load_address>0xd8d</load_address>
         <run_address>0xd8d</run_address>
         <size>0x6bd</size>
         <input_file_ref idref="fl-2"/>
      </object_component>
      <object_component id="oc-25c">
         <name>.debug_info</name>
         <load_address>0x144a</load_address>
         <run_address>0x144a</run_address>
         <size>0x165</size>
         <input_file_ref idref="fl-2"/>
      </object_component>
      <object_component id="oc-1a4">
         <name>.debug_info</name>
         <load_address>0x15af</load_address>
         <run_address>0x15af</run_address>
         <size>0x8b</size>
         <input_file_ref idref="fl-2"/>
      </object_component>
      <object_component id="oc-253">
         <name>.debug_info</name>
         <load_address>0x163a</load_address>
         <run_address>0x163a</run_address>
         <size>0x297</size>
         <input_file_ref idref="fl-2"/>
      </object_component>
      <object_component id="oc-f3">
         <name>.debug_info</name>
         <load_address>0x18d1</load_address>
         <run_address>0x18d1</run_address>
         <size>0xbb</size>
         <input_file_ref idref="fl-2"/>
      </object_component>
      <object_component id="oc-248">
         <name>.debug_info</name>
         <load_address>0x198c</load_address>
         <run_address>0x198c</run_address>
         <size>0x2c</size>
         <input_file_ref idref="fl-2"/>
      </object_component>
      <object_component id="oc-44">
         <name>.debug_info</name>
         <load_address>0x19b8</load_address>
         <run_address>0x19b8</run_address>
         <size>0x3b5</size>
         <input_file_ref idref="fl-3"/>
      </object_component>
      <object_component id="oc-10">
         <name>.debug_info</name>
         <load_address>0x1d6d</load_address>
         <run_address>0x1d6d</run_address>
         <size>0xe4</size>
         <input_file_ref idref="fl-3"/>
      </object_component>
      <object_component id="oc-27">
         <name>.debug_info</name>
         <load_address>0x1e51</load_address>
         <run_address>0x1e51</run_address>
         <size>0x260</size>
         <input_file_ref idref="fl-3"/>
      </object_component>
      <object_component id="oc-4b">
         <name>.debug_info</name>
         <load_address>0x20b1</load_address>
         <run_address>0x20b1</run_address>
         <size>0x84</size>
         <input_file_ref idref="fl-3"/>
      </object_component>
      <object_component id="oc-28e">
         <name>.debug_info</name>
         <load_address>0x2135</load_address>
         <run_address>0x2135</run_address>
         <size>0x36a</size>
         <input_file_ref idref="fl-4"/>
      </object_component>
      <object_component id="oc-288">
         <name>.debug_info</name>
         <load_address>0x249f</load_address>
         <run_address>0x249f</run_address>
         <size>0xca</size>
         <input_file_ref idref="fl-4"/>
      </object_component>
      <object_component id="oc-285">
         <name>.debug_info</name>
         <load_address>0x2569</load_address>
         <run_address>0x2569</run_address>
         <size>0xcc</size>
         <input_file_ref idref="fl-4"/>
      </object_component>
      <object_component id="oc-28b">
         <name>.debug_info</name>
         <load_address>0x2635</load_address>
         <run_address>0x2635</run_address>
         <size>0xc8</size>
         <input_file_ref idref="fl-4"/>
      </object_component>
      <object_component id="oc-198">
         <name>.debug_info</name>
         <load_address>0x26fd</load_address>
         <run_address>0x26fd</run_address>
         <size>0x151b</size>
         <input_file_ref idref="fl-4"/>
      </object_component>
      <object_component id="oc-ef">
         <name>.debug_info</name>
         <load_address>0x3c18</load_address>
         <run_address>0x3c18</run_address>
         <size>0x57a</size>
         <input_file_ref idref="fl-5"/>
      </object_component>
      <object_component id="oc-12e">
         <name>.debug_info</name>
         <load_address>0x4192</load_address>
         <run_address>0x4192</run_address>
         <size>0x10f</size>
         <input_file_ref idref="fl-5"/>
      </object_component>
      <object_component id="oc-dc">
         <name>.debug_info</name>
         <load_address>0x42a1</load_address>
         <run_address>0x42a1</run_address>
         <size>0xa2a</size>
         <input_file_ref idref="fl-5"/>
      </object_component>
      <object_component id="oc-fc">
         <name>.debug_info</name>
         <load_address>0x4ccb</load_address>
         <run_address>0x4ccb</run_address>
         <size>0x540</size>
         <input_file_ref idref="fl-6"/>
      </object_component>
      <object_component id="oc-f9">
         <name>.debug_info</name>
         <load_address>0x520b</load_address>
         <run_address>0x520b</run_address>
         <size>0x20e</size>
         <input_file_ref idref="fl-6"/>
      </object_component>
      <object_component id="oc-32">
         <name>.debug_info</name>
         <load_address>0x5419</load_address>
         <run_address>0x5419</run_address>
         <size>0x5bb</size>
         <input_file_ref idref="fl-6"/>
      </object_component>
      <object_component id="oc-163">
         <name>.debug_info</name>
         <load_address>0x59d4</load_address>
         <run_address>0x59d4</run_address>
         <size>0x1bd</size>
         <input_file_ref idref="fl-7"/>
      </object_component>
      <object_component id="oc-37">
         <name>.debug_info</name>
         <load_address>0x5b91</load_address>
         <run_address>0x5b91</run_address>
         <size>0x521</size>
         <input_file_ref idref="fl-7"/>
      </object_component>
      <object_component id="oc-2ac">
         <name>.debug_info</name>
         <load_address>0x60b2</load_address>
         <run_address>0x60b2</run_address>
         <size>0x7c7</size>
         <input_file_ref idref="fl-9"/>
      </object_component>
      <object_component id="oc-157">
         <name>.debug_info</name>
         <load_address>0x6879</load_address>
         <run_address>0x6879</run_address>
         <size>0x204</size>
         <input_file_ref idref="fl-a"/>
      </object_component>
      <object_component id="oc-19d">
         <name>.debug_info</name>
         <load_address>0x6a7d</load_address>
         <run_address>0x6a7d</run_address>
         <size>0x7bb</size>
         <input_file_ref idref="fl-b"/>
      </object_component>
      <object_component id="oc-1a1">
         <name>.debug_info</name>
         <load_address>0x7238</load_address>
         <run_address>0x7238</run_address>
         <size>0xcd</size>
         <input_file_ref idref="fl-b"/>
      </object_component>
      <object_component id="oc-3d">
         <name>.debug_info</name>
         <load_address>0x7305</load_address>
         <run_address>0x7305</run_address>
         <size>0x44b</size>
         <input_file_ref idref="fl-b"/>
      </object_component>
      <object_component id="oc-e8">
         <name>.debug_info</name>
         <load_address>0x7750</load_address>
         <run_address>0x7750</run_address>
         <size>0x773</size>
         <input_file_ref idref="fl-c"/>
      </object_component>
      <object_component id="oc-e5">
         <name>.debug_info</name>
         <load_address>0x7ec3</load_address>
         <run_address>0x7ec3</run_address>
         <size>0x187</size>
         <input_file_ref idref="fl-c"/>
      </object_component>
      <object_component id="oc-2b">
         <name>.debug_info</name>
         <load_address>0x804a</load_address>
         <run_address>0x804a</run_address>
         <size>0xda9</size>
         <input_file_ref idref="fl-c"/>
      </object_component>
      <object_component id="oc-247">
         <name>.debug_info</name>
         <load_address>0x8df3</load_address>
         <run_address>0x8df3</run_address>
         <size>0x3de</size>
         <input_file_ref idref="fl-d"/>
      </object_component>
      <object_component id="oc-239">
         <name>.debug_info</name>
         <load_address>0x91d1</load_address>
         <run_address>0x91d1</run_address>
         <size>0xd5</size>
         <input_file_ref idref="fl-d"/>
      </object_component>
      <object_component id="oc-244">
         <name>.debug_info</name>
         <load_address>0x92a6</load_address>
         <run_address>0x92a6</run_address>
         <size>0xcf</size>
         <input_file_ref idref="fl-d"/>
      </object_component>
      <object_component id="oc-23c">
         <name>.debug_info</name>
         <load_address>0x9375</load_address>
         <run_address>0x9375</run_address>
         <size>0xdd</size>
         <input_file_ref idref="fl-d"/>
      </object_component>
      <object_component id="oc-236">
         <name>.debug_info</name>
         <load_address>0x9452</load_address>
         <run_address>0x9452</run_address>
         <size>0xe1</size>
         <input_file_ref idref="fl-d"/>
      </object_component>
      <object_component id="oc-e1">
         <name>.debug_info</name>
         <load_address>0x9533</load_address>
         <run_address>0x9533</run_address>
         <size>0x7ba</size>
         <input_file_ref idref="fl-d"/>
      </object_component>
      <object_component id="oc-2b7">
         <name>.debug_info</name>
         <load_address>0x9ced</load_address>
         <run_address>0x9ced</run_address>
         <size>0x225</size>
         <input_file_ref idref="fl-13"/>
      </object_component>
      <object_component id="oc-2b1">
         <name>.debug_info</name>
         <load_address>0x9f12</load_address>
         <run_address>0x9f12</run_address>
         <size>0x20d</size>
         <input_file_ref idref="fl-13"/>
      </object_component>
      <object_component id="oc-1e4">
         <name>.debug_info</name>
         <load_address>0xa11f</load_address>
         <run_address>0xa11f</run_address>
         <size>0x18b</size>
         <input_file_ref idref="fl-13"/>
      </object_component>
      <object_component id="oc-1fb">
         <name>.debug_info</name>
         <load_address>0xa2aa</load_address>
         <run_address>0xa2aa</run_address>
         <size>0x240</size>
         <input_file_ref idref="fl-14"/>
      </object_component>
      <object_component id="oc-1f8">
         <name>.debug_info</name>
         <load_address>0xa4ea</load_address>
         <run_address>0xa4ea</run_address>
         <size>0x15b</size>
         <input_file_ref idref="fl-14"/>
      </object_component>
      <object_component id="oc-d4">
         <name>.debug_info</name>
         <load_address>0xa645</load_address>
         <run_address>0xa645</run_address>
         <size>0x2a3</size>
         <input_file_ref idref="fl-14"/>
      </object_component>
      <object_component id="oc-1ff">
         <name>.debug_info</name>
         <load_address>0xa8e8</load_address>
         <run_address>0xa8e8</run_address>
         <size>0x2b3</size>
         <input_file_ref idref="fl-14"/>
      </object_component>
      <object_component id="oc-16f">
         <name>.debug_info</name>
         <load_address>0xab9b</load_address>
         <run_address>0xab9b</run_address>
         <size>0x316</size>
         <input_file_ref idref="fl-14"/>
      </object_component>
      <object_component id="oc-b6">
         <name>.debug_info</name>
         <load_address>0xaeb1</load_address>
         <run_address>0xaeb1</run_address>
         <size>0x27b</size>
         <input_file_ref idref="fl-14"/>
      </object_component>
      <object_component id="oc-343">
         <name>.debug_info</name>
         <load_address>0xb12c</load_address>
         <run_address>0xb12c</run_address>
         <size>0x279</size>
         <input_file_ref idref="fl-14"/>
      </object_component>
      <object_component id="oc-281">
         <name>.debug_info</name>
         <load_address>0xb3a5</load_address>
         <run_address>0xb3a5</run_address>
         <size>0x2b7</size>
         <input_file_ref idref="fl-14"/>
      </object_component>
      <object_component id="oc-169">
         <name>.debug_info</name>
         <load_address>0xb65c</load_address>
         <run_address>0xb65c</run_address>
         <size>0x285</size>
         <input_file_ref idref="fl-14"/>
      </object_component>
      <object_component id="oc-181">
         <name>.debug_info</name>
         <load_address>0xb8e1</load_address>
         <run_address>0xb8e1</run_address>
         <size>0x27b</size>
         <input_file_ref idref="fl-14"/>
      </object_component>
      <object_component id="oc-b0">
         <name>.debug_info</name>
         <load_address>0xbb5c</load_address>
         <run_address>0xbb5c</run_address>
         <size>0x280</size>
         <input_file_ref idref="fl-14"/>
      </object_component>
      <object_component id="oc-17c">
         <name>.debug_info</name>
         <load_address>0xbddc</load_address>
         <run_address>0xbddc</run_address>
         <size>0x2bb</size>
         <input_file_ref idref="fl-14"/>
      </object_component>
      <object_component id="oc-188">
         <name>.debug_info</name>
         <load_address>0xc097</load_address>
         <run_address>0xc097</run_address>
         <size>0x27f</size>
         <input_file_ref idref="fl-14"/>
      </object_component>
      <object_component id="oc-176">
         <name>.debug_info</name>
         <load_address>0xc316</load_address>
         <run_address>0xc316</run_address>
         <size>0x28f</size>
         <input_file_ref idref="fl-14"/>
      </object_component>
      <object_component id="oc-194">
         <name>.debug_info</name>
         <load_address>0xc5a5</load_address>
         <run_address>0xc5a5</run_address>
         <size>0x291</size>
         <input_file_ref idref="fl-14"/>
      </object_component>
      <object_component id="oc-18e">
         <name>.debug_info</name>
         <load_address>0xc836</load_address>
         <run_address>0xc836</run_address>
         <size>0x28d</size>
         <input_file_ref idref="fl-14"/>
      </object_component>
      <object_component id="oc-218">
         <name>.debug_info</name>
         <load_address>0xcac3</load_address>
         <run_address>0xcac3</run_address>
         <size>0x20e</size>
         <input_file_ref idref="fl-15"/>
      </object_component>
      <object_component id="oc-215">
         <name>.debug_info</name>
         <load_address>0xccd1</load_address>
         <run_address>0xccd1</run_address>
         <size>0x210</size>
         <input_file_ref idref="fl-15"/>
      </object_component>
      <object_component id="oc-aa">
         <name>.debug_info</name>
         <load_address>0xcee1</load_address>
         <run_address>0xcee1</run_address>
         <size>0x23e</size>
         <input_file_ref idref="fl-15"/>
      </object_component>
      <object_component id="oc-c8">
         <name>.debug_info</name>
         <load_address>0xd11f</load_address>
         <run_address>0xd11f</run_address>
         <size>0x268</size>
         <input_file_ref idref="fl-15"/>
      </object_component>
      <object_component id="oc-146">
         <name>.debug_info</name>
         <load_address>0xd387</load_address>
         <run_address>0xd387</run_address>
         <size>0x26a</size>
         <input_file_ref idref="fl-15"/>
      </object_component>
      <object_component id="oc-38c">
         <name>.debug_info</name>
         <load_address>0xd5f1</load_address>
         <run_address>0xd5f1</run_address>
         <size>0x1ed</size>
         <input_file_ref idref="fl-16"/>
      </object_component>
      <object_component id="oc-353">
         <name>.debug_info</name>
         <load_address>0xd7de</load_address>
         <run_address>0xd7de</run_address>
         <size>0x2f6</size>
         <input_file_ref idref="fl-16"/>
      </object_component>
      <object_component id="oc-359">
         <name>.debug_info</name>
         <load_address>0xdad4</load_address>
         <run_address>0xdad4</run_address>
         <size>0x2c4</size>
         <input_file_ref idref="fl-16"/>
      </object_component>
      <object_component id="oc-34d">
         <name>.debug_info</name>
         <load_address>0xdd98</load_address>
         <run_address>0xdd98</run_address>
         <size>0x2b6</size>
         <input_file_ref idref="fl-16"/>
      </object_component>
      <object_component id="oc-35f">
         <name>.debug_info</name>
         <load_address>0xe04e</load_address>
         <run_address>0xe04e</run_address>
         <size>0x276</size>
         <input_file_ref idref="fl-16"/>
      </object_component>
      <object_component id="oc-347">
         <name>.debug_info</name>
         <load_address>0xe2c4</load_address>
         <run_address>0xe2c4</run_address>
         <size>0x2b3</size>
         <input_file_ref idref="fl-16"/>
      </object_component>
      <object_component id="oc-1ef">
         <name>.debug_info</name>
         <load_address>0xe577</load_address>
         <run_address>0xe577</run_address>
         <size>0x298</size>
         <input_file_ref idref="fl-17"/>
      </object_component>
      <object_component id="oc-204">
         <name>.debug_info</name>
         <load_address>0xe80f</load_address>
         <run_address>0xe80f</run_address>
         <size>0x14d</size>
         <input_file_ref idref="fl-17"/>
      </object_component>
      <object_component id="oc-224">
         <name>.debug_info</name>
         <load_address>0xe95c</load_address>
         <run_address>0xe95c</run_address>
         <size>0x283</size>
         <input_file_ref idref="fl-17"/>
      </object_component>
      <object_component id="oc-a2">
         <name>.debug_info</name>
         <load_address>0xebdf</load_address>
         <run_address>0xebdf</run_address>
         <size>0x27d</size>
         <input_file_ref idref="fl-17"/>
      </object_component>
      <object_component id="oc-33b">
         <name>.debug_info</name>
         <load_address>0xee5c</load_address>
         <run_address>0xee5c</run_address>
         <size>0x263</size>
         <input_file_ref idref="fl-17"/>
      </object_component>
      <object_component id="oc-2be">
         <name>.debug_info</name>
         <load_address>0xf0bf</load_address>
         <run_address>0xf0bf</run_address>
         <size>0x2db</size>
         <input_file_ref idref="fl-17"/>
      </object_component>
      <object_component id="oc-bb">
         <name>.debug_info</name>
         <load_address>0xf39a</load_address>
         <run_address>0xf39a</run_address>
         <size>0x2b5</size>
         <input_file_ref idref="fl-17"/>
      </object_component>
      <object_component id="oc-305">
         <name>.debug_info</name>
         <load_address>0xf64f</load_address>
         <run_address>0xf64f</run_address>
         <size>0x5f</size>
         <input_file_ref idref="fl-17"/>
      </object_component>
      <object_component id="oc-262">
         <name>.debug_info</name>
         <load_address>0xf6ae</load_address>
         <run_address>0xf6ae</run_address>
         <size>0x223</size>
         <input_file_ref idref="fl-18"/>
      </object_component>
      <object_component id="oc-13f">
         <name>.debug_info</name>
         <load_address>0xf8d1</load_address>
         <run_address>0xf8d1</run_address>
         <size>0x2ba</size>
         <input_file_ref idref="fl-18"/>
      </object_component>
      <object_component id="oc-151">
         <name>.debug_info</name>
         <load_address>0xfb8b</load_address>
         <run_address>0xfb8b</run_address>
         <size>0x284</size>
         <input_file_ref idref="fl-18"/>
      </object_component>
      <object_component id="oc-132">
         <name>.debug_info</name>
         <load_address>0xfe0f</load_address>
         <run_address>0xfe0f</run_address>
         <size>0x294</size>
         <input_file_ref idref="fl-18"/>
      </object_component>
      <object_component id="oc-10a">
         <name>.debug_info</name>
         <load_address>0x100a3</load_address>
         <run_address>0x100a3</run_address>
         <size>0x296</size>
         <input_file_ref idref="fl-18"/>
      </object_component>
      <object_component id="oc-104">
         <name>.debug_info</name>
         <load_address>0x10339</load_address>
         <run_address>0x10339</run_address>
         <size>0x292</size>
         <input_file_ref idref="fl-18"/>
      </object_component>
      <object_component id="oc-14b">
         <name>.debug_info</name>
         <load_address>0x105cb</load_address>
         <run_address>0x105cb</run_address>
         <size>0x27f</size>
         <input_file_ref idref="fl-18"/>
      </object_component>
      <object_component id="oc-15d">
         <name>.debug_info</name>
         <load_address>0x1084a</load_address>
         <run_address>0x1084a</run_address>
         <size>0x281</size>
         <input_file_ref idref="fl-18"/>
      </object_component>
      <object_component id="oc-139">
         <name>.debug_info</name>
         <load_address>0x10acb</load_address>
         <run_address>0x10acb</run_address>
         <size>0x28c</size>
         <input_file_ref idref="fl-18"/>
      </object_component>
      <object_component id="oc-1e9">
         <name>.debug_info</name>
         <load_address>0x10d57</load_address>
         <run_address>0x10d57</run_address>
         <size>0x227</size>
         <input_file_ref idref="fl-19"/>
      </object_component>
      <object_component id="oc-84">
         <name>.debug_info</name>
         <load_address>0x10f7e</load_address>
         <run_address>0x10f7e</run_address>
         <size>0x27f</size>
         <input_file_ref idref="fl-19"/>
      </object_component>
      <object_component id="oc-cc">
         <name>.debug_info</name>
         <load_address>0x111fd</load_address>
         <run_address>0x111fd</run_address>
         <size>0x28f</size>
         <input_file_ref idref="fl-19"/>
      </object_component>
      <object_component id="oc-8a">
         <name>.debug_info</name>
         <load_address>0x1148c</load_address>
         <run_address>0x1148c</run_address>
         <size>0x28d</size>
         <input_file_ref idref="fl-19"/>
      </object_component>
      <object_component id="oc-20e">
         <name>.debug_info</name>
         <load_address>0x11719</load_address>
         <run_address>0x11719</run_address>
         <size>0x247</size>
         <input_file_ref idref="fl-19"/>
      </object_component>
      <object_component id="oc-208">
         <name>.debug_info</name>
         <load_address>0x11960</load_address>
         <run_address>0x11960</run_address>
         <size>0x249</size>
         <input_file_ref idref="fl-19"/>
      </object_component>
      <object_component id="oc-c0">
         <name>.debug_info</name>
         <load_address>0x11ba9</load_address>
         <run_address>0x11ba9</run_address>
         <size>0x326</size>
         <input_file_ref idref="fl-19"/>
      </object_component>
      <object_component id="oc-96">
         <name>.debug_info</name>
         <load_address>0x11ecf</load_address>
         <run_address>0x11ecf</run_address>
         <size>0x253</size>
         <input_file_ref idref="fl-19"/>
      </object_component>
      <object_component id="oc-9c">
         <name>.debug_info</name>
         <load_address>0x12122</load_address>
         <run_address>0x12122</run_address>
         <size>0x28d</size>
         <input_file_ref idref="fl-19"/>
      </object_component>
      <object_component id="oc-22a">
         <name>.debug_info</name>
         <load_address>0x123af</load_address>
         <run_address>0x123af</run_address>
         <size>0x273</size>
         <input_file_ref idref="fl-19"/>
      </object_component>
      <object_component id="oc-90">
         <name>.debug_info</name>
         <load_address>0x12622</load_address>
         <run_address>0x12622</run_address>
         <size>0x263</size>
         <input_file_ref idref="fl-19"/>
      </object_component>
      <object_component id="oc-230">
         <name>.debug_info</name>
         <load_address>0x12885</load_address>
         <run_address>0x12885</run_address>
         <size>0x24d</size>
         <input_file_ref idref="fl-19"/>
      </object_component>
      <object_component id="oc-1f3">
         <name>.debug_info</name>
         <load_address>0x12ad2</load_address>
         <run_address>0x12ad2</run_address>
         <size>0x212</size>
         <input_file_ref idref="fl-1a"/>
      </object_component>
      <object_component id="oc-240">
         <name>.debug_info</name>
         <load_address>0x12ce4</load_address>
         <run_address>0x12ce4</run_address>
         <size>0x13a</size>
         <input_file_ref idref="fl-d0"/>
      </object_component>
      <object_component id="oc-12a">
         <name>.debug_info</name>
         <load_address>0x12e1e</load_address>
         <run_address>0x12e1e</run_address>
         <size>0x144</size>
         <input_file_ref idref="fl-d2"/>
      </object_component>
      <object_component id="oc-21d">
         <name>.debug_info</name>
         <load_address>0x12f62</load_address>
         <run_address>0x12f62</run_address>
         <size>0x122</size>
         <input_file_ref idref="fl-d3"/>
      </object_component>
      <object_component id="oc-116">
         <name>.debug_info</name>
         <load_address>0x13084</load_address>
         <run_address>0x13084</run_address>
         <size>0x132</size>
         <input_file_ref idref="fl-d4"/>
      </object_component>
      <object_component id="oc-121">
         <name>.debug_info</name>
         <load_address>0x131b6</load_address>
         <run_address>0x131b6</run_address>
         <size>0x132</size>
         <input_file_ref idref="fl-d5"/>
      </object_component>
      <object_component id="oc-125">
         <name>.debug_info</name>
         <load_address>0x132e8</load_address>
         <run_address>0x132e8</run_address>
         <size>0x126</size>
         <input_file_ref idref="fl-d6"/>
      </object_component>
      <object_component id="oc-110">
         <name>.debug_info</name>
         <load_address>0x1340e</load_address>
         <run_address>0x1340e</run_address>
         <size>0x124</size>
         <input_file_ref idref="fl-d7"/>
      </object_component>
      <object_component id="oc-11a">
         <name>.debug_info</name>
         <load_address>0x13532</load_address>
         <run_address>0x13532</run_address>
         <size>0x124</size>
         <input_file_ref idref="fl-d8"/>
      </object_component>
      <object_component id="oc-1c4">
         <name>.debug_info</name>
         <load_address>0x13656</load_address>
         <run_address>0x13656</run_address>
         <size>0x313</size>
         <input_file_ref idref="fl-d9"/>
      </object_component>
      <object_component id="oc-5e">
         <name>.debug_info</name>
         <load_address>0x13969</load_address>
         <run_address>0x13969</run_address>
         <size>0x1b4</size>
         <input_file_ref idref="fl-d9"/>
      </object_component>
      <object_component id="oc-1bf">
         <name>.debug_info</name>
         <load_address>0x13b1d</load_address>
         <run_address>0x13b1d</run_address>
         <size>0x46</size>
         <input_file_ref idref="fl-d9"/>
      </object_component>
      <object_component id="oc-2a1">
         <name>.debug_info</name>
         <load_address>0x13b63</load_address>
         <run_address>0x13b63</run_address>
         <size>0x2c</size>
         <input_file_ref idref="fl-d9"/>
      </object_component>
      <object_component id="oc-5b">
         <name>.debug_info</name>
         <load_address>0x13b8f</load_address>
         <run_address>0x13b8f</run_address>
         <size>0x29d</size>
         <input_file_ref idref="fl-da"/>
      </object_component>
      <object_component id="oc-1b">
         <name>.debug_info</name>
         <load_address>0x13e2c</load_address>
         <run_address>0x13e2c</run_address>
         <size>0x1df</size>
         <input_file_ref idref="fl-da"/>
      </object_component>
      <object_component id="oc-56">
         <name>.debug_info</name>
         <load_address>0x1400b</load_address>
         <run_address>0x1400b</run_address>
         <size>0x46</size>
         <input_file_ref idref="fl-da"/>
      </object_component>
      <object_component id="oc-1b7">
         <name>.debug_info</name>
         <load_address>0x14051</load_address>
         <run_address>0x14051</run_address>
         <size>0x2c</size>
         <input_file_ref idref="fl-da"/>
      </object_component>
      <object_component id="oc-1b5">
         <name>.debug_info</name>
         <load_address>0x1407d</load_address>
         <run_address>0x1407d</run_address>
         <size>0x293</size>
         <input_file_ref idref="fl-db"/>
      </object_component>
      <object_component id="oc-13">
         <name>.debug_info</name>
         <load_address>0x14310</load_address>
         <run_address>0x14310</run_address>
         <size>0x245</size>
         <input_file_ref idref="fl-db"/>
      </object_component>
      <object_component id="oc-46">
         <name>.debug_info</name>
         <load_address>0x14555</load_address>
         <run_address>0x14555</run_address>
         <size>0x60</size>
         <input_file_ref idref="fl-db"/>
      </object_component>
      <object_component id="oc-29a">
         <name>.debug_info</name>
         <load_address>0x145b5</load_address>
         <run_address>0x145b5</run_address>
         <size>0x46</size>
         <input_file_ref idref="fl-db"/>
      </object_component>
      <object_component id="oc-1b0">
         <name>.debug_info</name>
         <load_address>0x145fb</load_address>
         <run_address>0x145fb</run_address>
         <size>0x39</size>
         <input_file_ref idref="fl-db"/>
      </object_component>
      <object_component id="oc-22">
         <name>.debug_info</name>
         <load_address>0x14634</load_address>
         <run_address>0x14634</run_address>
         <size>0x100</size>
         <input_file_ref idref="fl-dc"/>
      </object_component>
      <object_component id="oc-70">
         <name>.debug_info</name>
         <load_address>0x14734</load_address>
         <run_address>0x14734</run_address>
         <size>0x1a4</size>
         <input_file_ref idref="fl-dc"/>
      </object_component>
      <object_component id="oc-2c4">
         <name>.debug_info</name>
         <load_address>0x148d8</load_address>
         <run_address>0x148d8</run_address>
         <size>0x117</size>
         <input_file_ref idref="fl-dd"/>
      </object_component>
      <object_component id="oc-323">
         <name>.debug_info</name>
         <load_address>0x149ef</load_address>
         <run_address>0x149ef</run_address>
         <size>0x10d</size>
         <input_file_ref idref="fl-e0"/>
      </object_component>
      <object_component id="oc-51">
         <name>.debug_info</name>
         <load_address>0x14afc</load_address>
         <run_address>0x14afc</run_address>
         <size>0x111</size>
         <input_file_ref idref="fl-e1"/>
      </object_component>
      <object_component id="oc-373">
         <name>.debug_info</name>
         <load_address>0x14c0d</load_address>
         <run_address>0x14c0d</run_address>
         <size>0x547</size>
         <input_file_ref idref="fl-e2"/>
      </object_component>
      <object_component id="oc-2d0">
         <name>.debug_info</name>
         <load_address>0x15154</load_address>
         <run_address>0x15154</run_address>
         <size>0x19b</size>
         <input_file_ref idref="fl-e2"/>
      </object_component>
      <object_component id="oc-3a1">
         <name>.debug_info</name>
         <load_address>0x152ef</load_address>
         <run_address>0x152ef</run_address>
         <size>0x39</size>
         <input_file_ref idref="fl-e2"/>
      </object_component>
      <object_component id="oc-3b7">
         <name>.debug_info</name>
         <load_address>0x15328</load_address>
         <run_address>0x15328</run_address>
         <size>0x39</size>
         <input_file_ref idref="fl-e2"/>
      </object_component>
      <object_component id="oc-3a6">
         <name>.debug_info</name>
         <load_address>0x15361</load_address>
         <run_address>0x15361</run_address>
         <size>0x39</size>
         <input_file_ref idref="fl-e2"/>
      </object_component>
      <object_component id="oc-3ab">
         <name>.debug_info</name>
         <load_address>0x1539a</load_address>
         <run_address>0x1539a</run_address>
         <size>0xcd</size>
         <input_file_ref idref="fl-e2"/>
      </object_component>
      <object_component id="oc-1cc">
         <name>.debug_info</name>
         <load_address>0x15467</load_address>
         <run_address>0x15467</run_address>
         <size>0x148</size>
         <input_file_ref idref="fl-e3"/>
      </object_component>
      <object_component id="oc-3ef">
         <name>.debug_info</name>
         <load_address>0x155af</load_address>
         <run_address>0x155af</run_address>
         <size>0x9a</size>
      </object_component>
      <object_component id="oc-339">
         <name>.debug_line</name>
         <load_address>0x0</load_address>
         <run_address>0x0</run_address>
         <size>0x1f9</size>
         <input_file_ref idref="fl-2"/>
      </object_component>
      <object_component id="oc-1d5">
         <name>.debug_line</name>
         <load_address>0x1f9</load_address>
         <run_address>0x1f9</run_address>
         <size>0x89</size>
         <input_file_ref idref="fl-2"/>
      </object_component>
      <object_component id="oc-1ae">
         <name>.debug_line</name>
         <load_address>0x282</load_address>
         <run_address>0x282</run_address>
         <size>0x7a</size>
         <input_file_ref idref="fl-2"/>
      </object_component>
      <object_component id="oc-294">
         <name>.debug_line</name>
         <load_address>0x2fc</load_address>
         <run_address>0x2fc</run_address>
         <size>0x53</size>
         <input_file_ref idref="fl-2"/>
      </object_component>
      <object_component id="oc-25f">
         <name>.debug_line</name>
         <load_address>0x34f</load_address>
         <run_address>0x34f</run_address>
         <size>0x53</size>
         <input_file_ref idref="fl-2"/>
      </object_component>
      <object_component id="oc-1a7">
         <name>.debug_line</name>
         <load_address>0x3a2</load_address>
         <run_address>0x3a2</run_address>
         <size>0x20</size>
         <input_file_ref idref="fl-2"/>
      </object_component>
      <object_component id="oc-256">
         <name>.debug_line</name>
         <load_address>0x3c2</load_address>
         <run_address>0x3c2</run_address>
         <size>0x7e</size>
         <input_file_ref idref="fl-2"/>
      </object_component>
      <object_component id="oc-f6">
         <name>.debug_line</name>
         <load_address>0x440</load_address>
         <run_address>0x440</run_address>
         <size>0x7b</size>
         <input_file_ref idref="fl-2"/>
      </object_component>
      <object_component id="oc-24b">
         <name>.debug_line</name>
         <load_address>0x4bb</load_address>
         <run_address>0x4bb</run_address>
         <size>0x76</size>
         <input_file_ref idref="fl-2"/>
      </object_component>
      <object_component id="oc-1aa">
         <name>.debug_line</name>
         <load_address>0x531</load_address>
         <run_address>0x531</run_address>
         <size>0x41</size>
         <input_file_ref idref="fl-3"/>
      </object_component>
      <object_component id="oc-43">
         <name>.debug_line</name>
         <load_address>0x572</load_address>
         <run_address>0x572</run_address>
         <size>0x41</size>
         <input_file_ref idref="fl-3"/>
      </object_component>
      <object_component id="oc-26">
         <name>.debug_line</name>
         <load_address>0x5b3</load_address>
         <run_address>0x5b3</run_address>
         <size>0xa1</size>
         <input_file_ref idref="fl-3"/>
      </object_component>
      <object_component id="oc-4e">
         <name>.debug_line</name>
         <load_address>0x654</load_address>
         <run_address>0x654</run_address>
         <size>0x20</size>
         <input_file_ref idref="fl-3"/>
      </object_component>
      <object_component id="oc-337">
         <name>.debug_line</name>
         <load_address>0x674</load_address>
         <run_address>0x674</run_address>
         <size>0x8e</size>
         <input_file_ref idref="fl-4"/>
      </object_component>
      <object_component id="oc-333">
         <name>.debug_line</name>
         <load_address>0x702</load_address>
         <run_address>0x702</run_address>
         <size>0x5e</size>
         <input_file_ref idref="fl-4"/>
      </object_component>
      <object_component id="oc-331">
         <name>.debug_line</name>
         <load_address>0x760</load_address>
         <run_address>0x760</run_address>
         <size>0x5e</size>
         <input_file_ref idref="fl-4"/>
      </object_component>
      <object_component id="oc-335">
         <name>.debug_line</name>
         <load_address>0x7be</load_address>
         <run_address>0x7be</run_address>
         <size>0x5e</size>
         <input_file_ref idref="fl-4"/>
      </object_component>
      <object_component id="oc-19b">
         <name>.debug_line</name>
         <load_address>0x81c</load_address>
         <run_address>0x81c</run_address>
         <size>0x419</size>
         <input_file_ref idref="fl-4"/>
      </object_component>
      <object_component id="oc-252">
         <name>.debug_line</name>
         <load_address>0xc35</load_address>
         <run_address>0xc35</run_address>
         <size>0x14b</size>
         <input_file_ref idref="fl-5"/>
      </object_component>
      <object_component id="oc-26b">
         <name>.debug_line</name>
         <load_address>0xd80</load_address>
         <run_address>0xd80</run_address>
         <size>0x38</size>
         <input_file_ref idref="fl-5"/>
      </object_component>
      <object_component id="oc-d9">
         <name>.debug_line</name>
         <load_address>0xdb8</load_address>
         <run_address>0xdb8</run_address>
         <size>0x250</size>
         <input_file_ref idref="fl-5"/>
      </object_component>
      <object_component id="oc-25b">
         <name>.debug_line</name>
         <load_address>0x1008</load_address>
         <run_address>0x1008</run_address>
         <size>0x113</size>
         <input_file_ref idref="fl-6"/>
      </object_component>
      <object_component id="oc-259">
         <name>.debug_line</name>
         <load_address>0x111b</load_address>
         <run_address>0x111b</run_address>
         <size>0x30</size>
         <input_file_ref idref="fl-6"/>
      </object_component>
      <object_component id="oc-34">
         <name>.debug_line</name>
         <load_address>0x114b</load_address>
         <run_address>0x114b</run_address>
[...]
      </symbol>
      <symbol id="sm-25b">
         <name>Counter</name>
         <value>0x20000384</value>
         <object_component_ref idref="oc-162"/>
      </symbol>
      <symbol id="sm-25c">
         <name>m</name>
         <value>0x2000039c</value>
         <object_component_ref idref="oc-162"/>
      </symbol>
      <symbol id="sm-25d">
         <name>l</name>
         <value>0x2000039d</value>
         <object_component_ref idref="oc-162"/>
      </symbol>
      <symbol id="sm-25e">
         <name>k</name>
         <value>0x20000394</value>
         <object_component_ref idref="oc-162"/>
      </symbol>
      <symbol id="sm-25f">
         <name>Timer0_Config</name>
         <value>0x283d</value>
         <object_component_ref idref="oc-36"/>
      </symbol>
      <symbol id="sm-260">
         <name>Time_Flag</name>
         <value>0x20000380</value>
         <object_component_ref idref="oc-162"/>
      </symbol>
      <symbol id="sm-261">
         <name>Beep_Fre</name>
         <value>0x20000390</value>
         <object_component_ref idref="oc-162"/>
      </symbol>
      <symbol id="sm-262">
         <name>Timer2_Config</name>
         <value>0x28b9</value>
         <object_component_ref idref="oc-36"/>
      </symbol>
      <symbol id="sm-263">
         <name>Timer2IntHandler</name>
         <value>0x28ef</value>
         <object_component_ref idref="oc-36"/>
      </symbol>
      <symbol id="sm-264">
         <name>Timer0IntHandler</name>
         <value>0x286d</value>
         <object_component_ref idref="oc-36"/>
      </symbol>
      <symbol id="sm-285">
         <name>LED_ColorInit</name>
         <value>0x2231</value>
         <object_component_ref idref="oc-2aa"/>
      </symbol>
      <symbol id="sm-286">
         <name>LED_Color</name>
         <value>0x22d1</value>
         <object_component_ref idref="oc-2aa"/>
      </symbol>
      <symbol id="sm-287">
         <name>LED_Config</name>
         <value>0x231b</value>
         <object_component_ref idref="oc-2aa"/>
      </symbol>
      <symbol id="sm-288">
         <name>Led_Twinkle</name>
         <value>0x246d</value>
         <object_component_ref idref="oc-2aa"/>
      </symbol>
      <symbol id="sm-289">
         <name>LED_Set</name>
         <value>0x2337</value>
         <object_component_ref idref="oc-2aa"/>
      </symbol>
      <symbol id="sm-296">
         <name>Delay_ms</name>
         <value>0x3451</value>
         <object_component_ref idref="oc-156"/>
      </symbol>
      <symbol id="sm-297">
         <name>Delay_us</name>
         <value>0x346f</value>
         <object_component_ref idref="oc-156"/>
      </symbol>
      <symbol id="sm-2c5">
         <name>ReadPin0</name>
         <value>0x200004c8</value>
      </symbol>
      <symbol id="sm-2c6">
         <name>ReadPin4</name>
         <value>0x200004cc</value>
      </symbol>
      <symbol id="sm-2c7">
         <name>Key_Configure</name>
         <value>0x24cd</value>
         <object_component_ref idref="oc-3c"/>
      </symbol>
      <symbol id="sm-2c8">
         <name>Key_Interrupt</name>
         <value>0x24fb</value>
         <object_component_ref idref="oc-3c"/>
      </symbol>
      <symbol id="sm-2c9">
         <name>KeyPress4</name>
         <value>0x200003c0</value>
         <object_component_ref idref="oc-1a0"/>
      </symbol>
      <symbol id="sm-2ca">
         <name>Key_Scan</name>
         <value>0x251b</value>
         <object_component_ref idref="oc-3c"/>
      </symbol>
      <symbol id="sm-2cb">
         <name>Int_Handler_GPIOF</name>
         <value>0x25cb</value>
         <object_component_ref idref="oc-3c"/>
      </symbol>
      <symbol id="sm-339">
         <name>ReciveData_UART0</name>
         <value>0x20000470</value>
      </symbol>
      <symbol id="sm-33a">
         <name>Distance_Laser</name>
         <value>0x200004c0</value>
      </symbol>
      <symbol id="sm-33b">
         <name>ReciveData_UART1</name>
         <value>0x20000480</value>
      </symbol>
      <symbol id="sm-33c">
         <name>ReciveData_UART2</name>
         <value>0x20000490</value>
      </symbol>
      <symbol id="sm-33d">
         <name>ReciveData_UART3</name>
         <value>0x200004a0</value>
      </symbol>
      <symbol id="sm-33e">
         <name>UART1IntHandler</name>
         <value>0x19af</value>
         <object_component_ref idref="oc-2a"/>
      </symbol>
      <symbol id="sm-33f">
         <name>UART3IntHandler</name>
         <value>0x1bc9</value>
         <object_component_ref idref="oc-2a"/>
      </symbol>
      <symbol id="sm-340">
         <name>UART2IntHandler</name>
         <value>0x1adf</value>
         <object_component_ref idref="oc-2a"/>
      </symbol>
      <symbol id="sm-341">
         <name>Uart1Iint</name>
         <value>0x1a8d</value>
         <object_component_ref idref="oc-2a"/>
      </symbol>
      <symbol id="sm-342">
         <name>UART3Iint</name>
         <value>0x1c7d</value>
         <object_component_ref idref="oc-2a"/>
      </symbol>
      <symbol id="sm-343">
         <name>Uart0Iint</name>
         <value>0x195b</value>
         <object_component_ref idref="oc-2a"/>
      </symbol>
      <symbol id="sm-344">
         <name>UART1Send</name>
         <value>0x1a65</value>
         <object_component_ref idref="oc-2a"/>
      </symbol>
      <symbol id="sm-345">
         <name>UART2Iint</name>
         <value>0x1b4d</value>
         <object_component_ref idref="oc-2a"/>
      </symbol>
      <symbol id="sm-346">
         <name>UART0Send</name>
         <value>0x1933</value>
         <object_component_ref idref="oc-2a"/>
      </symbol>
      <symbol id="sm-347">
         <name>ReciveData_i_UART3</name>
         <value>0x200003c7</value>
         <object_component_ref idref="oc-e4"/>
      </symbol>
      <symbol id="sm-348">
         <name>ReciveData_i_UART2</name>
         <value>0x200003c6</value>
         <object_component_ref idref="oc-e4"/>
      </symbol>
      <symbol id="sm-349">
         <name>ReciveData_i_UART1</name>
         <value>0x200003c5</value>
         <object_component_ref idref="oc-e4"/>
      </symbol>
      <symbol id="sm-34a">
         <name>ReciveData_i_UART0</name>
         <value>0x200003c4</value>
         <object_component_ref idref="oc-e4"/>
      </symbol>
      <symbol id="sm-34b">
         <name>UARTIntHandler</name>
         <value>0x18d5</value>
         <object_component_ref idref="oc-2a"/>
      </symbol>
      <symbol id="sm-34c">
         <name>UART3Send</name>
         <value>0x1c31</value>
         <object_component_ref idref="oc-2a"/>
      </symbol>
      <symbol id="sm-34d">
         <name>UART2Send</name>
         <value>0x1b1d</value>
         <object_component_ref idref="oc-2a"/>
      </symbol>
      <symbol id="sm-3bc">
         <name>UARTgetc</name>
         <value>0x1edb</value>
         <object_component_ref idref="oc-de"/>
      </symbol>
      <symbol id="sm-3bd">
         <name>UARTgets</name>
         <value>0x1e21</value>
         <object_component_ref idref="oc-de"/>
      </symbol>
      <symbol id="sm-3be">
         <name>UARTStdioConfig</name>
         <value>0x1d95</value>
         <object_component_ref idref="oc-de"/>
      </symbol>
      <symbol id="sm-3bf">
         <name>UARTwrite</name>
         <value>0x1ddb</value>
         <object_component_ref idref="oc-de"/>
      </symbol>
      <symbol id="sm-3c0">
         <name>UARTprintf</name>
         <value>0x21fb</value>
         <object_component_ref idref="oc-de"/>
      </symbol>
      <symbol id="sm-3c1">
         <name>UARTvprintf</name>
         <value>0x1f01</value>
         <object_component_ref idref="oc-de"/>
      </symbol>
      <symbol id="sm-3dc">
         <name>FPULazyStackingEnable</name>
         <value>0x373d</value>
         <object_component_ref idref="oc-2b6"/>
      </symbol>
      <symbol id="sm-3dd">
         <name>FPUEnable</name>
         <value>0x372d</value>
         <object_component_ref idref="oc-2b0"/>
      </symbol>
      <symbol id="sm-45f">
         <name>GPIOPinTypePWM</name>
         <value>0x36d3</value>
         <object_component_ref idref="oc-340"/>
      </symbol>
      <symbol id="sm-460">
         <name>GPIOPinConfigure</name>
         <value>0x3335</value>
         <object_component_ref idref="oc-ad"/>
      </symbol>
      <symbol id="sm-461">
         <name>GPIOIntDisable</name>
         <value>0x376d</value>
         <object_component_ref idref="oc-190"/>
      </symbol>
      <symbol id="sm-462">
         <name>GPIOIntEnable</name>
         <value>0x37db</value>
         <object_component_ref idref="oc-172"/>
      </symbol>
      <symbol id="sm-463">
         <name>GPIOIntTypeSet</name>
         <value>0x32dd</value>
         <object_component_ref idref="oc-178"/>
      </symbol>
      <symbol id="sm-464">
         <name>GPIOPinTypeGPIOInput</name>
         <value>0x36c1</value>
         <object_component_ref idref="oc-166"/>
      </symbol>
      <symbol id="sm-465">
         <name>GPIOIntClear</name>
         <value>0x3841</value>
         <object_component_ref idref="oc-18a"/>
      </symbol>
      <symbol id="sm-466">
         <name>GPIOPinTypeUART</name>
         <value>0x36e5</value>
         <object_component_ref idref="oc-b3"/>
      </symbol>
      <symbol id="sm-467">
         <name>GPIOIntStatus</name>
         <value>0x377b</value>
         <object_component_ref idref="oc-184"/>
      </symbol>
      <symbol id="sm-468">
         <name>GPIOPinTypeGPIOOutput</name>
         <value>0x3667</value>
         <object_component_ref idref="oc-27e"/>
      </symbol>
      <symbol id="sm-469">
         <name>GPIOPinRead</name>
         <value>0x3847</value>
         <object_component_ref idref="oc-17e"/>
      </symbol>
      <symbol id="sm-46a">
         <name>GPIODirModeSet</name>
         <value>0x35db</value>
         <object_component_ref idref="oc-1fc"/>
      </symbol>
      <symbol id="sm-46b">
         <name>GPIOPinWrite</name>
         <value>0x384d</value>
         <object_component_ref idref="oc-d1"/>
      </symbol>
      <symbol id="sm-46c">
         <name>GPIOPadConfigSet</name>
         <value>0x2b03</value>
         <object_component_ref idref="oc-16c"/>
      </symbol>
      <symbol id="sm-4af">
         <name>IntEnable</name>
         <value>0x31ad</value>
         <object_component_ref idref="oc-c5"/>
      </symbol>
      <symbol id="sm-4b0">
         <name>IntDisable</name>
         <value>0x3145</value>
         <object_component_ref idref="oc-144"/>
      </symbol>
      <symbol id="sm-4b1">
         <name>IntMasterEnable</name>
         <value>0x374d</value>
         <object_component_ref idref="oc-a7"/>
      </symbol>
      <symbol id="sm-4de">
         <name>PWMGenPeriodSet</name>
         <value>0x375d</value>
         <object_component_ref idref="oc-34c"/>
      </symbol>
      <symbol id="sm-4df">
         <name>PWMPulseWidthSet</name>
         <value>0x3649</value>
         <object_component_ref idref="oc-352"/>
      </symbol>
      <symbol id="sm-4e0">
         <name>PWMOutputState</name>
         <value>0x36f7</value>
         <object_component_ref idref="oc-358"/>
      </symbol>
      <symbol id="sm-4e1">
         <name>PWMGenEnable</name>
         <value>0x37e7</value>
         <object_component_ref idref="oc-35e"/>
      </symbol>
      <symbol id="sm-4e2">
         <name>PWMGenConfigure</name>
         <value>0x3605</value>
         <object_component_ref idref="oc-346"/>
      </symbol>
      <symbol id="sm-549">
         <name>SysCtlPeripheralPresent</name>
         <value>0x34d1</value>
         <object_component_ref idref="oc-223"/>
      </symbol>
      <symbol id="sm-54a">
         <name>SysCtlClockSet</name>
         <value>0x2e41</value>
         <object_component_ref idref="oc-2bc"/>
      </symbol>
      <symbol id="sm-54b">
         <name>SysCtlDelay</name>
         <value>0x3853</value>
         <object_component_ref idref="oc-d7"/>
      </symbol>
      <symbol id="sm-54c">
         <name>SysCtlPeripheralEnable</name>
         <value>0x3579</value>
         <object_component_ref idref="oc-a1"/>
      </symbol>
      <symbol id="sm-54d">
         <name>SysCtlClockGet</name>
         <value>0x2c35</value>
         <object_component_ref idref="oc-b9"/>
      </symbol>
      <symbol id="sm-54e">
         <name>SysCtlPWMClockSet</name>
         <value>0x3699</value>
         <object_component_ref idref="oc-33a"/>
      </symbol>
      <symbol id="sm-59c">
         <name>TimerLoadSet</name>
         <value>0x3709</value>
         <object_component_ref idref="oc-13e"/>
      </symbol>
      <symbol id="sm-59d">
         <name>TimerDisable</name>
         <value>0x3681</value>
         <object_component_ref idref="oc-15c"/>
      </symbol>
      <symbol id="sm-59e">
         <name>TimerEnable</name>
         <value>0x3789</value>
         <object_component_ref idref="oc-14a"/>
      </symbol>
      <symbol id="sm-59f">
         <name>TimerIntStatus</name>
         <value>0x3809</value>
         <object_component_ref idref="oc-150"/>
      </symbol>
      <symbol id="sm-5a0">
         <name>TimerIntDisable</name>
         <value>0x37ff</value>
         <object_component_ref idref="oc-109"/>
      </symbol>
      <symbol id="sm-5a1">
         <name>TimerIntEnable</name>
         <value>0x3831</value>
         <object_component_ref idref="oc-131"/>
      </symbol>
      <symbol id="sm-5a2">
         <name>TimerConfigure</name>
         <value>0x327d</value>
         <object_component_ref idref="oc-138"/>
      </symbol>
      <symbol id="sm-5a3">
         <name>TimerIntClear</name>
         <value>0x3859</value>
         <object_component_ref idref="oc-103"/>
      </symbol>
      <symbol id="sm-606">
         <name>UARTCharPutNonBlocking</name>
         <value>0x37a5</value>
         <object_component_ref idref="oc-9b"/>
      </symbol>
      <symbol id="sm-607">
         <name>UARTConfigSetExpClk</name>
         <value>0x33c5</value>
         <object_component_ref idref="oc-bf"/>
      </symbol>
      <symbol id="sm-608">
         <name>UARTDisable</name>
         <value>0x3629</value>
         <object_component_ref idref="oc-207"/>
      </symbol>
      <symbol id="sm-609">
         <name>UARTIntEnable</name>
         <value>0x3839</value>
         <object_component_ref idref="oc-cb"/>
      </symbol>
      <symbol id="sm-60a">
         <name>UARTCharsAvail</name>
         <value>0x37b3</value>
         <object_component_ref idref="oc-95"/>
      </symbol>
      <symbol id="sm-60b">
         <name>UARTCharGetNonBlocking</name>
         <value>0x3797</value>
         <object_component_ref idref="oc-8f"/>
      </symbol>
      <symbol id="sm-60c">
         <name>UARTCharPut</name>
         <value>0x381d</value>
         <object_component_ref idref="oc-229"/>
      </symbol>
      <symbol id="sm-60d">
         <name>UARTEnable</name>
         <value>0x36ad</value>
         <object_component_ref idref="oc-20d"/>
      </symbol>
      <symbol id="sm-60e">
         <name>UARTIntClear</name>
         <value>0x385d</value>
         <object_component_ref idref="oc-89"/>
      </symbol>
      <symbol id="sm-60f">
         <name>UARTIntStatus</name>
         <value>0x3827</value>
         <object_component_ref idref="oc-83"/>
      </symbol>
      <symbol id="sm-610">
         <name>UARTCharGet</name>
         <value>0x3813</value>
         <object_component_ref idref="oc-22f"/>
      </symbol>
      <symbol id="sm-61a">
         <name>CPUcpsie</name>
         <value>0x37cf</value>
         <object_component_ref idref="oc-1f0"/>
      </symbol>
      <symbol id="sm-629">
         <name>__aeabi_uidivmod</name>
         <value>0x3491</value>
         <object_component_ref idref="oc-23e"/>
      </symbol>
      <symbol id="sm-62a">
         <name>__aeabi_uidiv</name>
         <value>0x3491</value>
         <object_component_ref idref="oc-23e"/>
      </symbol>
      <symbol id="sm-642">
         <name>__aeabi_dsub</name>
         <value>0x2685</value>
         <object_component_ref idref="oc-128"/>
      </symbol>
      <symbol id="sm-643">
         <name>__aeabi_dadd</name>
         <value>0x268f</value>
         <object_component_ref idref="oc-128"/>
      </symbol>
      <symbol id="sm-655">
         <name>__aeabi_cdrcmple</name>
         <value>0x30bd</value>
         <object_component_ref idref="oc-21c"/>
      </symbol>
      <symbol id="sm-669">
         <name>__aeabi_ddiv</name>
         <value>0x29cd</value>
         <object_component_ref idref="oc-114"/>
      </symbol>
      <symbol id="sm-674">
         <name>__aeabi_dmul</name>
         <value>0x2d45</value>
         <object_component_ref idref="oc-11e"/>
      </symbol>
      <symbol id="sm-67e">
         <name>__aeabi_d2iz</name>
         <value>0x337d</value>
         <object_component_ref idref="oc-123"/>
      </symbol>
      <symbol id="sm-689">
         <name>__aeabi_f2d</name>
         <value>0x3541</value>
         <object_component_ref idref="oc-10f"/>
      </symbol>
      <symbol id="sm-693">
         <name>__aeabi_i2d</name>
         <value>0x35ad</value>
         <object_component_ref idref="oc-119"/>
      </symbol>
      <symbol id="sm-6ac">
         <name>__TI_zero_init_nomemset</name>
         <value>0x371b</value>
         <object_component_ref idref="oc-5c"/>
      </symbol>
      <symbol id="sm-6c3">
         <name>__TI_decompress_none</name>
         <value>0x37c1</value>
         <object_component_ref idref="oc-18"/>
      </symbol>
      <symbol id="sm-6e6">
         <name>__TI_decompress_lzss</name>
         <value>0x3215</value>
         <object_component_ref idref="oc-12"/>
      </symbol>
      <symbol id="sm-6f9">
         <name>__stack</name>
         <value>0x20000000</value>
         <object_component_ref idref="oc-21"/>
      </symbol>
      <symbol id="sm-6fa">
         <name>_c_int00_noargs</name>
         <value>0x3509</value>
         <object_component_ref idref="oc-6e"/>
      </symbol>
      <symbol id="sm-705">
         <name>C$$EXIT</name>
         <value>0x3865</value>
         <object_component_ref idref="oc-2c3"/>
      </symbol>
      <symbol id="sm-706">
         <name>abort</name>
         <value>0x3865</value>
         <object_component_ref idref="oc-2c3"/>
      </symbol>
      <symbol id="sm-712">
         <name>__aeabi_idiv0</name>
         <value>0x283b</value>
         <object_component_ref idref="oc-322"/>
      </symbol>
      <symbol id="sm-713">
         <name>__aeabi_ldiv0</name>
         <value>0x283b</value>
         <object_component_ref idref="oc-322"/>
      </symbol>
      <symbol id="sm-72e">
         <name>memcpy</name>
         <value>0x3021</value>
         <object_component_ref idref="oc-50"/>
      </symbol>
      <symbol id="sm-72f">
         <name>__aeabi_memcpy</name>
         <value>0x3021</value>
         <object_component_ref idref="oc-50"/>
      </symbol>
      <symbol id="sm-730">
         <name>__aeabi_memcpy8</name>
         <value>0x3021</value>
         <object_component_ref idref="oc-50"/>
      </symbol>
      <symbol id="sm-731">
         <name>__aeabi_memcpy4</name>
         <value>0x3021</value>
         <object_component_ref idref="oc-50"/>
      </symbol>
      <symbol id="sm-759">
         <name>__TI_auto_init_nobinit_nopinit</name>
         <value>0x340d</value>
         <object_component_ref idref="oc-2cf"/>
      </symbol>
      <symbol id="sm-763">
         <name>_system_pre_init</name>
         <value>0x3861</value>
         <object_component_ref idref="oc-1cb"/>
      </symbol>
      <symbol id="sm-765">
         <name>__TI_static_base__</name>
         <value>0x0</value>
      </symbol>
      <symbol id="sm-768">
         <name>__mpu_init</name>
         <value>0x0</value>
      </symbol>
      <symbol id="sm-769">
         <name>_system_post_cinit</name>
         <value>0x0</value>
      </symbol>
   </symbol_table>
   <title>Link successful</title>
</link_info>
