******************************************************************************
                  TI ARM Linker PC v18.1.2                     
******************************************************************************
>> Linked Mon Jul 23 18:41:35 2018

OUTPUT FILE NAME:   <Four_axes_2018_New.out>
ENTRY POINT SYMBOL: "_c_int00_noargs"  address: 000034cd


MEMORY CONFIGURATION

         name            origin    length      used     unused   attr    fill
----------------------  --------  ---------  --------  --------  ----  --------
  FLASH                 00000000   00040000  000042e0  0003bd20  R  X
  SRAM                  20000000   00008000  000004d8  00007b28  RW X


SEGMENT ALLOCATION MAP

run origin  load origin   length   init length attrs members
----------  ----------- ---------- ----------- ----- -------
00000000    00000000    000042e0   000042e0    r-x
  00000000    00000000    0000026c   0000026c    r-- .intvecs
  0000026c    0000026c    000035a8   000035a8    r-x .text
  00003814    00003814    000009b4   000009b4    r-- .const
  000041c8    000041c8    00000118   00000118    r-- .cinit
20000000    20000000    000004d8   00000000    rw-
  20000000    20000000    00000200   00000000    rw- .stack
  20000200    20000200    000001c8   00000000    rw- .data
  200003c8    200003c8    00000110   00000000    rw- .bss


SECTION ALLOCATION MAP

 output                                  attributes/
section   page    origin      length       input sections
--------  ----  ----------  ----------   ----------------
.intvecs   0    00000000    0000026c     
                  00000000    0000026c     tm4c123gh6pm_startup_ccs.obj (.intvecs)

.text      0    0000026c    000035a8     
                  0000026c    0000091c     pid.obj (.text)
                  00000b88    0000082c     OLED.obj (.text)
                  000013b4    000004d4     Control.obj (.text)
                  00001888    000004c0     uart_echo.obj (.text)
                  00001d48    0000049c     uartstdio.obj (.text)
                  000021e4    0000029c     colorful_LED.obj (.text)
                  00002480    000001b8     key.obj (.text)
                  00002638    000001b6     rtsv7M4_T_le_v4SPD16_eabi.lib : fd_add_t2.asm.obj (.text)
                  000027ee    00000136                                   : fd_div_t2.asm.obj (.text)
                  00002924    00000134     Timer.obj (.text)
                  00002a58    00000132     driverlib.lib : gpio.obj (.text:GPIOPadConfigSet)
                  00002b8a    00000002     rtsv7M4_T_le_v4SPD16_eabi.lib : div0.asm.obj (.text)
                  00002b8c    00000110     driverlib.lib : sysctl.obj (.text:SysCtlClockGet)
                  00002c9c    000000fc     rtsv7M4_T_le_v4SPD16_eabi.lib : fd_mul_t2.asm.obj (.text)
                  00002d98    000000f4     driverlib.lib : sysctl.obj (.text:SysCtlClockSet)
                  00002e8c    000000ec     main.obj (.text)
                  00002f78    0000009c     rtsv7M4_T_le_v4SPD16_eabi.lib : memcpy_t2.asm.obj (.text)
                  00003014    00000086                                   : fd_cmp_t2.asm.obj (.text:__aeabi_cdrcmple)
                  0000309a    0000006e                                   : fd_tos_t2.asm.obj (.text)
                  00003108    00000068     driverlib.lib : interrupt.obj (.text:IntDisable)
                  00003170    00000068                   : interrupt.obj (.text:IntEnable)
                  000031d8    00000068     rtsv7M4_T_le_v4SPD16_eabi.lib : copy_decompress_lzss.c.obj (.text:decompress:lzss:__TI_decompress_lzss)
                  00003240    00000060     driverlib.lib : timer.obj (.text:TimerConfigure)
                  000032a0    00000056                   : gpio.obj (.text:GPIOIntTypeSet)
                  000032f6    00000002     --HOLE-- [fill = 0]
                  000032f8    00000048                   : gpio.obj (.text:GPIOPinConfigure)
                  00003340    00000048     rtsv7M4_T_le_v4SPD16_eabi.lib : fd_toi_t2.asm.obj (.text)
                  00003388    00000046     driverlib.lib : uart.obj (.text:UARTConfigSetExpClk)
                  000033ce    00000002     --HOLE-- [fill = 0]
                  000033d0    00000044     rtsv7M4_T_le_v4SPD16_eabi.lib : autoinit.c.obj (.text:__TI_auto_init_nobinit_nopinit:__TI_auto_init_nobinit_nopinit)
                  00003414    00000040     delay.obj (.text)
                  00003454    00000040     rtsv7M4_T_le_v4SPD16_eabi.lib : u_divt2.asm.obj (.text)
                  00003494    00000038     driverlib.lib : sysctl.obj (.text:SysCtlPeripheralPresent)
                  000034cc    00000038     rtsv7M4_T_le_v4SPD16_eabi.lib : boot_cortex_m.c.obj (.text:_c_int00_noargs:_c_int00_noargs)
                  00003504    00000038                                   : fs_tod_t2.asm.obj (.text)
                  0000353c    00000034     driverlib.lib : sysctl.obj (.text:SysCtlPeripheralEnable)
                  00003570    0000002e     rtsv7M4_T_le_v4SPD16_eabi.lib : i_tofd_t2.asm.obj (.text)
                  0000359e    0000002a     driverlib.lib : gpio.obj (.text:GPIODirModeSet)
                  000035c8    00000022                   : pwm.obj (.text:PWMGenConfigure)
                  000035ea    00000002     --HOLE-- [fill = 0]
                  000035ec    00000020                   : uart.obj (.text:UARTDisable)
                  0000360c    0000001e                   : pwm.obj (.text:PWMPulseWidthSet)
                  0000362a    00000018                   : gpio.obj (.text:GPIOPinTypeGPIOOutput)
                  00003642    00000002     --HOLE-- [fill = 0]
                  00003644    00000014                   : sysctl.obj (.text:SysCtlPWMClockSet)
                  00003658    00000014                   : uart.obj (.text:UARTEnable)
                  0000366c    00000012                   : gpio.obj (.text:GPIOPinTypeGPIOInput)
                  0000367e    00000012                   : gpio.obj (.text:GPIOPinTypePWM)
                  00003690    00000012                   : gpio.obj (.text:GPIOPinTypeUART)
                  000036a2    00000012                   : pwm.obj (.text:PWMOutputState)
                  000036b4    00000012                   : timer.obj (.text:TimerLoadSet)
                  000036c6    00000012     rtsv7M4_T_le_v4SPD16_eabi.lib : copy_zero_init.c.obj (.text:decompress:ZI:__TI_zero_init_nomemset:__TI_zero_init_nomemset)
                  000036d8    00000010     driverlib.lib : fpu.obj (.text:FPUEnable)
                  000036e8    00000010                   : fpu.obj (.text:FPULazyStackingEnable)
                  000036f8    00000010                   : interrupt.obj (.text:IntMasterEnable)
                  00003708    00000010                   : pwm.obj (.text:PWMGenPeriodSet)
                  00003718    0000000e                   : gpio.obj (.text:GPIOIntDisable)
                  00003726    0000000e                   : gpio.obj (.text:GPIOIntStatus)
                  00003734    0000000e                   : timer.obj (.text:TimerEnable)
                  00003742    0000000e                   : uart.obj (.text:UARTCharGetNonBlocking)
                  00003750    0000000e                   : uart.obj (.text:UARTCharPutNonBlocking)
                  0000375e    0000000e                   : uart.obj (.text:UARTCharsAvail)
                  0000376c    0000000e     rtsv7M4_T_le_v4SPD16_eabi.lib : copy_decompress_none.c.obj (.text:decompress:none:__TI_decompress_none)
                  0000377a    0000000c     driverlib.lib : cpu.obj (.text:CPUcpsie)
                  00003786    0000000c                   : gpio.obj (.text:GPIOIntEnable)
                  00003792    0000000c                   : pwm.obj (.text:PWMGenEnable)
                  0000379e    0000000c     tm4c123gh6pm_startup_ccs.obj (.text)
                  000037aa    0000000a     driverlib.lib : timer.obj (.text:TimerIntDisable)
                  000037b4    0000000a                   : timer.obj (.text:TimerIntStatus)
                  000037be    0000000a                   : uart.obj (.text:UARTCharGet)
                  000037c8    0000000a                   : uart.obj (.text:UARTCharPut)
                  000037d2    0000000a                   : uart.obj (.text:UARTIntStatus)
                  000037dc    00000008                   : timer.obj (.text:TimerIntEnable)
                  000037e4    00000008                   : uart.obj (.text:UARTIntEnable)
                  000037ec    00000006                   : gpio.obj (.text:GPIOIntClear)
                  000037f2    00000006                   : gpio.obj (.text:GPIOPinRead)
                  000037f8    00000006                   : gpio.obj (.text:GPIOPinWrite)
                  000037fe    00000006                   : sysctl.obj (.text:SysCtlDelay)
                  00003804    00000004                   : timer.obj (.text:TimerIntClear)
                  00003808    00000004                   : uart.obj (.text:UARTIntClear)
                  0000380c    00000004     rtsv7M4_T_le_v4SPD16_eabi.lib : pre_init.c.obj (.text:_system_pre_init)
                  00003810    00000004                                   : exit.c.obj (.text:abort:abort)

.const     0    00003814    000009b4     
                  00003814    000005f0     OLED.obj (.const:.string:F8X16)
                  00003e04    00000228     OLED.obj (.const:F6x8)
                  0000402c    00000090     driverlib.lib : gpio.obj (.const:g_pui32GPIOBaseAddrs)
                  000040bc    00000070                   : interrupt.obj (.const)
                  0000412c    0000006c                   : sysctl.obj (.const:g_pui32Xtals)
                  00004198    00000012     uartstdio.obj (.const:.string)
                  000041aa    00000002     --HOLE-- [fill = 0]
                  000041ac    0000000c     uartstdio.obj (.const:g_ui32UARTBase)
                  000041b8    0000000c     uartstdio.obj (.const:g_ui32UARTPeriph)
                  000041c4    00000004     uartstdio.obj (.const)

.cinit     0    000041c8    00000118     
                  000041c8    000000ef     (.cinit..data.load) [load image, compression = lzss]
                  000042b7    00000001     --HOLE-- [fill = 0]
                  000042b8    0000000c     (__TI_handler_table)
                  000042c4    00000004     --HOLE-- [fill = 0]
                  000042c8    00000008     (.cinit..bss.load) [load image, compression = zero_init]
                  000042d0    00000010     (__TI_cinit_table)

.init_array 
*          0    00000000    00000000     UNINITIALIZED

.data      0    20000200    000001c8     UNINITIALIZED
                  20000200    00000180     OLED.obj (.data:Hzk)
                  20000380    0000001d     Timer.obj (.data)
                  2000039d    00000002     Control.obj (.data)
                  2000039f    00000001     --HOLE--
                  200003a0    00000018     pid.obj (.data)
                  200003b8    00000005     uartstdio.obj (.data)
                  200003bd    00000003     --HOLE--
                  200003c0    00000004     key.obj (.data)
                  200003c4    00000004     uart_echo.obj (.data)

.bss       0    200003c8    00000110     UNINITIALIZED
                  200003c8    0000001c     (.common:PID_Data_H)
                  200003e4    0000001c     (.common:PID_Data_X)
                  20000400    0000001c     (.common:PID_Data_Y)
                  2000041c    0000001c     (.common:PID_H)
                  20000438    0000001c     (.common:PID_X)
                  20000454    0000001c     (.common:PID_Y)
                  20000470    00000010     (.common:ReciveData_UART0)
                  20000480    00000010     (.common:ReciveData_UART1)
                  20000490    00000010     (.common:ReciveData_UART2)
                  200004a0    00000010     (.common:ReciveData_UART3)
                  200004b0    00000010     (.common:remote)
                  200004c0    00000004     (.common:Distance_Laser)
                  200004c4    00000004     (.common:Last_Real_Distance)
                  200004c8    00000004     (.common:ReadPin0)
                  200004cc    00000004     (.common:ReadPin4)
                  200004d0    00000004     (.common:Real_Distance)
                  200004d4    00000002     (.common:Real_XCoordinate)
                  200004d6    00000002     (.common:Real_YCoordinate)

.stack     0    20000000    00000200     UNINITIALIZED
                  20000000    00000004     rtsv7M4_T_le_v4SPD16_eabi.lib : boot_cortex_m.c.obj (.stack)
                  20000004    000001fc     --HOLE--

MODULE SUMMARY

       Module                         code    ro data   rw data
       ------                         ----    -------   -------
    .\
       tm4c123gh6pm_startup_ccs.obj   12      620       0      
       main.obj                       236     0         0      
    +--+------------------------------+-------+---------+---------+
       Total:                         248     620       0      
                                                               
    .\0.96'OLED\
       OLED.obj                       2092    2072      384    
    +--+------------------------------+-------+---------+---------+
       Total:                         2092    2072      384    
                                                               
    .\Control\
       Control.obj                    1236    0         30     
    +--+------------------------------+-------+---------+---------+
       Total:                         1236    0         30     
                                                               
    .\Pid\
       pid.obj                        2332    0         192    
    +--+------------------------------+-------+---------+---------+
       Total:                         2332    0         192    
                                                               
    .\Timer\
       Timer.obj                      308     0         29     
    +--+------------------------------+-------+---------+---------+
       Total:                         308     0         29     
                                                               
    .\colorful_LED\
       colorful_LED.obj               668     0         0      
    +--+------------------------------+-------+---------+---------+
       Total:                         668     0         0      
                                                               
    .\delay\
       delay.obj                      64      0         0      
    +--+------------------------------+-------+---------+---------+
       Total:                         64      0         0      
                                                               
    .\key\
       key.obj                        440     0         12     
    +--+------------------------------+-------+---------+---------+
       Total:                         440     0         12     
                                                               
    .\uart\
       uart_echo.obj                  1216    0         72     
       uartstdio.obj                  1180    46        5      
    +--+------------------------------+-------+---------+---------+
       Total:                         2396    46        77     
                                                               
    D:/ti/TivaWare_C_Series-2.1.4.178/driverlib/ccs/Debug/driverlib.lib
       gpio.obj                       642     144       0      
       sysctl.obj                     650     108       0      
       interrupt.obj                  224     112       0      
       uart.obj                       206     0         0      
       timer.obj                      160     0         0      
       pwm.obj                        110     0         0      
       fpu.obj                        32      0         0      
       cpu.obj                        12      0         0      
    +--+------------------------------+-------+---------+---------+
       Total:                         2036    364       0      
                                                               
    D:\Project_Program\Ccs\ccsv8\tools\compiler\ti-cgt-arm_18.1.2.LTS\lib\rtsv7M4_T_le_v4SPD16_eabi.lib
       fd_add_t2.asm.obj              438     0         0      
       fd_div_t2.asm.obj              310     0         0      
       fd_mul_t2.asm.obj              252     0         0      
       memcpy_t2.asm.obj              156     0         0      
       fd_cmp_t2.asm.obj              134     0         0      
       fd_tos_t2.asm.obj              110     0         0      
       copy_decompress_lzss.c.obj     104     0         0      
       fd_toi_t2.asm.obj              72      0         0      
       autoinit.c.obj                 68      0         0      
       u_divt2.asm.obj                64      0         0      
       boot_cortex_m.c.obj            56      0         0      
       fs_tod_t2.asm.obj              56      0         0      
       i_tofd_t2.asm.obj              46      0         0      
       copy_zero_init.c.obj           18      0         0      
       copy_decompress_none.c.obj     14      0         0      
       exit.c.obj                     4       0         0      
       pre_init.c.obj                 4       0         0      
       div0.asm.obj                   2       0         0      
    +--+------------------------------+-------+---------+---------+
       Total:                         1908    0         0      
                                                               
       Stack:                         0       0         512    
       Linker Generated:              0       275       0      
    +--+------------------------------+-------+---------+---------+
       Grand Total:                   13728   3377      1236   


LINKER GENERATED COPY TABLES

__TI_cinit_table @ 000042d0 records: 2, size/record: 8, table size: 16
	.data: load addr=000041c8, load size=000000ef bytes, run addr=20000200, run size=000001c8 bytes, compression=lzss
	.bss: load addr=000042c8, load size=00000008 bytes, run addr=200003c8, run size=00000110 bytes, compression=zero_init


LINKER GENERATED HANDLER TABLE

__TI_handler_table @ 000042b8 records: 3, size/record: 4, table size: 12
	index: 0, handler: __TI_decompress_lzss
	index: 1, handler: __TI_decompress_none
	index: 2, handler: __TI_zero_init


GLOBAL SYMBOLS: SORTED ALPHABETICALLY BY Name 

address   name                          
-------   ----                          
2000038c  Beep_Counter                  
20000388  Beep_Flag                     
20000390  Beep_Fre                      
00003811  C$$EXIT                       
0000377b  CPUcpsie                      
2000039e  Control_Open                  
200003a0  Coordinate_Open_Flag          
20000384  Counter                       
00003415  Delay_ms                      
00003433  Delay_us                      
000017b7  Display                       
200004c0  Distance_Laser                
00003e04  F6x8                          
00003814  F8X16                         
000036d9  FPUEnable                     
000036e9  FPULazyStackingEnable         
000013b5  FloatToByte                   
0000359f  GPIODirModeSet                
000037ed  GPIOIntClear                  
00003719  GPIOIntDisable                
00003787  GPIOIntEnable                 
00003727  GPIOIntStatus                 
000032a1  GPIOIntTypeSet                
00002a59  GPIOPadConfigSet              
000032f9  GPIOPinConfigure              
000037f3  GPIOPinRead                   
0000366d  GPIOPinTypeGPIOInput          
0000362b  GPIOPinTypeGPIOOutput         
0000367f  GPIOPinTypePWM                
00003691  GPIOPinTypeUART               
000037f9  GPIOPinWrite                  
00000b89  GPIO_Init                     
000016ad  Get_Coordinate                
000016d9  Get_Distance                  
00002e8d  HardwareConfig                
20000200  Hzk                           
00000bab  IIC_Start                     
00000bdb  IIC_Stop                      
00000c01  IIC_Wait_Ack                  
00003109  IntDisable                    
00003171  IntEnable                     
000036f9  IntMasterEnable               
0000257f  Int_Handler_GPIOF             
200003c0  KeyPress4                     
00002481  Key_Configure                 
000024af  Key_Interrupt                 
000024cf  Key_Scan                      
00002285  LED_Color                     
000021e5  LED_ColorInit                 
000022cf  LED_Config                    
000022eb  LED_Set                       
00001653  LandMode                      
200004c4  Last_Real_Distance            
00002421  Led_Twinkle                   
000015f9  Lock                          
00000e05  OLED_Clear                    
00000de9  OLED_Display_Off              
00000dcd  OLED_Display_On               
00001221  OLED_DrawBMP                  
000012d1  OLED_Init                     
00000e6d  OLED_On                       
00000d93  OLED_Set_Pos                  
00001165  OLED_ShowCHinese              
00000ee1  OLED_ShowChar                 
0000102d  OLED_ShowNum                  
000010fb  OLED_ShowString               
00000d07  OLED_WR_Byte                  
00001763  OledDisplayInit               
200003c8  PID_Data_H                    
200003e4  PID_Data_X                    
20000400  PID_Data_Y                    
2000041c  PID_H                         
0000026d  PID_Init                      
20000438  PID_X                         
20000454  PID_Y                         
000035c9  PWMGenConfigure               
00003793  PWMGenEnable                  
00003709  PWMGenPeriodSet               
000036a3  PWMOutputState                
0000360d  PWMPulseWidthSet              
000003fd  Position_PID                  
200004c8  ReadPin0                      
200004cc  ReadPin4                      
200004d0  Real_Distance                 
200004d4  Real_XCoordinate              
200004d6  Real_YCoordinate              
20000470  ReciveData_UART0              
20000480  ReciveData_UART1              
20000490  ReciveData_UART2              
200004a0  ReciveData_UART3              
200003c4  ReciveData_i_UART0            
200003c5  ReciveData_i_UART1            
200003c6  ReciveData_i_UART2            
200003c7  ReciveData_i_UART3            
0000379f  ResetISR                      
00001731  Set_Alltitute                 
00002b8d  SysCtlClockGet                
00002d99  SysCtlClockSet                
000037ff  SysCtlDelay                   
00003645  SysCtlPWMClockSet             
0000353d  SysCtlPeripheralEnable        
00003495  SysCtlPeripheralPresent       
20000398  TimeCounter                   
20000380  Time_Flag                     
00002955  Timer0IntHandler              
00002925  Timer0_Config                 
000007d1  Timer1IntHandler              
0000296b  Timer1_Config                 
000029d7  Timer2IntHandler              
000029a1  Timer2_Config                 
00003241  TimerConfigure                
00003735  TimerEnable                   
00003805  TimerIntClear                 
000037ab  TimerIntDisable               
000037dd  TimerIntEnable                
000037b5  TimerIntStatus                
000036b5  TimerLoadSet                  
000018e7  UART0Send                     
00001963  UART1IntHandler               
00001a19  UART1Send                     
00001b01  UART2Iint                     
00001a93  UART2IntHandler               
00001ad1  UART2Send                     
00001c31  UART3Iint                     
00001b7d  UART3IntHandler               
00001be5  UART3Send                     
000037bf  UARTCharGet                   
00003743  UARTCharGetNonBlocking        
000037c9  UARTCharPut                   
00003751  UARTCharPutNonBlocking        
0000375f  UARTCharsAvail                
00003389  UARTConfigSetExpClk           
000035ed  UARTDisable                   
00003659  UARTEnable                    
00003809  UARTIntClear                  
000037e5  UARTIntEnable                 
00001889  UARTIntHandler                
000037d3  UARTIntStatus                 
00001d49  UARTStdioConfig               
00001e8f  UARTgetc                      
00001dd5  UARTgets                      
000021af  UARTprintf                    
00001eb5  UARTvprintf                   
00001d8f  UARTwrite                     
0000190f  Uart0Iint                     
00001a41  Uart1Iint                     
000014d7  Unlock                        
00000c19  Write_IIC_Byte                
00000ca7  Write_IIC_Command             
00000cd7  Write_IIC_Data                
20000200  __STACK_END                   
00000200  __STACK_SIZE                  
20000200  __STACK_TOP                   
000042d0  __TI_CINIT_Base               
000042e0  __TI_CINIT_Limit              
000042b8  __TI_Handler_Table_Base       
000042c4  __TI_Handler_Table_Limit      
000033d1  __TI_auto_init_nobinit_nopinit
000031d9  __TI_decompress_lzss          
0000376d  __TI_decompress_none          
ffffffff  __TI_pprof_out_hndl           
ffffffff  __TI_prof_data_size           
ffffffff  __TI_prof_data_start          
00000000  __TI_static_base__            
000036c7  __TI_zero_init_nomemset       
00003015  __aeabi_cdrcmple              
0000309b  __aeabi_d2f                   
00003341  __aeabi_d2iz                  
00002643  __aeabi_dadd                  
000027ef  __aeabi_ddiv                  
00002c9d  __aeabi_dmul                  
00002639  __aeabi_dsub                  
00003505  __aeabi_f2d                   
00003571  __aeabi_i2d                   
00002b8b  __aeabi_idiv0                 
00002b8b  __aeabi_ldiv0                 
00002f79  __aeabi_memcpy                
00002f79  __aeabi_memcpy4               
00002f79  __aeabi_memcpy8               
00003455  __aeabi_uidiv                 
00003455  __aeabi_uidivmod              
ffffffff  __binit__                     
ffffffff  __c_args__                    
UNDEFED   __mpu_init                    
20000000  __stack                       
000034cd  _c_int00_noargs               
UNDEFED   _system_post_cinit            
0000380d  _system_pre_init              
00003811  abort                         
ffffffff  binit                         
200003a4  channel_val_MID               
200003b0  err_h                         
200003a8  err_x                         
200003ac  err_y                         
00000d25  fill_picture                  
00000000  g_pfnVectors                  
200003b4  get_x                         
200003b6  get_y                         
2000039d  i                             
20000394  k                             
2000039c  m                             
00002ec7  main                          
00002f79  memcpy                        
00000ffd  oled_pow                      
200004b0  remote                        
000013fb  remotepr_package              
00001469  remoteyh_package              
200003a3  start_PID_H                   
200003a1  start_PID_X                   
200003a2  start_PID_Y                   


GLOBAL SYMBOLS: SORTED BY Symbol Address 

address   name                          
-------   ----                          
00000000  __TI_static_base__            
00000000  g_pfnVectors                  
00000200  __STACK_SIZE                  
0000026d  PID_Init                      
000003fd  Position_PID                  
000007d1  Timer1IntHandler              
00000b89  GPIO_Init                     
00000bab  IIC_Start                     
00000bdb  IIC_Stop                      
00000c01  IIC_Wait_Ack                  
00000c19  Write_IIC_Byte                
00000ca7  Write_IIC_Command             
00000cd7  Write_IIC_Data                
00000d07  OLED_WR_Byte                  
00000d25  fill_picture                  
00000d93  OLED_Set_Pos                  
00000dcd  OLED_Display_On               
00000de9  OLED_Display_Off              
00000e05  OLED_Clear                    
00000e6d  OLED_On                       
00000ee1  OLED_ShowChar                 
00000ffd  oled_pow                      
0000102d  OLED_ShowNum                  
000010fb  OLED_ShowString               
00001165  OLED_ShowCHinese              
00001221  OLED_DrawBMP                  
000012d1  OLED_Init                     
000013b5  FloatToByte                   
000013fb  remotepr_package              
00001469  remoteyh_package              
000014d7  Unlock                        
000015f9  Lock                          
00001653  LandMode                      
000016ad  Get_Coordinate                
000016d9  Get_Distance                  
00001731  Set_Alltitute                 
00001763  OledDisplayInit               
000017b7  Display                       
00001889  UARTIntHandler                
000018e7  UART0Send                     
0000190f  Uart0Iint                     
00001963  UART1IntHandler               
00001a19  UART1Send                     
00001a41  Uart1Iint                     
00001a93  UART2IntHandler               
00001ad1  UART2Send                     
00001b01  UART2Iint                     
00001b7d  UART3IntHandler               
00001be5  UART3Send                     
00001c31  UART3Iint                     
00001d49  UARTStdioConfig               
00001d8f  UARTwrite                     
00001dd5  UARTgets                      
00001e8f  UARTgetc                      
00001eb5  UARTvprintf                   
000021af  UARTprintf                    
000021e5  LED_ColorInit                 
00002285  LED_Color                     
000022cf  LED_Config                    
000022eb  LED_Set                       
00002421  Led_Twinkle                   
00002481  Key_Configure                 
000024af  Key_Interrupt                 
000024cf  Key_Scan                      
0000257f  Int_Handler_GPIOF             
00002639  __aeabi_dsub                  
00002643  __aeabi_dadd                  
000027ef  __aeabi_ddiv                  
00002925  Timer0_Config                 
00002955  Timer0IntHandler              
0000296b  Timer1_Config                 
000029a1  Timer2_Config                 
000029d7  Timer2IntHandler              
00002a59  GPIOPadConfigSet              
00002b8b  __aeabi_idiv0                 
00002b8b  __aeabi_ldiv0                 
00002b8d  SysCtlClockGet                
00002c9d  __aeabi_dmul                  
00002d99  SysCtlClockSet                
00002e8d  HardwareConfig                
00002ec7  main                          
00002f79  __aeabi_memcpy                
00002f79  __aeabi_memcpy4               
00002f79  __aeabi_memcpy8               
00002f79  memcpy                        
00003015  __aeabi_cdrcmple              
0000309b  __aeabi_d2f                   
00003109  IntDisable                    
00003171  IntEnable                     
000031d9  __TI_decompress_lzss          
00003241  TimerConfigure                
000032a1  GPIOIntTypeSet                
000032f9  GPIOPinConfigure              
00003341  __aeabi_d2iz                  
00003389  UARTConfigSetExpClk           
000033d1  __TI_auto_init_nobinit_nopinit
00003415  Delay_ms                      
00003433  Delay_us                      
00003455  __aeabi_uidiv                 
00003455  __aeabi_uidivmod              
00003495  SysCtlPeripheralPresent       
000034cd  _c_int00_noargs               
00003505  __aeabi_f2d                   
0000353d  SysCtlPeripheralEnable        
00003571  __aeabi_i2d                   
0000359f  GPIODirModeSet                
000035c9  PWMGenConfigure               
000035ed  UARTDisable                   
0000360d  PWMPulseWidthSet              
0000362b  GPIOPinTypeGPIOOutput         
00003645  SysCtlPWMClockSet             
00003659  UARTEnable                    
0000366d  GPIOPinTypeGPIOInput          
0000367f  GPIOPinTypePWM                
00003691  GPIOPinTypeUART               
000036a3  PWMOutputState                
000036b5  TimerLoadSet                  
000036c7  __TI_zero_init_nomemset       
000036d9  FPUEnable                     
000036e9  FPULazyStackingEnable         
000036f9  IntMasterEnable               
00003709  PWMGenPeriodSet               
00003719  GPIOIntDisable                
00003727  GPIOIntStatus                 
00003735  TimerEnable                   
00003743  UARTCharGetNonBlocking        
00003751  UARTCharPutNonBlocking        
0000375f  UARTCharsAvail                
0000376d  __TI_decompress_none          
0000377b  CPUcpsie                      
00003787  GPIOIntEnable                 
00003793  PWMGenEnable                  
0000379f  ResetISR                      
000037ab  TimerIntDisable               
000037b5  TimerIntStatus                
000037bf  UARTCharGet                   
000037c9  UARTCharPut                   
000037d3  UARTIntStatus                 
000037dd  TimerIntEnable                
000037e5  UARTIntEnable                 
000037ed  GPIOIntClear                  
000037f3  GPIOPinRead                   
000037f9  GPIOPinWrite                  
000037ff  SysCtlDelay                   
00003805  TimerIntClear                 
00003809  UARTIntClear                  
0000380d  _system_pre_init              
00003811  C$$EXIT                       
00003811  abort                         
00003814  F8X16                         
00003e04  F6x8                          
000042b8  __TI_Handler_Table_Base       
000042c4  __TI_Handler_Table_Limit      
000042d0  __TI_CINIT_Base               
000042e0  __TI_CINIT_Limit              
20000000  __stack                       
20000200  Hzk                           
20000200  __STACK_END                   
20000200  __STACK_TOP                   
20000380  Time_Flag                     
20000384  Counter                       
20000388  Beep_Flag                     
2000038c  Beep_Counter                  
20000390  Beep_Fre                      
20000394  k                             
20000398  TimeCounter                   
2000039c  m                             
2000039d  i                             
2000039e  Control_Open                  
200003a0  Coordinate_Open_Flag          
200003a1  start_PID_X                   
200003a2  start_PID_Y                   
200003a3  start_PID_H                   
200003a4  channel_val_MID               
200003a8  err_x                         
200003ac  err_y                         
200003b0  err_h                         
200003b4  get_x                         
200003b6  get_y                         
200003c0  KeyPress4                     
200003c4  ReciveData_i_UART0            
200003c5  ReciveData_i_UART1            
200003c6  ReciveData_i_UART2            
200003c7  ReciveData_i_UART3            
200003c8  PID_Data_H                    
200003e4  PID_Data_X                    
20000400  PID_Data_Y                    
2000041c  PID_H                         
20000438  PID_X                         
20000454  PID_Y                         
20000470  ReciveData_UART0              
20000480  ReciveData_UART1              
20000490  ReciveData_UART2              
200004a0  ReciveData_UART3              
200004b0  remote                        
200004c0  Distance_Laser                
200004c4  Last_Real_Distance            
200004c8  ReadPin0                      
200004cc  ReadPin4                      
200004d0  Real_Distance                 
200004d4  Real_XCoordinate              
200004d6  Real_YCoordinate              
ffffffff  __TI_pprof_out_hndl           
ffffffff  __TI_prof_data_size           
ffffffff  __TI_prof_data_start          
ffffffff  __binit__                     
ffffffff  __c_args__                    
ffffffff  binit                         
UNDEFED   __mpu_init                    
UNDEFED   _system_post_cinit            

[210 symbols]
