<?xml version="1.0" encoding="ISO-8859-1" ?>
<link_info>
   <banner>TI ARM Linker PC v18.1.2.LTS</banner>
   <copyright>Copyright (c) 1996-2017 Texas Instruments Incorporated</copyright>
   <link_time>0x5b522044</link_time>
   <link_errors>0x0</link_errors>
   <output_file>Four_axes_2018_New.out</output_file>
   <entry_point>
      <name>_c_int00_noargs</name>
      <address>0x2b29</address>
   </entry_point>
   <input_file_list>
      <input_file id="fl-2">
         <path>.\</path>
         <kind>object</kind>
         <file>main.obj</file>
         <name>main.obj</name>
      </input_file>
      <input_file id="fl-3">
         <path>.\</path>
         <kind>object</kind>
         <file>tm4c123gh6pm_startup_ccs.obj</file>
         <name>tm4c123gh6pm_startup_ccs.obj</name>
      </input_file>
      <input_file id="fl-4">
         <path>.\Control\</path>
         <kind>object</kind>
         <file>Control.obj</file>
         <name>Control.obj</name>
      </input_file>
      <input_file id="fl-5">
         <path>.\Pid\</path>
         <kind>object</kind>
         <file>pid.obj</file>
         <name>pid.obj</name>
      </input_file>
      <input_file id="fl-6">
         <path>.\Timer\</path>
         <kind>object</kind>
         <file>Timer.obj</file>
         <name>Timer.obj</name>
      </input_file>
      <input_file id="fl-7">
         <path>.\Type_conversion\</path>
         <kind>object</kind>
         <file>Type_conversion.obj</file>
         <name>Type_conversion.obj</name>
      </input_file>
      <input_file id="fl-8">
         <path>.\colorful_LED\</path>
         <kind>object</kind>
         <file>colorful_LED.obj</file>
         <name>colorful_LED.obj</name>
      </input_file>
      <input_file id="fl-9">
         <path>.\delay\</path>
         <kind>object</kind>
         <file>delay.obj</file>
         <name>delay.obj</name>
      </input_file>
      <input_file id="fl-a">
         <path>.\key\</path>
         <kind>object</kind>
         <file>key.obj</file>
         <name>key.obj</name>
      </input_file>
      <input_file id="fl-b">
         <path>.\uart\</path>
         <kind>object</kind>
         <file>uart_echo.obj</file>
         <name>uart_echo.obj</name>
      </input_file>
      <input_file id="fl-c">
         <path>.\uart\</path>
         <kind>object</kind>
         <file>uartstdio.obj</file>
         <name>uartstdio.obj</name>
      </input_file>
      <input_file id="fl-11">
         <kind>object</kind>
         <file>&lt;internal&gt;</file>
         <name>&lt;internal&gt;</name>
      </input_file>
      <input_file id="fl-12">
         <path>D:\ti\TivaWare_C_Series-2.1.4.178\driverlib\ccs\Debug\</path>
         <kind>archive</kind>
         <file>driverlib.lib</file>
         <name>fpu.obj</name>
      </input_file>
      <input_file id="fl-13">
         <path>D:\ti\TivaWare_C_Series-2.1.4.178\driverlib\ccs\Debug\</path>
         <kind>archive</kind>
         <file>driverlib.lib</file>
         <name>gpio.obj</name>
      </input_file>
      <input_file id="fl-14">
         <path>D:\ti\TivaWare_C_Series-2.1.4.178\driverlib\ccs\Debug\</path>
         <kind>archive</kind>
         <file>driverlib.lib</file>
         <name>interrupt.obj</name>
      </input_file>
      <input_file id="fl-15">
         <path>D:\ti\TivaWare_C_Series-2.1.4.178\driverlib\ccs\Debug\</path>
         <kind>archive</kind>
         <file>driverlib.lib</file>
         <name>pwm.obj</name>
      </input_file>
      <input_file id="fl-16">
         <path>D:\ti\TivaWare_C_Series-2.1.4.178\driverlib\ccs\Debug\</path>
         <kind>archive</kind>
         <file>driverlib.lib</file>
         <name>sysctl.obj</name>
      </input_file>
      <input_file id="fl-17">
         <path>D:\ti\TivaWare_C_Series-2.1.4.178\driverlib\ccs\Debug\</path>
         <kind>archive</kind>
         <file>driverlib.lib</file>
         <name>timer.obj</name>
      </input_file>
      <input_file id="fl-18">
         <path>D:\ti\TivaWare_C_Series-2.1.4.178\driverlib\ccs\Debug\</path>
         <kind>archive</kind>
         <file>driverlib.lib</file>
         <name>uart.obj</name>
      </input_file>
      <input_file id="fl-19">
         <path>D:\ti\TivaWare_C_Series-2.1.4.178\driverlib\ccs\Debug\</path>
         <kind>archive</kind>
         <file>driverlib.lib</file>
         <name>cpu.obj</name>
      </input_file>
      <input_file id="fl-cf">
         <path>D:\Project_Program\Ccs\ccsv8\tools\compiler\ti-cgt-arm_18.1.2.LTS\lib\</path>
         <kind>archive</kind>
         <file>rtsv7M4_T_le_v4SPD16_eabi.lib</file>
         <name>u_divt2.asm.obj</name>
      </input_file>
      <input_file id="fl-d0">
         <path>D:\Project_Program\Ccs\ccsv8\tools\compiler\ti-cgt-arm_18.1.2.LTS\lib\</path>
         <kind>archive</kind>
         <file>rtsv7M4_T_le_v4SPD16_eabi.lib</file>
         <name>memset_t2.asm.obj</name>
      </input_file>
      <input_file id="fl-d1">
         <path>D:\Project_Program\Ccs\ccsv8\tools\compiler\ti-cgt-arm_18.1.2.LTS\lib\</path>
         <kind>archive</kind>
         <file>rtsv7M4_T_le_v4SPD16_eabi.lib</file>
         <name>fd_add_t2.asm.obj</name>
      </input_file>
      <input_file id="fl-d2">
         <path>D:\Project_Program\Ccs\ccsv8\tools\compiler\ti-cgt-arm_18.1.2.LTS\lib\</path>
         <kind>archive</kind>
         <file>rtsv7M4_T_le_v4SPD16_eabi.lib</file>
         <name>fd_cmp_t2.asm.obj</name>
      </input_file>
      <input_file id="fl-d3">
         <path>D:\Project_Program\Ccs\ccsv8\tools\compiler\ti-cgt-arm_18.1.2.LTS\lib\</path>
         <kind>archive</kind>
         <file>rtsv7M4_T_le_v4SPD16_eabi.lib</file>
         <name>fd_div_t2.asm.obj</name>
      </input_file>
      <input_file id="fl-d4">
         <path>D:\Project_Program\Ccs\ccsv8\tools\compiler\ti-cgt-arm_18.1.2.LTS\lib\</path>
         <kind>archive</kind>
         <file>rtsv7M4_T_le_v4SPD16_eabi.lib</file>
         <name>fd_mul_t2.asm.obj</name>
      </input_file>
      <input_file id="fl-d5">
         <path>D:\Project_Program\Ccs\ccsv8\tools\compiler\ti-cgt-arm_18.1.2.LTS\lib\</path>
         <kind>archive</kind>
         <file>rtsv7M4_T_le_v4SPD16_eabi.lib</file>
         <name>fd_toi_t2.asm.obj</name>
      </input_file>
      <input_file id="fl-d6">
         <path>D:\Project_Program\Ccs\ccsv8\tools\compiler\ti-cgt-arm_18.1.2.LTS\lib\</path>
         <kind>archive</kind>
         <file>rtsv7M4_T_le_v4SPD16_eabi.lib</file>
         <name>fd_tos_t2.asm.obj</name>
      </input_file>
      <input_file id="fl-d7">
         <path>D:\Project_Program\Ccs\ccsv8\tools\compiler\ti-cgt-arm_18.1.2.LTS\lib\</path>
         <kind>archive</kind>
         <file>rtsv7M4_T_le_v4SPD16_eabi.lib</file>
         <name>fs_tod_t2.asm.obj</name>
      </input_file>
      <input_file id="fl-d8">
         <path>D:\Project_Program\Ccs\ccsv8\tools\compiler\ti-cgt-arm_18.1.2.LTS\lib\</path>
         <kind>archive</kind>
         <file>rtsv7M4_T_le_v4SPD16_eabi.lib</file>
         <name>i_tofd_t2.asm.obj</name>
      </input_file>
      <input_file id="fl-d9">
         <path>D:\Project_Program\Ccs\ccsv8\tools\compiler\ti-cgt-arm_18.1.2.LTS\lib\</path>
         <kind>archive</kind>
         <file>rtsv7M4_T_le_v4SPD16_eabi.lib</file>
         <name>copy_zero_init.c.obj</name>
      </input_file>
      <input_file id="fl-da">
         <path>D:\Project_Program\Ccs\ccsv8\tools\compiler\ti-cgt-arm_18.1.2.LTS\lib\</path>
         <kind>archive</kind>
         <file>rtsv7M4_T_le_v4SPD16_eabi.lib</file>
         <name>copy_decompress_none.c.obj</name>
      </input_file>
      <input_file id="fl-db">
         <path>D:\Project_Program\Ccs\ccsv8\tools\compiler\ti-cgt-arm_18.1.2.LTS\lib\</path>
         <kind>archive</kind>
         <file>rtsv7M4_T_le_v4SPD16_eabi.lib</file>
         <name>copy_decompress_lzss.c.obj</name>
      </input_file>
      <input_file id="fl-dc">
         <path>D:\Project_Program\Ccs\ccsv8\tools\compiler\ti-cgt-arm_18.1.2.LTS\lib\</path>
         <kind>archive</kind>
         <file>rtsv7M4_T_le_v4SPD16_eabi.lib</file>
         <name>boot_cortex_m.c.obj</name>
      </input_file>
      <input_file id="fl-dd">
         <path>D:\Project_Program\Ccs\ccsv8\tools\compiler\ti-cgt-arm_18.1.2.LTS\lib\</path>
         <kind>archive</kind>
         <file>rtsv7M4_T_le_v4SPD16_eabi.lib</file>
         <name>exit.c.obj</name>
      </input_file>
      <input_file id="fl-de">
         <path>D:\Project_Program\Ccs\ccsv8\tools\compiler\ti-cgt-arm_18.1.2.LTS\lib\</path>
         <kind>archive</kind>
         <file>rtsv7M4_T_le_v4SPD16_eabi.lib</file>
         <name>_lock.c.obj</name>
      </input_file>
      <input_file id="fl-df">
         <path>D:\Project_Program\Ccs\ccsv8\tools\compiler\ti-cgt-arm_18.1.2.LTS\lib\</path>
         <kind>archive</kind>
         <file>rtsv7M4_T_le_v4SPD16_eabi.lib</file>
         <name>args_main.c.obj</name>
      </input_file>
      <input_file id="fl-e0">
         <path>D:\Project_Program\Ccs\ccsv8\tools\compiler\ti-cgt-arm_18.1.2.LTS\lib\</path>
         <kind>archive</kind>
         <file>rtsv7M4_T_le_v4SPD16_eabi.lib</file>
         <name>div0.asm.obj</name>
      </input_file>
      <input_file id="fl-e1">
         <path>D:\Project_Program\Ccs\ccsv8\tools\compiler\ti-cgt-arm_18.1.2.LTS\lib\</path>
         <kind>archive</kind>
         <file>rtsv7M4_T_le_v4SPD16_eabi.lib</file>
         <name>memcpy_t2.asm.obj</name>
      </input_file>
      <input_file id="fl-e2">
         <path>D:\Project_Program\Ccs\ccsv8\tools\compiler\ti-cgt-arm_18.1.2.LTS\lib\</path>
         <kind>archive</kind>
         <file>rtsv7M4_T_le_v4SPD16_eabi.lib</file>
         <name>autoinit.c.obj</name>
      </input_file>
      <input_file id="fl-e3">
         <path>D:\Project_Program\Ccs\ccsv8\tools\compiler\ti-cgt-arm_18.1.2.LTS\lib\</path>
         <kind>archive</kind>
         <file>rtsv7M4_T_le_v4SPD16_eabi.lib</file>
         <name>pre_init.c.obj</name>
      </input_file>
      <input_file id="fl-e4">
         <path>D:\Project_Program\Ccs\ccsv8\tools\compiler\ti-cgt-arm_18.1.2.LTS\lib\</path>
         <kind>archive</kind>
         <file>rtsv7M4_T_le_v4SPD16_eabi.lib</file>
         <name>cpy_tbl.c.obj</name>
      </input_file>
   </input_file_list>
   <object_component_list>
      <object_component id="oc-f">
         <name>.intvecs</name>
         <load_address>0x0</load_address>
         <run_address>0x0</run_address>
         <size>0x26c</size>
         <input_file_ref idref="fl-3"/>
      </object_component>
      <object_component id="oc-30">
         <name>.text</name>
         <load_address>0x26c</load_address>
         <run_address>0x26c</run_address>
         <size>0x74c</size>
         <input_file_ref idref="fl-5"/>
      </object_component>
      <object_component id="oc-2a">
         <name>.text</name>
         <load_address>0x9b8</load_address>
         <run_address>0x9b8</run_address>
         <size>0x4c0</size>
         <input_file_ref idref="fl-b"/>
      </object_component>
      <object_component id="oc-de">
         <name>.text</name>
         <load_address>0xe78</load_address>
         <run_address>0xe78</run_address>
         <size>0x49c</size>
         <input_file_ref idref="fl-c"/>
      </object_component>
      <object_component id="oc-15b">
         <name>.text</name>
         <load_address>0x1314</load_address>
         <run_address>0x1314</run_address>
         <size>0x2d4</size>
         <input_file_ref idref="fl-7"/>
      </object_component>
      <object_component id="oc-d8">
         <name>.text</name>
         <load_address>0x15e8</load_address>
         <run_address>0x15e8</run_address>
         <size>0x2c0</size>
         <input_file_ref idref="fl-4"/>
      </object_component>
      <object_component id="oc-295">
         <name>.text</name>
         <load_address>0x18a8</load_address>
         <run_address>0x18a8</run_address>
         <size>0x29c</size>
         <input_file_ref idref="fl-8"/>
      </object_component>
      <object_component id="oc-128">
         <name>.text</name>
         <load_address>0x1b44</load_address>
         <run_address>0x1b44</run_address>
         <size>0x1b6</size>
         <input_file_ref idref="fl-d1"/>
      </object_component>
      <object_component id="oc-30d">
         <name>.text</name>
         <load_address>0x1cfa</load_address>
         <run_address>0x1cfa</run_address>
         <size>0x2</size>
         <input_file_ref idref="fl-e0"/>
      </object_component>
      <object_component id="oc-3c">
         <name>.text</name>
         <load_address>0x1cfc</load_address>
         <run_address>0x1cfc</run_address>
         <size>0x19c</size>
         <input_file_ref idref="fl-a"/>
      </object_component>
      <object_component id="oc-114">
         <name>.text</name>
         <load_address>0x1e98</load_address>
         <run_address>0x1e98</run_address>
         <size>0x136</size>
         <input_file_ref idref="fl-d3"/>
      </object_component>
      <object_component id="oc-168">
         <name>.text:GPIOPadConfigSet</name>
         <load_address>0x1fce</load_address>
         <run_address>0x1fce</run_address>
         <size>0x132</size>
         <input_file_ref idref="fl-13"/>
      </object_component>
      <object_component id="oc-b9">
         <name>.text:SysCtlClockGet</name>
         <load_address>0x2100</load_address>
         <run_address>0x2100</run_address>
         <size>0x110</size>
         <input_file_ref idref="fl-16"/>
      </object_component>
      <object_component id="oc-36">
         <name>.text</name>
         <load_address>0x2210</load_address>
         <run_address>0x2210</run_address>
         <size>0x100</size>
         <input_file_ref idref="fl-6"/>
      </object_component>
      <object_component id="oc-11e">
         <name>.text</name>
         <load_address>0x2310</load_address>
         <run_address>0x2310</run_address>
         <size>0xfc</size>
         <input_file_ref idref="fl-d4"/>
      </object_component>
      <object_component id="oc-2a7">
         <name>.text:SysCtlClockSet</name>
         <load_address>0x240c</load_address>
         <run_address>0x240c</run_address>
         <size>0xf4</size>
         <input_file_ref idref="fl-16"/>
      </object_component>
      <object_component id="oc-50">
         <name>.text</name>
         <load_address>0x2500</load_address>
         <run_address>0x2500</run_address>
         <size>0x9c</size>
         <input_file_ref idref="fl-e1"/>
      </object_component>
      <object_component id="oc-217">
         <name>.text:__aeabi_cdrcmple</name>
         <load_address>0x259c</load_address>
         <run_address>0x259c</run_address>
         <size>0x86</size>
         <input_file_ref idref="fl-d2"/>
      </object_component>
      <object_component id="oc-1c1">
         <name>.text</name>
         <load_address>0x2622</load_address>
         <run_address>0x2622</run_address>
         <size>0x7a</size>
         <input_file_ref idref="fl-d0"/>
      </object_component>
      <object_component id="oc-12d">
         <name>.text</name>
         <load_address>0x269c</load_address>
         <run_address>0x269c</run_address>
         <size>0x6e</size>
         <input_file_ref idref="fl-d6"/>
      </object_component>
      <object_component id="oc-149">
         <name>.text:IntDisable</name>
         <load_address>0x270c</load_address>
         <run_address>0x270c</run_address>
         <size>0x68</size>
         <input_file_ref idref="fl-14"/>
      </object_component>
      <object_component id="oc-c5">
         <name>.text:IntEnable</name>
         <load_address>0x2774</load_address>
         <run_address>0x2774</run_address>
         <size>0x68</size>
         <input_file_ref idref="fl-14"/>
      </object_component>
      <object_component id="oc-12">
         <name>.text:decompress:lzss:__TI_decompress_lzss</name>
         <load_address>0x27dc</load_address>
         <run_address>0x27dc</run_address>
         <size>0x68</size>
         <input_file_ref idref="fl-db"/>
      </object_component>
      <object_component id="oc-13d">
         <name>.text:TimerConfigure</name>
         <load_address>0x2844</load_address>
         <run_address>0x2844</run_address>
         <size>0x60</size>
         <input_file_ref idref="fl-17"/>
      </object_component>
      <object_component id="oc-1cd">
         <name>.text</name>
         <load_address>0x28a4</load_address>
         <run_address>0x28a4</run_address>
         <size>0x58</size>
         <input_file_ref idref="fl-2"/>
      </object_component>
      <object_component id="oc-174">
         <name>.text:GPIOIntTypeSet</name>
         <load_address>0x28fc</load_address>
         <run_address>0x28fc</run_address>
         <size>0x56</size>
         <input_file_ref idref="fl-13"/>
      </object_component>
      <object_component id="oc-ad">
         <name>.text:GPIOPinConfigure</name>
         <load_address>0x2954</load_address>
         <run_address>0x2954</run_address>
         <size>0x48</size>
         <input_file_ref idref="fl-13"/>
      </object_component>
      <object_component id="oc-123">
         <name>.text</name>
         <load_address>0x299c</load_address>
         <run_address>0x299c</run_address>
         <size>0x48</size>
         <input_file_ref idref="fl-d5"/>
      </object_component>
      <object_component id="oc-bf">
         <name>.text:UARTConfigSetExpClk</name>
         <load_address>0x29e4</load_address>
         <run_address>0x29e4</run_address>
         <size>0x46</size>
         <input_file_ref idref="fl-18"/>
      </object_component>
      <object_component id="oc-2ba">
         <name>.text:__TI_auto_init_nobinit_nopinit:__TI_auto_init_nobinit_nopinit</name>
         <load_address>0x2a2c</load_address>
         <run_address>0x2a2c</run_address>
         <size>0x44</size>
         <input_file_ref idref="fl-e2"/>
      </object_component>
      <object_component id="oc-180">
         <name>.text</name>
         <load_address>0x2a70</load_address>
         <run_address>0x2a70</run_address>
         <size>0x40</size>
         <input_file_ref idref="fl-9"/>
      </object_component>
      <object_component id="oc-23a">
         <name>.text</name>
         <load_address>0x2ab0</load_address>
         <run_address>0x2ab0</run_address>
         <size>0x40</size>
         <input_file_ref idref="fl-cf"/>
      </object_component>
      <object_component id="oc-21f">
         <name>.text:SysCtlPeripheralPresent</name>
         <load_address>0x2af0</load_address>
         <run_address>0x2af0</run_address>
         <size>0x38</size>
         <input_file_ref idref="fl-16"/>
      </object_component>
      <object_component id="oc-6e">
         <name>.text:_c_int00_noargs:_c_int00_noargs</name>
         <load_address>0x2b28</load_address>
         <run_address>0x2b28</run_address>
         <size>0x38</size>
         <input_file_ref idref="fl-dc"/>
      </object_component>
      <object_component id="oc-10f">
         <name>.text</name>
         <load_address>0x2b60</load_address>
         <run_address>0x2b60</run_address>
         <size>0x38</size>
         <input_file_ref idref="fl-d7"/>
      </object_component>
      <object_component id="oc-a1">
         <name>.text:SysCtlPeripheralEnable</name>
         <load_address>0x2b98</load_address>
         <run_address>0x2b98</run_address>
         <size>0x34</size>
         <input_file_ref idref="fl-16"/>
      </object_component>
      <object_component id="oc-119">
         <name>.text</name>
         <load_address>0x2bcc</load_address>
         <run_address>0x2bcc</run_address>
         <size>0x2e</size>
         <input_file_ref idref="fl-d8"/>
      </object_component>
      <object_component id="oc-1f8">
         <name>.text:GPIODirModeSet</name>
         <load_address>0x2bfa</load_address>
         <run_address>0x2bfa</run_address>
         <size>0x2a</size>
         <input_file_ref idref="fl-13"/>
      </object_component>
      <object_component id="oc-32a">
         <name>.text:PWMGenConfigure</name>
         <load_address>0x2c24</load_address>
         <run_address>0x2c24</run_address>
         <size>0x22</size>
         <input_file_ref idref="fl-15"/>
      </object_component>
      <object_component id="oc-203">
         <name>.text:UARTDisable</name>
         <load_address>0x2c48</load_address>
         <run_address>0x2c48</run_address>
         <size>0x20</size>
         <input_file_ref idref="fl-18"/>
      </object_component>
      <object_component id="oc-336">
         <name>.text:PWMPulseWidthSet</name>
         <load_address>0x2c68</load_address>
         <run_address>0x2c68</run_address>
         <size>0x1e</size>
         <input_file_ref idref="fl-15"/>
      </object_component>
      <object_component id="oc-348">
         <name>.text:GPIOPinTypeGPIOOutput</name>
         <load_address>0x2c86</load_address>
         <run_address>0x2c86</run_address>
         <size>0x18</size>
         <input_file_ref idref="fl-13"/>
      </object_component>
      <object_component id="oc-31e">
         <name>.text:SysCtlPWMClockSet</name>
         <load_address>0x2ca0</load_address>
         <run_address>0x2ca0</run_address>
         <size>0x14</size>
         <input_file_ref idref="fl-16"/>
      </object_component>
      <object_component id="oc-209">
         <name>.text:UARTEnable</name>
         <load_address>0x2cb4</load_address>
         <run_address>0x2cb4</run_address>
         <size>0x14</size>
         <input_file_ref idref="fl-18"/>
      </object_component>
      <object_component id="oc-162">
         <name>.text:GPIOPinTypeGPIOInput</name>
         <load_address>0x2cc8</load_address>
         <run_address>0x2cc8</run_address>
         <size>0x12</size>
         <input_file_ref idref="fl-13"/>
      </object_component>
      <object_component id="oc-324">
         <name>.text:GPIOPinTypePWM</name>
         <load_address>0x2cda</load_address>
         <run_address>0x2cda</run_address>
         <size>0x12</size>
         <input_file_ref idref="fl-13"/>
      </object_component>
      <object_component id="oc-b3">
         <name>.text:GPIOPinTypeUART</name>
         <load_address>0x2cec</load_address>
         <run_address>0x2cec</run_address>
         <size>0x12</size>
         <input_file_ref idref="fl-13"/>
      </object_component>
      <object_component id="oc-33c">
         <name>.text:PWMOutputState</name>
         <load_address>0x2cfe</load_address>
         <run_address>0x2cfe</run_address>
         <size>0x12</size>
         <input_file_ref idref="fl-15"/>
      </object_component>
      <object_component id="oc-143">
         <name>.text:TimerLoadSet</name>
         <load_address>0x2d10</load_address>
         <run_address>0x2d10</run_address>
         <size>0x12</size>
         <input_file_ref idref="fl-17"/>
      </object_component>
      <object_component id="oc-5c">
         <name>.text:decompress:ZI:__TI_zero_init_nomemset:__TI_zero_init_nomemset</name>
         <load_address>0x2d22</load_address>
         <run_address>0x2d22</run_address>
         <size>0x12</size>
         <input_file_ref idref="fl-d9"/>
      </object_component>
      <object_component id="oc-29b">
         <name>.text:FPUEnable</name>
         <load_address>0x2d34</load_address>
         <run_address>0x2d34</run_address>
         <size>0x10</size>
         <input_file_ref idref="fl-12"/>
      </object_component>
      <object_component id="oc-2a1">
         <name>.text:FPULazyStackingEnable</name>
         <load_address>0x2d44</load_address>
         <run_address>0x2d44</run_address>
         <size>0x10</size>
         <input_file_ref idref="fl-12"/>
      </object_component>
      <object_component id="oc-a7">
         <name>.text:IntMasterEnable</name>
         <load_address>0x2d54</load_address>
         <run_address>0x2d54</run_address>
         <size>0x10</size>
         <input_file_ref idref="fl-14"/>
      </object_component>
      <object_component id="oc-330">
         <name>.text:PWMGenPeriodSet</name>
         <load_address>0x2d64</load_address>
         <run_address>0x2d64</run_address>
         <size>0x10</size>
         <input_file_ref idref="fl-15"/>
      </object_component>
      <object_component id="oc-192">
         <name>.text:GPIOIntDisable</name>
         <load_address>0x2d74</load_address>
         <run_address>0x2d74</run_address>
         <size>0xe</size>
         <input_file_ref idref="fl-13"/>
      </object_component>
      <object_component id="oc-186">
         <name>.text:GPIOIntStatus</name>
         <load_address>0x2d82</load_address>
         <run_address>0x2d82</run_address>
         <size>0xe</size>
         <input_file_ref idref="fl-13"/>
      </object_component>
      <object_component id="oc-14f">
         <name>.text:TimerEnable</name>
         <load_address>0x2d90</load_address>
         <run_address>0x2d90</run_address>
         <size>0xe</size>
         <input_file_ref idref="fl-17"/>
      </object_component>
      <object_component id="oc-8f">
         <name>.text:UARTCharGetNonBlocking</name>
         <load_address>0x2d9e</load_address>
         <run_address>0x2d9e</run_address>
         <size>0xe</size>
         <input_file_ref idref="fl-18"/>
      </object_component>
      <object_component id="oc-9b">
         <name>.text:UARTCharPutNonBlocking</name>
         <load_address>0x2dac</load_address>
         <run_address>0x2dac</run_address>
         <size>0xe</size>
         <input_file_ref idref="fl-18"/>
      </object_component>
      <object_component id="oc-95">
         <name>.text:UARTCharsAvail</name>
         <load_address>0x2dba</load_address>
         <run_address>0x2dba</run_address>
         <size>0xe</size>
         <input_file_ref idref="fl-18"/>
      </object_component>
      <object_component id="oc-18">
         <name>.text:decompress:none:__TI_decompress_none</name>
         <load_address>0x2dc8</load_address>
         <run_address>0x2dc8</run_address>
         <size>0xe</size>
         <input_file_ref idref="fl-da"/>
      </object_component>
      <object_component id="oc-1ec">
         <name>.text:CPUcpsie</name>
         <load_address>0x2dd6</load_address>
         <run_address>0x2dd6</run_address>
         <size>0xc</size>
         <input_file_ref idref="fl-19"/>
      </object_component>
      <object_component id="oc-16e">
         <name>.text:GPIOIntEnable</name>
         <load_address>0x2de2</load_address>
         <run_address>0x2de2</run_address>
         <size>0xc</size>
         <input_file_ref idref="fl-13"/>
      </object_component>
      <object_component id="oc-342">
         <name>.text:PWMGenEnable</name>
         <load_address>0x2dee</load_address>
         <run_address>0x2dee</run_address>
         <size>0xc</size>
         <input_file_ref idref="fl-15"/>
      </object_component>
      <object_component id="oc-24">
         <name>.text</name>
         <load_address>0x2dfa</load_address>
         <run_address>0x2dfa</run_address>
         <size>0xc</size>
         <input_file_ref idref="fl-3"/>
      </object_component>
      <object_component id="oc-109">
         <name>.text:TimerIntDisable</name>
         <load_address>0x2e06</load_address>
         <run_address>0x2e06</run_address>
         <size>0xa</size>
         <input_file_ref idref="fl-17"/>
      </object_component>
      <object_component id="oc-155">
         <name>.text:TimerIntStatus</name>
         <load_address>0x2e10</load_address>
         <run_address>0x2e10</run_address>
         <size>0xa</size>
         <input_file_ref idref="fl-17"/>
      </object_component>
      <object_component id="oc-22b">
         <name>.text:UARTCharGet</name>
         <load_address>0x2e1a</load_address>
         <run_address>0x2e1a</run_address>
         <size>0xa</size>
         <input_file_ref idref="fl-18"/>
      </object_component>
      <object_component id="oc-225">
         <name>.text:UARTCharPut</name>
         <load_address>0x2e24</load_address>
         <run_address>0x2e24</run_address>
         <size>0xa</size>
         <input_file_ref idref="fl-18"/>
      </object_component>
      <object_component id="oc-83">
         <name>.text:UARTIntStatus</name>
         <load_address>0x2e2e</load_address>
         <run_address>0x2e2e</run_address>
         <size>0xa</size>
         <input_file_ref idref="fl-18"/>
      </object_component>
      <object_component id="oc-132">
         <name>.text:TimerIntEnable</name>
         <load_address>0x2e38</load_address>
         <run_address>0x2e38</run_address>
         <size>0x8</size>
         <input_file_ref idref="fl-17"/>
      </object_component>
      <object_component id="oc-cb">
         <name>.text:UARTIntEnable</name>
         <load_address>0x2e40</load_address>
         <run_address>0x2e40</run_address>
         <size>0x8</size>
         <input_file_ref idref="fl-18"/>
      </object_component>
      <object_component id="oc-18c">
         <name>.text:GPIOIntClear</name>
         <load_address>0x2e48</load_address>
         <run_address>0x2e48</run_address>
         <size>0x6</size>
         <input_file_ref idref="fl-13"/>
      </object_component>
      <object_component id="oc-17a">
         <name>.text:GPIOPinRead</name>
         <load_address>0x2e4e</load_address>
         <run_address>0x2e4e</run_address>
         <size>0x6</size>
         <input_file_ref idref="fl-13"/>
      </object_component>
      <object_component id="oc-d1">
         <name>.text:GPIOPinWrite</name>
         <load_address>0x2e54</load_address>
         <run_address>0x2e54</run_address>
         <size>0x6</size>
         <input_file_ref idref="fl-13"/>
      </object_component>
      <object_component id="oc-d7">
         <name>.text:SysCtlDelay</name>
         <load_address>0x2e5a</load_address>
         <run_address>0x2e5a</run_address>
         <size>0x6</size>
         <input_file_ref idref="fl-16"/>
      </object_component>
      <object_component id="oc-103">
         <name>.text:TimerIntClear</name>
         <load_address>0x2e60</load_address>
         <run_address>0x2e60</run_address>
         <size>0x4</size>
         <input_file_ref idref="fl-17"/>
      </object_component>
      <object_component id="oc-89">
         <name>.text:UARTIntClear</name>
         <load_address>0x2e64</load_address>
         <run_address>0x2e64</run_address>
         <size>0x4</size>
         <input_file_ref idref="fl-18"/>
      </object_component>
      <object_component id="oc-1c7">
         <name>.text:_system_pre_init</name>
         <load_address>0x2e68</load_address>
         <run_address>0x2e68</run_address>
         <size>0x4</size>
         <input_file_ref idref="fl-e3"/>
      </object_component>
      <object_component id="oc-2ae">
         <name>.text:abort:abort</name>
         <load_address>0x2e6c</load_address>
         <run_address>0x2e6c</run_address>
         <size>0x4</size>
         <input_file_ref idref="fl-dd"/>
      </object_component>
      <object_component id="oc-1f3">
         <name>.const:g_pui32GPIOBaseAddrs</name>
         <load_address>0x2e70</load_address>
         <run_address>0x2e70</run_address>
         <size>0x90</size>
         <input_file_ref idref="fl-13"/>
      </object_component>
      <object_component id="oc-210">
         <name>.const</name>
         <load_address>0x2f00</load_address>
         <run_address>0x2f00</run_address>
         <size>0x70</size>
         <input_file_ref idref="fl-14"/>
      </object_component>
      <object_component id="oc-1ff">
         <name>.const:g_pui32Xtals</name>
         <load_address>0x2f70</load_address>
         <run_address>0x2f70</run_address>
         <size>0x6c</size>
         <input_file_ref idref="fl-16"/>
      </object_component>
      <object_component id="oc-313">
         <name>.const:.string</name>
         <load_address>0x2fdc</load_address>
         <run_address>0x2fdc</run_address>
         <size>0x12</size>
         <input_file_ref idref="fl-c"/>
      </object_component>
      <object_component id="oc-237">
         <name>.const:g_ui32UARTBase</name>
         <load_address>0x2ff0</load_address>
         <run_address>0x2ff0</run_address>
         <size>0xc</size>
         <input_file_ref idref="fl-c"/>
      </object_component>
      <object_component id="oc-231">
         <name>.const:g_ui32UARTPeriph</name>
         <load_address>0x2ffc</load_address>
         <run_address>0x2ffc</run_address>
         <size>0xc</size>
         <input_file_ref idref="fl-c"/>
      </object_component>
      <object_component id="oc-23f">
         <name>.const</name>
         <load_address>0x3008</load_address>
         <run_address>0x3008</run_address>
         <size>0x4</size>
         <input_file_ref idref="fl-c"/>
      </object_component>
      <object_component id="oc-3d7">
         <name>.cinit..data.load</name>
         <load_address>0x3010</load_address>
         <run_address>0x3010</run_address>
         <size>0x1c</size>
      </object_component>
      <object_component id="oc-3d5">
         <name>__TI_handler_table</name>
         <load_address>0x302c</load_address>
         <run_address>0x302c</run_address>
         <size>0xc</size>
      </object_component>
      <object_component id="oc-3d8">
         <name>.cinit..bss.load</name>
         <load_address>0x3038</load_address>
         <run_address>0x3038</run_address>
         <size>0x8</size>
      </object_component>
      <object_component id="oc-3d6">
         <name>__TI_cinit_table</name>
         <load_address>0x3040</load_address>
         <run_address>0x3040</run_address>
         <size>0x10</size>
      </object_component>
      <object_component id="oc-138">
         <name>.data</name>
         <load_address>0x20000331</load_address>
         <run_address>0x20000331</run_address>
         <size>0x2</size>
         <input_file_ref idref="fl-4"/>
      </object_component>
      <object_component id="oc-f8">
         <name>.data</name>
         <load_address>0x20000314</load_address>
         <run_address>0x20000314</run_address>
         <size>0x18</size>
         <input_file_ref idref="fl-5"/>
      </object_component>
      <object_component id="oc-19c">
         <name>.data</name>
         <load_address>0x20000334</load_address>
         <run_address>0x20000334</run_address>
         <size>0x4</size>
         <input_file_ref idref="fl-a"/>
      </object_component>
      <object_component id="oc-e4">
         <name>.data</name>
         <load_address>0x20000338</load_address>
         <run_address>0x20000338</run_address>
         <size>0x4</size>
         <input_file_ref idref="fl-b"/>
      </object_component>
      <object_component id="oc-234">
         <name>.data</name>
         <load_address>0x2000032c</load_address>
         <run_address>0x2000032c</run_address>
         <size>0x5</size>
         <input_file_ref idref="fl-c"/>
      </object_component>
      <object_component id="oc-13b">
         <name>.common:Real_Distance</name>
         <uninitialized>true</uninitialized>
         <run_address>0x2000030c</run_address>
         <size>0x4</size>
      </object_component>
      <object_component id="oc-21d">
         <name>.common:Last_Real_Distance</name>
         <uninitialized>true</uninitialized>
         <run_address>0x20000300</run_address>
         <size>0x4</size>
      </object_component>
      <object_component id="oc-ee">
         <name>.common:Real_XCoordinate</name>
         <uninitialized>true</uninitialized>
         <run_address>0x20000310</run_address>
         <size>0x2</size>
      </object_component>
      <object_component id="oc-f1">
         <name>.common:Real_YCoordinate</name>
         <uninitialized>true</uninitialized>
         <run_address>0x20000312</run_address>
         <size>0x2</size>
      </object_component>
      <object_component id="oc-21c">
         <name>.common:remote</name>
         <uninitialized>true</uninitialized>
         <run_address>0x200002a8</run_address>
         <size>0x14</size>
      </object_component>
      <object_component id="oc-101">
         <name>.common:PID_X</name>
         <uninitialized>true</uninitialized>
         <run_address>0x20000270</run_address>
         <size>0x1c</size>
      </object_component>
      <object_component id="oc-fb">
         <name>.common:PID_Y</name>
         <uninitialized>true</uninitialized>
         <run_address>0x2000028c</run_address>
         <size>0x1c</size>
      </object_component>
      <object_component id="oc-ff">
         <name>.common:PID_H</name>
         <uninitialized>true</uninitialized>
         <run_address>0x20000254</run_address>
         <size>0x1c</size>
      </object_component>
      <object_component id="oc-102">
         <name>.common:PID_Data_X</name>
         <uninitialized>true</uninitialized>
         <run_address>0x2000021c</run_address>
         <size>0x1c</size>
      </object_component>
      <object_component id="oc-fe">
         <name>.common:PID_Data_Y</name>
         <uninitialized>true</uninitialized>
         <run_address>0x20000238</run_address>
         <size>0x1c</size>
      </object_component>
      <object_component id="oc-100">
         <name>.common:PID_Data_H</name>
         <uninitialized>true</uninitialized>
         <run_address>0x20000200</run_address>
         <size>0x1c</size>
      </object_component>
      <object_component id="oc-198">
         <name>.common:ReadPin0</name>
         <uninitialized>true</uninitialized>
         <run_address>0x20000304</run_address>
         <size>0x4</size>
      </object_component>
      <object_component id="oc-19b">
         <name>.common:ReadPin4</name>
         <uninitialized>true</uninitialized>
         <run_address>0x20000308</run_address>
         <size>0x4</size>
      </object_component>
      <object_component id="oc-e7">
         <name>.common:ReciveData_UART0</name>
         <uninitialized>true</uninitialized>
         <run_address>0x200002bc</run_address>
         <size>0x10</size>
      </object_component>
      <object_component id="oc-ea">
         <name>.common:Distance_Laser</name>
         <uninitialized>true</uninitialized>
         <run_address>0x200002fc</run_address>
         <size>0x4</size>
      </object_component>
      <object_component id="oc-eb">
         <name>.common:ReciveData_UART1</name>
         <uninitialized>true</uninitialized>
         <run_address>0x200002cc</run_address>
         <size>0x10</size>
      </object_component>
      <object_component id="oc-ec">
         <name>.common:ReciveData_UART2</name>
         <uninitialized>true</uninitialized>
         <run_address>0x200002dc</run_address>
         <size>0x10</size>
      </object_component>
      <object_component id="oc-ed">
         <name>.common:ReciveData_UART3</name>
         <uninitialized>true</uninitialized>
         <run_address>0x200002ec</run_address>
         <size>0x10</size>
      </object_component>
      <object_component id="oc-21">
         <name>.stack</name>
         <uninitialized>true</uninitialized>
         <run_address>0x20000000</run_address>
         <size>0x4</size>
         <input_file_ref idref="fl-dc"/>
      </object_component>
      <object_component id="oc-3d9">
         <name>.stack</name>
         <uninitialized>true</uninitialized>
         <run_address>0x20000000</run_address>
         <size>0x0</size>
      </object_component>
      <object_component id="oc-283">
         <name>.debug_info</name>
         <load_address>0x0</load_address>
         <run_address>0x0</run_address>
         <size>0x6cb</size>
         <input_file_ref idref="fl-2"/>
      </object_component>
      <object_component id="oc-1ce">
         <name>.debug_info</name>
         <load_address>0x6cb</load_address>
         <run_address>0x6cb</run_address>
         <size>0x270</size>
         <input_file_ref idref="fl-2"/>
      </object_component>
      <object_component id="oc-1a7">
         <name>.debug_info</name>
         <load_address>0x93b</load_address>
         <run_address>0x93b</run_address>
         <size>0x26b</size>
         <input_file_ref idref="fl-2"/>
      </object_component>
      <object_component id="oc-27c">
         <name>.debug_info</name>
         <load_address>0xba6</load_address>
         <run_address>0xba6</run_address>
         <size>0x6bd</size>
         <input_file_ref idref="fl-2"/>
      </object_component>
      <object_component id="oc-258">
         <name>.debug_info</name>
         <load_address>0x1263</load_address>
         <run_address>0x1263</run_address>
         <size>0x165</size>
         <input_file_ref idref="fl-2"/>
      </object_component>
      <object_component id="oc-1a0">
         <name>.debug_info</name>
         <load_address>0x13c8</load_address>
         <run_address>0x13c8</run_address>
         <size>0x8b</size>
         <input_file_ref idref="fl-2"/>
      </object_component>
      <object_component id="oc-24f">
         <name>.debug_info</name>
         <load_address>0x1453</load_address>
         <run_address>0x1453</run_address>
         <size>0x297</size>
         <input_file_ref idref="fl-2"/>
      </object_component>
      <object_component id="oc-f3">
         <name>.debug_info</name>
         <load_address>0x16ea</load_address>
         <run_address>0x16ea</run_address>
         <size>0xbb</size>
         <input_file_ref idref="fl-2"/>
      </object_component>
      <object_component id="oc-244">
         <name>.debug_info</name>
         <load_address>0x17a5</load_address>
         <run_address>0x17a5</run_address>
         <size>0x2c</size>
         <input_file_ref idref="fl-2"/>
      </object_component>
      <object_component id="oc-44">
         <name>.debug_info</name>
         <load_address>0x17d1</load_address>
         <run_address>0x17d1</run_address>
         <size>0x3b5</size>
         <input_file_ref idref="fl-3"/>
      </object_component>
      <object_component id="oc-10">
         <name>.debug_info</name>
         <load_address>0x1b86</load_address>
         <run_address>0x1b86</run_address>
         <size>0xe4</size>
         <input_file_ref idref="fl-3"/>
      </object_component>
      <object_component id="oc-26">
         <name>.debug_info</name>
         <load_address>0x1c6a</load_address>
         <run_address>0x1c6a</run_address>
         <size>0x260</size>
         <input_file_ref idref="fl-3"/>
      </object_component>
      <object_component id="oc-4b">
         <name>.debug_info</name>
         <load_address>0x1eca</load_address>
         <run_address>0x1eca</run_address>
         <size>0x84</size>
         <input_file_ref idref="fl-3"/>
      </object_component>
      <object_component id="oc-ef">
         <name>.debug_info</name>
         <load_address>0x1f4e</load_address>
         <run_address>0x1f4e</run_address>
         <size>0x48b</size>
         <input_file_ref idref="fl-4"/>
      </object_component>
      <object_component id="oc-139">
         <name>.debug_info</name>
         <load_address>0x23d9</load_address>
         <run_address>0x23d9</run_address>
         <size>0xee</size>
         <input_file_ref idref="fl-4"/>
      </object_component>
      <object_component id="oc-d9">
         <name>.debug_info</name>
         <load_address>0x24c7</load_address>
         <run_address>0x24c7</run_address>
         <size>0x6b9</size>
         <input_file_ref idref="fl-4"/>
      </object_component>
      <object_component id="oc-fc">
         <name>.debug_info</name>
         <load_address>0x2b80</load_address>
         <run_address>0x2b80</run_address>
         <size>0x540</size>
         <input_file_ref idref="fl-5"/>
      </object_component>
      <object_component id="oc-f9">
         <name>.debug_info</name>
         <load_address>0x30c0</load_address>
         <run_address>0x30c0</run_address>
         <size>0x20e</size>
         <input_file_ref idref="fl-5"/>
      </object_component>
      <object_component id="oc-31">
         <name>.debug_info</name>
         <load_address>0x32ce</load_address>
         <run_address>0x32ce</run_address>
         <size>0x392</size>
         <input_file_ref idref="fl-5"/>
      </object_component>
      <object_component id="oc-39">
         <name>.debug_info</name>
         <load_address>0x3660</load_address>
         <run_address>0x3660</run_address>
         <size>0x4d8</size>
         <input_file_ref idref="fl-6"/>
      </object_component>
      <object_component id="oc-270">
         <name>.debug_info</name>
         <load_address>0x3b38</load_address>
         <run_address>0x3b38</run_address>
         <size>0x315</size>
         <input_file_ref idref="fl-7"/>
      </object_component>
      <object_component id="oc-15d">
         <name>.debug_info</name>
         <load_address>0x3e4d</load_address>
         <run_address>0x3e4d</run_address>
         <size>0x55e</size>
         <input_file_ref idref="fl-7"/>
      </object_component>
      <object_component id="oc-296">
         <name>.debug_info</name>
         <load_address>0x43ab</load_address>
         <run_address>0x43ab</run_address>
         <size>0x7c7</size>
         <input_file_ref idref="fl-8"/>
      </object_component>
      <object_component id="oc-184">
         <name>.debug_info</name>
         <load_address>0x4b72</load_address>
         <run_address>0x4b72</run_address>
         <size>0x204</size>
         <input_file_ref idref="fl-9"/>
      </object_component>
      <object_component id="oc-199">
         <name>.debug_info</name>
         <load_address>0x4d76</load_address>
         <run_address>0x4d76</run_address>
         <size>0x758</size>
         <input_file_ref idref="fl-a"/>
      </object_component>
      <object_component id="oc-19d">
         <name>.debug_info</name>
         <load_address>0x54ce</load_address>
         <run_address>0x54ce</run_address>
         <size>0xcd</size>
         <input_file_ref idref="fl-a"/>
      </object_component>
      <object_component id="oc-3d">
         <name>.debug_info</name>
         <load_address>0x559b</load_address>
         <run_address>0x559b</run_address>
         <size>0x435</size>
         <input_file_ref idref="fl-a"/>
      </object_component>
      <object_component id="oc-e8">
         <name>.debug_info</name>
         <load_address>0x59d0</load_address>
         <run_address>0x59d0</run_address>
         <size>0x773</size>
         <input_file_ref idref="fl-b"/>
      </object_component>
      <object_component id="oc-e5">
         <name>.debug_info</name>
         <load_address>0x6143</load_address>
         <run_address>0x6143</run_address>
         <size>0x187</size>
         <input_file_ref idref="fl-b"/>
      </object_component>
      <object_component id="oc-2b">
         <name>.debug_info</name>
         <load_address>0x62ca</load_address>
         <run_address>0x62ca</run_address>
         <size>0xda9</size>
         <input_file_ref idref="fl-b"/>
      </object_component>
      <object_component id="oc-243">
         <name>.debug_info</name>
         <load_address>0x7073</load_address>
         <run_address>0x7073</run_address>
         <size>0x3de</size>
         <input_file_ref idref="fl-c"/>
      </object_component>
      <object_component id="oc-235">
         <name>.debug_info</name>
         <load_address>0x7451</load_address>
         <run_address>0x7451</run_address>
         <size>0xd5</size>
         <input_file_ref idref="fl-c"/>
      </object_component>
      <object_component id="oc-240">
         <name>.debug_info</name>
         <load_address>0x7526</load_address>
         <run_address>0x7526</run_address>
         <size>0xcf</size>
         <input_file_ref idref="fl-c"/>
      </object_component>
      <object_component id="oc-238">
         <name>.debug_info</name>
         <load_address>0x75f5</load_address>
         <run_address>0x75f5</run_address>
         <size>0xdd</size>
         <input_file_ref idref="fl-c"/>
      </object_component>
      <object_component id="oc-232">
         <name>.debug_info</name>
         <load_address>0x76d2</load_address>
         <run_address>0x76d2</run_address>
         <size>0xe1</size>
         <input_file_ref idref="fl-c"/>
      </object_component>
      <object_component id="oc-e0">
         <name>.debug_info</name>
         <load_address>0x77b3</load_address>
         <run_address>0x77b3</run_address>
         <size>0x7ba</size>
         <input_file_ref idref="fl-c"/>
      </object_component>
      <object_component id="oc-2a2">
         <name>.debug_info</name>
         <load_address>0x7f6d</load_address>
         <run_address>0x7f6d</run_address>
         <size>0x225</size>
         <input_file_ref idref="fl-12"/>
      </object_component>
      <object_component id="oc-29c">
         <name>.debug_info</name>
         <load_address>0x8192</load_address>
         <run_address>0x8192</run_address>
         <size>0x20d</size>
         <input_file_ref idref="fl-12"/>
      </object_component>
      <object_component id="oc-1e0">
         <name>.debug_info</name>
         <load_address>0x839f</load_address>
         <run_address>0x839f</run_address>
         <size>0x18b</size>
         <input_file_ref idref="fl-12"/>
      </object_component>
      <object_component id="oc-1f7">
         <name>.debug_info</name>
         <load_address>0x852a</load_address>
         <run_address>0x852a</run_address>
         <size>0x240</size>
         <input_file_ref idref="fl-13"/>
      </object_component>
      <object_component id="oc-1f4">
         <name>.debug_info</name>
         <load_address>0x876a</load_address>
         <run_address>0x876a</run_address>
         <size>0x15b</size>
         <input_file_ref idref="fl-13"/>
      </object_component>
      <object_component id="oc-d3">
         <name>.debug_info</name>
         <load_address>0x88c5</load_address>
         <run_address>0x88c5</run_address>
         <size>0x2a3</size>
         <input_file_ref idref="fl-13"/>
      </object_component>
      <object_component id="oc-1fa">
         <name>.debug_info</name>
         <load_address>0x8b68</load_address>
         <run_address>0x8b68</run_address>
         <size>0x2b3</size>
         <input_file_ref idref="fl-13"/>
      </object_component>
      <object_component id="oc-16a">
         <name>.debug_info</name>
         <load_address>0x8e1b</load_address>
         <run_address>0x8e1b</run_address>
         <size>0x316</size>
         <input_file_ref idref="fl-13"/>
      </object_component>
      <object_component id="oc-b5">
         <name>.debug_info</name>
         <load_address>0x9131</load_address>
         <run_address>0x9131</run_address>
         <size>0x27b</size>
         <input_file_ref idref="fl-13"/>
      </object_component>
      <object_component id="oc-326">
         <name>.debug_info</name>
         <load_address>0x93ac</load_address>
         <run_address>0x93ac</run_address>
         <size>0x279</size>
         <input_file_ref idref="fl-13"/>
      </object_component>
      <object_component id="oc-349">
         <name>.debug_info</name>
         <load_address>0x9625</load_address>
         <run_address>0x9625</run_address>
         <size>0x2b7</size>
         <input_file_ref idref="fl-13"/>
      </object_component>
      <object_component id="oc-163">
         <name>.debug_info</name>
         <load_address>0x98dc</load_address>
         <run_address>0x98dc</run_address>
         <size>0x285</size>
         <input_file_ref idref="fl-13"/>
      </object_component>
      <object_component id="oc-17c">
         <name>.debug_info</name>
         <load_address>0x9b61</load_address>
         <run_address>0x9b61</run_address>
         <size>0x27b</size>
         <input_file_ref idref="fl-13"/>
      </object_component>
      <object_component id="oc-af">
         <name>.debug_info</name>
         <load_address>0x9ddc</load_address>
         <run_address>0x9ddc</run_address>
         <size>0x280</size>
         <input_file_ref idref="fl-13"/>
      </object_component>
      <object_component id="oc-176">
         <name>.debug_info</name>
         <load_address>0xa05c</load_address>
         <run_address>0xa05c</run_address>
         <size>0x2bb</size>
         <input_file_ref idref="fl-13"/>
      </object_component>
      <object_component id="oc-188">
         <name>.debug_info</name>
         <load_address>0xa317</load_address>
         <run_address>0xa317</run_address>
         <size>0x27f</size>
         <input_file_ref idref="fl-13"/>
      </object_component>
      <object_component id="oc-170">
         <name>.debug_info</name>
         <load_address>0xa596</load_address>
         <run_address>0xa596</run_address>
         <size>0x28f</size>
         <input_file_ref idref="fl-13"/>
      </object_component>
      <object_component id="oc-194">
         <name>.debug_info</name>
         <load_address>0xa825</load_address>
         <run_address>0xa825</run_address>
         <size>0x291</size>
         <input_file_ref idref="fl-13"/>
      </object_component>
      <object_component id="oc-18e">
         <name>.debug_info</name>
         <load_address>0xaab6</load_address>
         <run_address>0xaab6</run_address>
         <size>0x28d</size>
         <input_file_ref idref="fl-13"/>
      </object_component>
      <object_component id="oc-214">
         <name>.debug_info</name>
         <load_address>0xad43</load_address>
         <run_address>0xad43</run_address>
         <size>0x20e</size>
         <input_file_ref idref="fl-14"/>
      </object_component>
      <object_component id="oc-211">
         <name>.debug_info</name>
         <load_address>0xaf51</load_address>
         <run_address>0xaf51</run_address>
         <size>0x210</size>
         <input_file_ref idref="fl-14"/>
      </object_component>
      <object_component id="oc-a8">
         <name>.debug_info</name>
         <load_address>0xb161</load_address>
         <run_address>0xb161</run_address>
         <size>0x23e</size>
         <input_file_ref idref="fl-14"/>
      </object_component>
      <object_component id="oc-c6">
         <name>.debug_info</name>
         <load_address>0xb39f</load_address>
         <run_address>0xb39f</run_address>
         <size>0x268</size>
         <input_file_ref idref="fl-14"/>
      </object_component>
      <object_component id="oc-14a">
         <name>.debug_info</name>
         <load_address>0xb607</load_address>
         <run_address>0xb607</run_address>
         <size>0x26a</size>
         <input_file_ref idref="fl-14"/>
      </object_component>
      <object_component id="oc-376">
         <name>.debug_info</name>
         <load_address>0xb871</load_address>
         <run_address>0xb871</run_address>
         <size>0x1ed</size>
         <input_file_ref idref="fl-15"/>
      </object_component>
      <object_component id="oc-338">
         <name>.debug_info</name>
         <load_address>0xba5e</load_address>
         <run_address>0xba5e</run_address>
         <size>0x2f6</size>
         <input_file_ref idref="fl-15"/>
      </object_component>
      <object_component id="oc-33e">
         <name>.debug_info</name>
         <load_address>0xbd54</load_address>
         <run_address>0xbd54</run_address>
         <size>0x2c4</size>
         <input_file_ref idref="fl-15"/>
      </object_component>
      <object_component id="oc-331">
         <name>.debug_info</name>
         <load_address>0xc018</load_address>
         <run_address>0xc018</run_address>
         <size>0x2b6</size>
         <input_file_ref idref="fl-15"/>
      </object_component>
      <object_component id="oc-343">
         <name>.debug_info</name>
         <load_address>0xc2ce</load_address>
         <run_address>0xc2ce</run_address>
         <size>0x276</size>
         <input_file_ref idref="fl-15"/>
      </object_component>
      <object_component id="oc-32b">
         <name>.debug_info</name>
         <load_address>0xc544</load_address>
         <run_address>0xc544</run_address>
         <size>0x2b3</size>
         <input_file_ref idref="fl-15"/>
      </object_component>
      <object_component id="oc-1eb">
         <name>.debug_info</name>
         <load_address>0xc7f7</load_address>
         <run_address>0xc7f7</run_address>
         <size>0x298</size>
         <input_file_ref idref="fl-16"/>
      </object_component>
      <object_component id="oc-200">
         <name>.debug_info</name>
         <load_address>0xca8f</load_address>
         <run_address>0xca8f</run_address>
         <size>0x14d</size>
         <input_file_ref idref="fl-16"/>
      </object_component>
      <object_component id="oc-223">
         <name>.debug_info</name>
         <load_address>0xcbdc</load_address>
         <run_address>0xcbdc</run_address>
         <size>0x283</size>
         <input_file_ref idref="fl-16"/>
      </object_component>
      <object_component id="oc-a5">
         <name>.debug_info</name>
         <load_address>0xce5f</load_address>
         <run_address>0xce5f</run_address>
         <size>0x27d</size>
         <input_file_ref idref="fl-16"/>
      </object_component>
      <object_component id="oc-322">
         <name>.debug_info</name>
         <load_address>0xd0dc</load_address>
         <run_address>0xd0dc</run_address>
         <size>0x263</size>
         <input_file_ref idref="fl-16"/>
      </object_component>
      <object_component id="oc-2ab">
         <name>.debug_info</name>
         <load_address>0xd33f</load_address>
         <run_address>0xd33f</run_address>
         <size>0x2db</size>
         <input_file_ref idref="fl-16"/>
      </object_component>
      <object_component id="oc-bd">
         <name>.debug_info</name>
         <load_address>0xd61a</load_address>
         <run_address>0xd61a</run_address>
         <size>0x2b5</size>
         <input_file_ref idref="fl-16"/>
      </object_component>
      <object_component id="oc-2f0">
         <name>.debug_info</name>
         <load_address>0xd8cf</load_address>
         <run_address>0xd8cf</run_address>
         <size>0x5f</size>
         <input_file_ref idref="fl-16"/>
      </object_component>
      <object_component id="oc-25e">
         <name>.debug_info</name>
         <load_address>0xd92e</load_address>
         <run_address>0xd92e</run_address>
         <size>0x223</size>
         <input_file_ref idref="fl-17"/>
      </object_component>
      <object_component id="oc-144">
         <name>.debug_info</name>
         <load_address>0xdb51</load_address>
         <run_address>0xdb51</run_address>
         <size>0x2ba</size>
         <input_file_ref idref="fl-17"/>
      </object_component>
      <object_component id="oc-156">
         <name>.debug_info</name>
         <load_address>0xde0b</load_address>
         <run_address>0xde0b</run_address>
         <size>0x284</size>
         <input_file_ref idref="fl-17"/>
      </object_component>
      <object_component id="oc-133">
         <name>.debug_info</name>
         <load_address>0xe08f</load_address>
         <run_address>0xe08f</run_address>
         <size>0x294</size>
         <input_file_ref idref="fl-17"/>
      </object_component>
      <object_component id="oc-10a">
         <name>.debug_info</name>
         <load_address>0xe323</load_address>
         <run_address>0xe323</run_address>
         <size>0x296</size>
         <input_file_ref idref="fl-17"/>
      </object_component>
      <object_component id="oc-104">
         <name>.debug_info</name>
         <load_address>0xe5b9</load_address>
         <run_address>0xe5b9</run_address>
         <size>0x292</size>
         <input_file_ref idref="fl-17"/>
      </object_component>
      <object_component id="oc-150">
         <name>.debug_info</name>
         <load_address>0xe84b</load_address>
         <run_address>0xe84b</run_address>
         <size>0x27f</size>
         <input_file_ref idref="fl-17"/>
      </object_component>
      <object_component id="oc-13e">
         <name>.debug_info</name>
         <load_address>0xeaca</load_address>
         <run_address>0xeaca</run_address>
         <size>0x28c</size>
         <input_file_ref idref="fl-17"/>
      </object_component>
      <object_component id="oc-1e5">
         <name>.debug_info</name>
         <load_address>0xed56</load_address>
         <run_address>0xed56</run_address>
         <size>0x227</size>
         <input_file_ref idref="fl-18"/>
      </object_component>
      <object_component id="oc-84">
         <name>.debug_info</name>
         <load_address>0xef7d</load_address>
         <run_address>0xef7d</run_address>
         <size>0x27f</size>
         <input_file_ref idref="fl-18"/>
      </object_component>
      <object_component id="oc-cc">
         <name>.debug_info</name>
         <load_address>0xf1fc</load_address>
         <run_address>0xf1fc</run_address>
         <size>0x28f</size>
         <input_file_ref idref="fl-18"/>
      </object_component>
      <object_component id="oc-8a">
         <name>.debug_info</name>
         <load_address>0xf48b</load_address>
         <run_address>0xf48b</run_address>
         <size>0x28d</size>
         <input_file_ref idref="fl-18"/>
      </object_component>
      <object_component id="oc-20a">
         <name>.debug_info</name>
         <load_address>0xf718</load_address>
         <run_address>0xf718</run_address>
         <size>0x247</size>
         <input_file_ref idref="fl-18"/>
      </object_component>
      <object_component id="oc-204">
         <name>.debug_info</name>
         <load_address>0xf95f</load_address>
         <run_address>0xf95f</run_address>
         <size>0x249</size>
         <input_file_ref idref="fl-18"/>
      </object_component>
      <object_component id="oc-c0">
         <name>.debug_info</name>
         <load_address>0xfba8</load_address>
         <run_address>0xfba8</run_address>
         <size>0x326</size>
         <input_file_ref idref="fl-18"/>
      </object_component>
      <object_component id="oc-96">
         <name>.debug_info</name>
         <load_address>0xfece</load_address>
         <run_address>0xfece</run_address>
         <size>0x253</size>
         <input_file_ref idref="fl-18"/>
      </object_component>
      <object_component id="oc-9c">
         <name>.debug_info</name>
         <load_address>0x10121</load_address>
         <run_address>0x10121</run_address>
         <size>0x28d</size>
         <input_file_ref idref="fl-18"/>
      </object_component>
      <object_component id="oc-226">
         <name>.debug_info</name>
         <load_address>0x103ae</load_address>
         <run_address>0x103ae</run_address>
         <size>0x273</size>
         <input_file_ref idref="fl-18"/>
      </object_component>
      <object_component id="oc-90">
         <name>.debug_info</name>
         <load_address>0x10621</load_address>
         <run_address>0x10621</run_address>
         <size>0x263</size>
         <input_file_ref idref="fl-18"/>
      </object_component>
      <object_component id="oc-22c">
         <name>.debug_info</name>
         <load_address>0x10884</load_address>
         <run_address>0x10884</run_address>
         <size>0x24d</size>
         <input_file_ref idref="fl-18"/>
      </object_component>
      <object_component id="oc-1ed">
         <name>.debug_info</name>
         <load_address>0x10ad1</load_address>
         <run_address>0x10ad1</run_address>
         <size>0x212</size>
         <input_file_ref idref="fl-19"/>
      </object_component>
      <object_component id="oc-23d">
         <name>.debug_info</name>
         <load_address>0x10ce3</load_address>
         <run_address>0x10ce3</run_address>
         <size>0x13a</size>
         <input_file_ref idref="fl-cf"/>
      </object_component>
      <object_component id="oc-1c2">
         <name>.debug_info</name>
         <load_address>0x10e1d</load_address>
         <run_address>0x10e1d</run_address>
         <size>0x13f</size>
         <input_file_ref idref="fl-d0"/>
      </object_component>
      <object_component id="oc-12a">
         <name>.debug_info</name>
         <load_address>0x10f5c</load_address>
         <run_address>0x10f5c</run_address>
         <size>0x144</size>
         <input_file_ref idref="fl-d1"/>
      </object_component>
      <object_component id="oc-21a">
         <name>.debug_info</name>
         <load_address>0x110a0</load_address>
         <run_address>0x110a0</run_address>
         <size>0x122</size>
         <input_file_ref idref="fl-d2"/>
      </object_component>
      <object_component id="oc-115">
         <name>.debug_info</name>
         <load_address>0x111c2</load_address>
         <run_address>0x111c2</run_address>
         <size>0x132</size>
         <input_file_ref idref="fl-d3"/>
      </object_component>
      <object_component id="oc-11f">
         <name>.debug_info</name>
         <load_address>0x112f4</load_address>
         <run_address>0x112f4</run_address>
         <size>0x132</size>
         <input_file_ref idref="fl-d4"/>
      </object_component>
      <object_component id="oc-125">
         <name>.debug_info</name>
         <load_address>0x11426</load_address>
         <run_address>0x11426</run_address>
         <size>0x126</size>
         <input_file_ref idref="fl-d5"/>
      </object_component>
      <object_component id="oc-12f">
         <name>.debug_info</name>
         <load_address>0x1154c</load_address>
         <run_address>0x1154c</run_address>
         <size>0x136</size>
         <input_file_ref idref="fl-d6"/>
      </object_component>
      <object_component id="oc-112">
         <name>.debug_info</name>
         <load_address>0x11682</load_address>
         <run_address>0x11682</run_address>
         <size>0x124</size>
         <input_file_ref idref="fl-d7"/>
      </object_component>
      <object_component id="oc-11b">
         <name>.debug_info</name>
         <load_address>0x117a6</load_address>
         <run_address>0x117a6</run_address>
         <size>0x124</size>
         <input_file_ref idref="fl-d8"/>
      </object_component>
      <object_component id="oc-1c0">
         <name>.debug_info</name>
         <load_address>0x118ca</load_address>
         <run_address>0x118ca</run_address>
         <size>0x313</size>
         <input_file_ref idref="fl-d9"/>
      </object_component>
      <object_component id="oc-5e">
         <name>.debug_info</name>
         <load_address>0x11bdd</load_address>
         <run_address>0x11bdd</run_address>
         <size>0x1b4</size>
         <input_file_ref idref="fl-d9"/>
      </object_component>
      <object_component id="oc-1bb">
         <name>.debug_info</name>
         <load_address>0x11d91</load_address>
         <run_address>0x11d91</run_address>
         <size>0x46</size>
         <input_file_ref idref="fl-d9"/>
      </object_component>
      <object_component id="oc-28c">
         <name>.debug_info</name>
         <load_address>0x11dd7</load_address>
         <run_address>0x11dd7</run_address>
         <size>0x2c</size>
         <input_file_ref idref="fl-d9"/>
      </object_component>
      <object_component id="oc-5b">
         <name>.debug_info</name>
         <load_address>0x11e03</load_address>
         <run_address>0x11e03</run_address>
         <size>0x29d</size>
         <input_file_ref idref="fl-da"/>
      </object_component>
      <object_component id="oc-19">
         <name>.debug_info</name>
         <load_address>0x120a0</load_address>
         <run_address>0x120a0</run_address>
         <size>0x1df</size>
         <input_file_ref idref="fl-da"/>
      </object_component>
      <object_component id="oc-56">
         <name>.debug_info</name>
         <load_address>0x1227f</load_address>
         <run_address>0x1227f</run_address>
         <size>0x46</size>
         <input_file_ref idref="fl-da"/>
      </object_component>
      <object_component id="oc-1b3">
         <name>.debug_info</name>
         <load_address>0x122c5</load_address>
         <run_address>0x122c5</run_address>
         <size>0x2c</size>
         <input_file_ref idref="fl-da"/>
      </object_component>
      <object_component id="oc-1b1">
         <name>.debug_info</name>
         <load_address>0x122f1</load_address>
         <run_address>0x122f1</run_address>
         <size>0x293</size>
         <input_file_ref idref="fl-db"/>
      </object_component>
      <object_component id="oc-13">
         <name>.debug_info</name>
         <load_address>0x12584</load_address>
         <run_address>0x12584</run_address>
         <size>0x245</size>
         <input_file_ref idref="fl-db"/>
      </object_component>
      <object_component id="oc-46">
         <name>.debug_info</name>
         <load_address>0x127c9</load_address>
         <run_address>0x127c9</run_address>
         <size>0x60</size>
         <input_file_ref idref="fl-db"/>
      </object_component>
      <object_component id="oc-285">
         <name>.debug_info</name>
         <load_address>0x12829</load_address>
         <run_address>0x12829</run_address>
         <size>0x46</size>
         <input_file_ref idref="fl-db"/>
      </object_component>
      <object_component id="oc-1ac">
         <name>.debug_info</name>
         <load_address>0x1286f</load_address>
         <run_address>0x1286f</run_address>
         <size>0x39</size>
         <input_file_ref idref="fl-db"/>
      </object_component>
      <object_component id="oc-22">
         <name>.debug_info</name>
         <load_address>0x128a8</load_address>
         <run_address>0x128a8</run_address>
         <size>0x100</size>
         <input_file_ref idref="fl-dc"/>
      </object_component>
      <object_component id="oc-71">
         <name>.debug_info</name>
         <load_address>0x129a8</load_address>
         <run_address>0x129a8</run_address>
         <size>0x1a4</size>
         <input_file_ref idref="fl-dc"/>
      </object_component>
      <object_component id="oc-2af">
         <name>.debug_info</name>
         <load_address>0x12b4c</load_address>
         <run_address>0x12b4c</run_address>
         <size>0x117</size>
         <input_file_ref idref="fl-dd"/>
      </object_component>
      <object_component id="oc-30e">
         <name>.debug_info</name>
         <load_address>0x12c63</load_address>
         <run_address>0x12c63</run_address>
         <size>0x10d</size>
         <input_file_ref idref="fl-e0"/>
      </object_component>
      <object_component id="oc-52">
         <name>.debug_info</name>
         <load_address>0x12d70</load_address>
         <run_address>0x12d70</run_address>
         <size>0x111</size>
         <input_file_ref idref="fl-e1"/>
      </object_component>
      <object_component id="oc-35d">
         <name>.debug_info</name>
         <load_address>0x12e81</load_address>
         <run_address>0x12e81</run_address>
         <size>0x547</size>
         <input_file_ref idref="fl-e2"/>
      </object_component>
      <object_component id="oc-2bc">
         <name>.debug_info</name>
         <load_address>0x133c8</load_address>
         <run_address>0x133c8</run_address>
         <size>0x19b</size>
         <input_file_ref idref="fl-e2"/>
      </object_component>
      <object_component id="oc-38c">
         <name>.debug_info</name>
         <load_address>0x13563</load_address>
         <run_address>0x13563</run_address>
         <size>0x39</size>
         <input_file_ref idref="fl-e2"/>
      </object_component>
      <object_component id="oc-3a2">
         <name>.debug_info</name>
         <load_address>0x1359c</load_address>
         <run_address>0x1359c</run_address>
         <size>0x39</size>
         <input_file_ref idref="fl-e2"/>
      </object_component>
      <object_component id="oc-391">
         <name>.debug_info</name>
         <load_address>0x135d5</load_address>
         <run_address>0x135d5</run_address>
         <size>0x39</size>
         <input_file_ref idref="fl-e2"/>
      </object_component>
      <object_component id="oc-396">
         <name>.debug_info</name>
         <load_address>0x1360e</load_address>
         <run_address>0x1360e</run_address>
         <size>0xcd</size>
         <input_file_ref idref="fl-e2"/>
      </object_component>
      <object_component id="oc-1c8">
         <name>.debug_info</name>
         <load_address>0x136db</load_address>
         <run_address>0x136db</run_address>
         <size>0x148</size>
         <input_file_ref idref="fl-e3"/>
      </object_component>
      <object_component id="oc-3da">
         <name>.debug_info</name>
         <load_address>0x13823</load_address>
         <run_address>0x13823</run_address>
         <size>0x9a</size>
      </object_component>
      <object_component id="oc-31d">
         <name>.debug_line</name>
         <load_address>0x0</load_address>
         <run_address>0x0</run_address>
         <size>0x186</size>
         <input_file_ref idref="fl-2"/>
      </object_component>
      <object_component id="oc-1d1">
         <name>.debug_line</name>
         <load_address>0x186</load_address>
         <run_address>0x186</run_address>
         <size>0x73</size>
         <input_file_ref idref="fl-2"/>
      </object_component>
      <object_component id="oc-1aa">
         <name>.debug_line</name>
         <load_address>0x1f9</load_address>
         <run_address>0x1f9</run_address>
         <size>0x7a</size>
         <input_file_ref idref="fl-2"/>
      </object_component>
      <object_component id="oc-27f">
         <name>.debug_line</name>
         <load_address>0x273</load_address>
         <run_address>0x273</run_address>
         <size>0x53</size>
         <input_file_ref idref="fl-2"/>
      </object_component>
      <object_component id="oc-25b">
         <name>.debug_line</name>
         <load_address>0x2c6</load_address>
         <run_address>0x2c6</run_address>
         <size>0x53</size>
         <input_file_ref idref="fl-2"/>
      </object_component>
      <object_component id="oc-1a3">
         <name>.debug_line</name>
         <load_address>0x319</load_address>
         <run_address>0x319</run_address>
         <size>0x20</size>
         <input_file_ref idref="fl-2"/>
      </object_component>
      <object_component id="oc-252">
         <name>.debug_line</name>
         <load_address>0x339</load_address>
         <run_address>0x339</run_address>
         <size>0x7e</size>
         <input_file_ref idref="fl-2"/>
      </object_component>
      <object_component id="oc-f6">
         <name>.debug_line</name>
         <load_address>0x3b7</load_address>
         <run_address>0x3b7</run_address>
         <size>0x7b</size>
         <input_file_ref idref="fl-2"/>
      </object_component>
      <object_component id="oc-247">
         <name>.debug_line</name>
         <load_address>0x432</load_address>
         <run_address>0x432</run_address>
         <size>0x76</size>
         <input_file_ref idref="fl-2"/>
      </object_component>
      <object_component id="oc-1a6">
         <name>.debug_line</name>
         <load_address>0x4a8</load_address>
         <run_address>0x4a8</run_address>
         <size>0x41</size>
         <input_file_ref idref="fl-3"/>
      </object_component>
      <object_component id="oc-43">
         <name>.debug_line</name>
         <load_address>0x4e9</load_address>
         <run_address>0x4e9</run_address>
         <size>0x41</size>
         <input_file_ref idref="fl-3"/>
      </object_component>
      <object_component id="oc-25">
         <name>.debug_line</name>
         <load_address>0x52a</load_address>
         <run_address>0x52a</run_address>
         <size>0xa1</size>
         <input_file_ref idref="fl-3"/>
      </object_component>
      <object_component id="oc-4e">
         <name>.debug_line</name>
         <load_address>0x5cb</load_address>
         <run_address>0x5cb</run_address>
         <size>0x20</size>
         <input_file_ref idref="fl-3"/>
      </object_component>
      <object_component id="oc-24e">
         <name>.debug_line</name>
         <load_address>0x5eb</load_address>
         <run_address>0x5eb</run_address>
         <size>0xa4</size>
         <input_file_ref idref="fl-4"/>
      </object_component>
      <object_component id="oc-269">
         <name>.debug_line</name>
         <load_address>0x68f</load_address>
         <run_address>0x68f</run_address>
         <size>0x38</size>
         <input_file_ref idref="fl-4"/>
      </object_component>
      <object_component id="oc-dd">
         <name>.debug_line</name>
         <load_address>0x6c7</load_address>
         <run_address>0x6c7</run_address>
         <size>0x1ab</size>
         <input_file_ref idref="fl-4"/>
      </object_component>
      <object_component id="oc-257">
         <name>.debug_line</name>
         <load_address>0x872</load_address>
         <run_address>0x872</run_address>
         <size>0x113</size>
         <input_file_ref idref="fl-5"/>
      </object_component>
      <object_component id="oc-255">
         <name>.debug_line</name>
         <load_address>0x985</load_address>
         <run_address>0x985</run_address>
         <size>0x30</size>
         <input_file_ref idref="fl-5"/>
      </object_component>
      <object_component id="oc-34">
         <name>.debug_line</name>
         <load_address>0x9b5</load_address>
         <run_address>0x9b5</run_address>
         <size>0x12a</size>
         <input_file_ref idref="fl-5"/>
      </object_component>
      <object_component id="oc-37">
         <name>.debug_line</name>
         <load_address>0xadf</load_address>
         <run_address>0xadf</run_address>
         <size>0xcc</size>
         <input_file_ref idref="fl-6"/>
      </object_component>
      <object_component id="oc-31b">
         <name>.debug_line</name>
         <load_address>0xbab</load_address>
         <run_address>0xbab</run_address>
         <size>0x90</size>
         <input_file_ref idref="fl-7"/>
      </object_component>
      <object_component id="oc-15c">
         <name>.debug_line</name>
         <load_address>0xc3b</load_address>
         <run_address>0xc3b</run_address>
         <size>0x132</size>
         <input_file_ref idref="fl-7"/>
      </object_component>
      <object_component id="oc-299">
         <name>.debug_line</name>
         <load_address>0xd6d</load_address>
         <run_address>0xd6d</run_address>
         <size>0x122</size>
         <input_file_ref idref="fl-8"/>
      </object_component>
      <object_component id="oc-182">
         <name>.debug_line</name>
         <load_address>0xe8f</load_address>
         <run_address>0xe8f</run_address>
         <size>0x63</size>
         <input_file_ref idref="fl-9"/>
      </object_component>
      <object_component id="oc-27b">
         <name>.debug_line</name>
         <load_address>0xef2</load_address>
         <run_address>0xef2</run_address>
         <size>0x180</size>
         <input_file_ref idref="fl-a"/>
      </object_component>
      <object_component id="oc-282">
         <name>.debug_line</name>
         <load_address>0x1072</load_address>
         <run_address>0x1072</run_address>
         <size>0x30</size>
         <input_file_ref idref="fl-a"/>
      </object_component>
      <object_component id="oc-40">
         <name>.debug_line</name>
         <load_address>0x10a2</load_address>
         <run_address>0x10a2</run_address>
         <size>0xee</size>
         <input_file_ref idref="fl-a"/>
      </object_component>
      <object_component id="oc-24c">
         <name>.debug_line</name>
         <load_address>0x1190</load_address>
         <run_address>0x1190</run_address>
         <size>0x1c2</size>
         <input_file_ref idref="fl-b"/>
      </object_component>
      <object_component id="oc-24a">
         <name>.debug_line</name>
         <load_address>0x1352</load_address>
         <run_address>0x1352</run_address>
         <size>0x37</size>
         <input_file_ref idref="fl-b"/>
      </object_component>
      <object_component id="oc-2e">
         <name>.debug_line</name>
         <load_address>0x1389</load_address>
[...]
      </symbol>
      <symbol id="sm-1b0">
         <name>arrycat</name>
         <value>0x1315</value>
         <object_component_ref idref="oc-15b"/>
      </symbol>
      <symbol id="sm-1b1">
         <name>Median_Filter</name>
         <value>0x140f</value>
         <object_component_ref idref="oc-15b"/>
      </symbol>
      <symbol id="sm-1b2">
         <name>SendToFlight</name>
         <value>0x1361</value>
         <object_component_ref idref="oc-15b"/>
      </symbol>
      <symbol id="sm-1d2">
         <name>LED_ColorInit</name>
         <value>0x18a9</value>
         <object_component_ref idref="oc-295"/>
      </symbol>
      <symbol id="sm-1d3">
         <name>LED_Color</name>
         <value>0x1949</value>
         <object_component_ref idref="oc-295"/>
      </symbol>
      <symbol id="sm-1d4">
         <name>LED_Config</name>
         <value>0x1993</value>
         <object_component_ref idref="oc-295"/>
      </symbol>
      <symbol id="sm-1d5">
         <name>Led_Twinkle</name>
         <value>0x1ae5</value>
         <object_component_ref idref="oc-295"/>
      </symbol>
      <symbol id="sm-1d6">
         <name>LED_Set</name>
         <value>0x19af</value>
         <object_component_ref idref="oc-295"/>
      </symbol>
      <symbol id="sm-1e3">
         <name>Delay_ms</name>
         <value>0x2a71</value>
         <object_component_ref idref="oc-180"/>
      </symbol>
      <symbol id="sm-1e4">
         <name>Delay_us</name>
         <value>0x2a8f</value>
         <object_component_ref idref="oc-180"/>
      </symbol>
      <symbol id="sm-210">
         <name>ReadPin0</name>
         <value>0x20000304</value>
      </symbol>
      <symbol id="sm-211">
         <name>ReadPin4</name>
         <value>0x20000308</value>
      </symbol>
      <symbol id="sm-212">
         <name>Key_Configure</name>
         <value>0x1cfd</value>
         <object_component_ref idref="oc-3c"/>
      </symbol>
      <symbol id="sm-213">
         <name>Key_Interrupt</name>
         <value>0x1d2b</value>
         <object_component_ref idref="oc-3c"/>
      </symbol>
      <symbol id="sm-214">
         <name>KeyPress4</name>
         <value>0x20000334</value>
         <object_component_ref idref="oc-19c"/>
      </symbol>
      <symbol id="sm-215">
         <name>Key_Scan</name>
         <value>0x1d4b</value>
         <object_component_ref idref="oc-3c"/>
      </symbol>
      <symbol id="sm-216">
         <name>Int_Handler_GPIOF</name>
         <value>0x1dfb</value>
         <object_component_ref idref="oc-3c"/>
      </symbol>
      <symbol id="sm-284">
         <name>ReciveData_UART0</name>
         <value>0x200002bc</value>
      </symbol>
      <symbol id="sm-285">
         <name>Distance_Laser</name>
         <value>0x200002fc</value>
      </symbol>
      <symbol id="sm-286">
         <name>ReciveData_UART1</name>
         <value>0x200002cc</value>
      </symbol>
      <symbol id="sm-287">
         <name>ReciveData_UART2</name>
         <value>0x200002dc</value>
      </symbol>
      <symbol id="sm-288">
         <name>ReciveData_UART3</name>
         <value>0x200002ec</value>
      </symbol>
      <symbol id="sm-289">
         <name>UART1IntHandler</name>
         <value>0xa93</value>
         <object_component_ref idref="oc-2a"/>
      </symbol>
      <symbol id="sm-28a">
         <name>UART3IntHandler</name>
         <value>0xcad</value>
         <object_component_ref idref="oc-2a"/>
      </symbol>
      <symbol id="sm-28b">
         <name>UART2IntHandler</name>
         <value>0xbc3</value>
         <object_component_ref idref="oc-2a"/>
      </symbol>
      <symbol id="sm-28c">
         <name>Uart1Iint</name>
         <value>0xb71</value>
         <object_component_ref idref="oc-2a"/>
      </symbol>
      <symbol id="sm-28d">
         <name>UART3Iint</name>
         <value>0xd61</value>
         <object_component_ref idref="oc-2a"/>
      </symbol>
      <symbol id="sm-28e">
         <name>Uart0Iint</name>
         <value>0xa3f</value>
         <object_component_ref idref="oc-2a"/>
      </symbol>
      <symbol id="sm-28f">
         <name>UART1Send</name>
         <value>0xb49</value>
         <object_component_ref idref="oc-2a"/>
      </symbol>
      <symbol id="sm-290">
         <name>UART2Iint</name>
         <value>0xc31</value>
         <object_component_ref idref="oc-2a"/>
      </symbol>
      <symbol id="sm-291">
         <name>UART0Send</name>
         <value>0xa17</value>
         <object_component_ref idref="oc-2a"/>
      </symbol>
      <symbol id="sm-292">
         <name>ReciveData_i_UART3</name>
         <value>0x2000033b</value>
         <object_component_ref idref="oc-e4"/>
      </symbol>
      <symbol id="sm-293">
         <name>ReciveData_i_UART2</name>
         <value>0x2000033a</value>
         <object_component_ref idref="oc-e4"/>
      </symbol>
      <symbol id="sm-294">
         <name>ReciveData_i_UART1</name>
         <value>0x20000339</value>
         <object_component_ref idref="oc-e4"/>
      </symbol>
      <symbol id="sm-295">
         <name>ReciveData_i_UART0</name>
         <value>0x20000338</value>
         <object_component_ref idref="oc-e4"/>
      </symbol>
      <symbol id="sm-296">
         <name>UARTIntHandler</name>
         <value>0x9b9</value>
         <object_component_ref idref="oc-2a"/>
      </symbol>
      <symbol id="sm-297">
         <name>UART3Send</name>
         <value>0xd15</value>
         <object_component_ref idref="oc-2a"/>
      </symbol>
      <symbol id="sm-298">
         <name>UART2Send</name>
         <value>0xc01</value>
         <object_component_ref idref="oc-2a"/>
      </symbol>
      <symbol id="sm-307">
         <name>UARTgetc</name>
         <value>0xfbf</value>
         <object_component_ref idref="oc-de"/>
      </symbol>
      <symbol id="sm-308">
         <name>UARTgets</name>
         <value>0xf05</value>
         <object_component_ref idref="oc-de"/>
      </symbol>
      <symbol id="sm-309">
         <name>UARTStdioConfig</name>
         <value>0xe79</value>
         <object_component_ref idref="oc-de"/>
      </symbol>
      <symbol id="sm-30a">
         <name>UARTwrite</name>
         <value>0xebf</value>
         <object_component_ref idref="oc-de"/>
      </symbol>
      <symbol id="sm-30b">
         <name>UARTprintf</name>
         <value>0x12df</value>
         <object_component_ref idref="oc-de"/>
      </symbol>
      <symbol id="sm-30c">
         <name>UARTvprintf</name>
         <value>0xfe5</value>
         <object_component_ref idref="oc-de"/>
      </symbol>
      <symbol id="sm-327">
         <name>FPULazyStackingEnable</name>
         <value>0x2d45</value>
         <object_component_ref idref="oc-2a1"/>
      </symbol>
      <symbol id="sm-328">
         <name>FPUEnable</name>
         <value>0x2d35</value>
         <object_component_ref idref="oc-29b"/>
      </symbol>
      <symbol id="sm-3aa">
         <name>GPIOPinTypePWM</name>
         <value>0x2cdb</value>
         <object_component_ref idref="oc-324"/>
      </symbol>
      <symbol id="sm-3ab">
         <name>GPIOPinConfigure</name>
         <value>0x2955</value>
         <object_component_ref idref="oc-ad"/>
      </symbol>
      <symbol id="sm-3ac">
         <name>GPIOIntDisable</name>
         <value>0x2d75</value>
         <object_component_ref idref="oc-192"/>
      </symbol>
      <symbol id="sm-3ad">
         <name>GPIOIntEnable</name>
         <value>0x2de3</value>
         <object_component_ref idref="oc-16e"/>
      </symbol>
      <symbol id="sm-3ae">
         <name>GPIOIntTypeSet</name>
         <value>0x28fd</value>
         <object_component_ref idref="oc-174"/>
      </symbol>
      <symbol id="sm-3af">
         <name>GPIOPinTypeGPIOInput</name>
         <value>0x2cc9</value>
         <object_component_ref idref="oc-162"/>
      </symbol>
      <symbol id="sm-3b0">
         <name>GPIOIntClear</name>
         <value>0x2e49</value>
         <object_component_ref idref="oc-18c"/>
      </symbol>
      <symbol id="sm-3b1">
         <name>GPIOPinTypeUART</name>
         <value>0x2ced</value>
         <object_component_ref idref="oc-b3"/>
      </symbol>
      <symbol id="sm-3b2">
         <name>GPIOIntStatus</name>
         <value>0x2d83</value>
         <object_component_ref idref="oc-186"/>
      </symbol>
      <symbol id="sm-3b3">
         <name>GPIOPinTypeGPIOOutput</name>
         <value>0x2c87</value>
         <object_component_ref idref="oc-348"/>
      </symbol>
      <symbol id="sm-3b4">
         <name>GPIOPinRead</name>
         <value>0x2e4f</value>
         <object_component_ref idref="oc-17a"/>
      </symbol>
      <symbol id="sm-3b5">
         <name>GPIODirModeSet</name>
         <value>0x2bfb</value>
         <object_component_ref idref="oc-1f8"/>
      </symbol>
      <symbol id="sm-3b6">
         <name>GPIOPinWrite</name>
         <value>0x2e55</value>
         <object_component_ref idref="oc-d1"/>
      </symbol>
      <symbol id="sm-3b7">
         <name>GPIOPadConfigSet</name>
         <value>0x1fcf</value>
         <object_component_ref idref="oc-168"/>
      </symbol>
      <symbol id="sm-3fa">
         <name>IntEnable</name>
         <value>0x2775</value>
         <object_component_ref idref="oc-c5"/>
      </symbol>
      <symbol id="sm-3fb">
         <name>IntDisable</name>
         <value>0x270d</value>
         <object_component_ref idref="oc-149"/>
      </symbol>
      <symbol id="sm-3fc">
         <name>IntMasterEnable</name>
         <value>0x2d55</value>
         <object_component_ref idref="oc-a7"/>
      </symbol>
      <symbol id="sm-429">
         <name>PWMGenPeriodSet</name>
         <value>0x2d65</value>
         <object_component_ref idref="oc-330"/>
      </symbol>
      <symbol id="sm-42a">
         <name>PWMPulseWidthSet</name>
         <value>0x2c69</value>
         <object_component_ref idref="oc-336"/>
      </symbol>
      <symbol id="sm-42b">
         <name>PWMOutputState</name>
         <value>0x2cff</value>
         <object_component_ref idref="oc-33c"/>
      </symbol>
      <symbol id="sm-42c">
         <name>PWMGenEnable</name>
         <value>0x2def</value>
         <object_component_ref idref="oc-342"/>
      </symbol>
      <symbol id="sm-42d">
         <name>PWMGenConfigure</name>
         <value>0x2c25</value>
         <object_component_ref idref="oc-32a"/>
      </symbol>
      <symbol id="sm-494">
         <name>SysCtlPeripheralPresent</name>
         <value>0x2af1</value>
         <object_component_ref idref="oc-21f"/>
      </symbol>
      <symbol id="sm-495">
         <name>SysCtlClockSet</name>
         <value>0x240d</value>
         <object_component_ref idref="oc-2a7"/>
      </symbol>
      <symbol id="sm-496">
         <name>SysCtlDelay</name>
         <value>0x2e5b</value>
         <object_component_ref idref="oc-d7"/>
      </symbol>
      <symbol id="sm-497">
         <name>SysCtlPeripheralEnable</name>
         <value>0x2b99</value>
         <object_component_ref idref="oc-a1"/>
      </symbol>
      <symbol id="sm-498">
         <name>SysCtlClockGet</name>
         <value>0x2101</value>
         <object_component_ref idref="oc-b9"/>
      </symbol>
      <symbol id="sm-499">
         <name>SysCtlPWMClockSet</name>
         <value>0x2ca1</value>
         <object_component_ref idref="oc-31e"/>
      </symbol>
      <symbol id="sm-4dd">
         <name>TimerLoadSet</name>
         <value>0x2d11</value>
         <object_component_ref idref="oc-143"/>
      </symbol>
      <symbol id="sm-4de">
         <name>TimerEnable</name>
         <value>0x2d91</value>
         <object_component_ref idref="oc-14f"/>
      </symbol>
      <symbol id="sm-4df">
         <name>TimerIntStatus</name>
         <value>0x2e11</value>
         <object_component_ref idref="oc-155"/>
      </symbol>
      <symbol id="sm-4e0">
         <name>TimerIntDisable</name>
         <value>0x2e07</value>
         <object_component_ref idref="oc-109"/>
      </symbol>
      <symbol id="sm-4e1">
         <name>TimerIntEnable</name>
         <value>0x2e39</value>
         <object_component_ref idref="oc-132"/>
      </symbol>
      <symbol id="sm-4e2">
         <name>TimerConfigure</name>
         <value>0x2845</value>
         <object_component_ref idref="oc-13d"/>
      </symbol>
      <symbol id="sm-4e3">
         <name>TimerIntClear</name>
         <value>0x2e61</value>
         <object_component_ref idref="oc-103"/>
      </symbol>
      <symbol id="sm-546">
         <name>UARTCharPutNonBlocking</name>
         <value>0x2dad</value>
         <object_component_ref idref="oc-9b"/>
      </symbol>
      <symbol id="sm-547">
         <name>UARTConfigSetExpClk</name>
         <value>0x29e5</value>
         <object_component_ref idref="oc-bf"/>
      </symbol>
      <symbol id="sm-548">
         <name>UARTDisable</name>
         <value>0x2c49</value>
         <object_component_ref idref="oc-203"/>
      </symbol>
      <symbol id="sm-549">
         <name>UARTIntEnable</name>
         <value>0x2e41</value>
         <object_component_ref idref="oc-cb"/>
      </symbol>
      <symbol id="sm-54a">
         <name>UARTCharsAvail</name>
         <value>0x2dbb</value>
         <object_component_ref idref="oc-95"/>
      </symbol>
      <symbol id="sm-54b">
         <name>UARTCharGetNonBlocking</name>
         <value>0x2d9f</value>
         <object_component_ref idref="oc-8f"/>
      </symbol>
      <symbol id="sm-54c">
         <name>UARTCharPut</name>
         <value>0x2e25</value>
         <object_component_ref idref="oc-225"/>
      </symbol>
      <symbol id="sm-54d">
         <name>UARTEnable</name>
         <value>0x2cb5</value>
         <object_component_ref idref="oc-209"/>
      </symbol>
      <symbol id="sm-54e">
         <name>UARTIntClear</name>
         <value>0x2e65</value>
         <object_component_ref idref="oc-89"/>
      </symbol>
      <symbol id="sm-54f">
         <name>UARTIntStatus</name>
         <value>0x2e2f</value>
         <object_component_ref idref="oc-83"/>
      </symbol>
      <symbol id="sm-550">
         <name>UARTCharGet</name>
         <value>0x2e1b</value>
         <object_component_ref idref="oc-22b"/>
      </symbol>
      <symbol id="sm-55a">
         <name>CPUcpsie</name>
         <value>0x2dd7</value>
         <object_component_ref idref="oc-1ec"/>
      </symbol>
      <symbol id="sm-569">
         <name>__aeabi_uidivmod</name>
         <value>0x2ab1</value>
         <object_component_ref idref="oc-23a"/>
      </symbol>
      <symbol id="sm-56a">
         <name>__aeabi_uidiv</name>
         <value>0x2ab1</value>
         <object_component_ref idref="oc-23a"/>
      </symbol>
      <symbol id="sm-579">
         <name>__aeabi_memset</name>
         <value>0x2625</value>
         <object_component_ref idref="oc-1c1"/>
      </symbol>
      <symbol id="sm-57a">
         <name>memset</name>
         <value>0x262b</value>
         <object_component_ref idref="oc-1c1"/>
      </symbol>
      <symbol id="sm-57b">
         <name>__aeabi_memset8</name>
         <value>0x2625</value>
         <object_component_ref idref="oc-1c1"/>
      </symbol>
      <symbol id="sm-57c">
         <name>__aeabi_memset4</name>
         <value>0x2625</value>
         <object_component_ref idref="oc-1c1"/>
      </symbol>
      <symbol id="sm-57d">
         <name>__aeabi_memclr8</name>
         <value>0x2623</value>
         <object_component_ref idref="oc-1c1"/>
      </symbol>
      <symbol id="sm-57e">
         <name>__aeabi_memclr4</name>
         <value>0x2623</value>
         <object_component_ref idref="oc-1c1"/>
      </symbol>
      <symbol id="sm-57f">
         <name>__aeabi_memclr</name>
         <value>0x2623</value>
         <object_component_ref idref="oc-1c1"/>
      </symbol>
      <symbol id="sm-596">
         <name>__aeabi_dsub</name>
         <value>0x1b45</value>
         <object_component_ref idref="oc-128"/>
      </symbol>
      <symbol id="sm-597">
         <name>__aeabi_dadd</name>
         <value>0x1b4f</value>
         <object_component_ref idref="oc-128"/>
      </symbol>
      <symbol id="sm-5a9">
         <name>__aeabi_cdrcmple</name>
         <value>0x259d</value>
         <object_component_ref idref="oc-217"/>
      </symbol>
      <symbol id="sm-5bd">
         <name>__aeabi_ddiv</name>
         <value>0x1e99</value>
         <object_component_ref idref="oc-114"/>
      </symbol>
      <symbol id="sm-5c8">
         <name>__aeabi_dmul</name>
         <value>0x2311</value>
         <object_component_ref idref="oc-11e"/>
      </symbol>
      <symbol id="sm-5d2">
         <name>__aeabi_d2iz</name>
         <value>0x299d</value>
         <object_component_ref idref="oc-123"/>
      </symbol>
      <symbol id="sm-5de">
         <name>__aeabi_d2f</name>
         <value>0x269d</value>
         <object_component_ref idref="oc-12d"/>
      </symbol>
      <symbol id="sm-5e9">
         <name>__aeabi_f2d</name>
         <value>0x2b61</value>
         <object_component_ref idref="oc-10f"/>
      </symbol>
      <symbol id="sm-5f3">
         <name>__aeabi_i2d</name>
         <value>0x2bcd</value>
         <object_component_ref idref="oc-119"/>
      </symbol>
      <symbol id="sm-60c">
         <name>__TI_zero_init_nomemset</name>
         <value>0x2d23</value>
         <object_component_ref idref="oc-5c"/>
      </symbol>
      <symbol id="sm-623">
         <name>__TI_decompress_none</name>
         <value>0x2dc9</value>
         <object_component_ref idref="oc-18"/>
      </symbol>
      <symbol id="sm-646">
         <name>__TI_decompress_lzss</name>
         <value>0x27dd</value>
         <object_component_ref idref="oc-12"/>
      </symbol>
      <symbol id="sm-659">
         <name>__stack</name>
         <value>0x20000000</value>
         <object_component_ref idref="oc-21"/>
      </symbol>
      <symbol id="sm-65a">
         <name>_c_int00_noargs</name>
         <value>0x2b29</value>
         <object_component_ref idref="oc-6e"/>
      </symbol>
      <symbol id="sm-665">
         <name>C$$EXIT</name>
         <value>0x2e6d</value>
         <object_component_ref idref="oc-2ae"/>
      </symbol>
      <symbol id="sm-666">
         <name>abort</name>
         <value>0x2e6d</value>
         <object_component_ref idref="oc-2ae"/>
      </symbol>
      <symbol id="sm-672">
         <name>__aeabi_idiv0</name>
         <value>0x1cfb</value>
         <object_component_ref idref="oc-30d"/>
      </symbol>
      <symbol id="sm-673">
         <name>__aeabi_ldiv0</name>
         <value>0x1cfb</value>
         <object_component_ref idref="oc-30d"/>
      </symbol>
      <symbol id="sm-68e">
         <name>memcpy</name>
         <value>0x2501</value>
         <object_component_ref idref="oc-50"/>
      </symbol>
      <symbol id="sm-68f">
         <name>__aeabi_memcpy</name>
         <value>0x2501</value>
         <object_component_ref idref="oc-50"/>
      </symbol>
      <symbol id="sm-690">
         <name>__aeabi_memcpy8</name>
         <value>0x2501</value>
         <object_component_ref idref="oc-50"/>
      </symbol>
      <symbol id="sm-691">
         <name>__aeabi_memcpy4</name>
         <value>0x2501</value>
         <object_component_ref idref="oc-50"/>
      </symbol>
      <symbol id="sm-6b9">
         <name>__TI_auto_init_nobinit_nopinit</name>
         <value>0x2a2d</value>
         <object_component_ref idref="oc-2ba"/>
      </symbol>
      <symbol id="sm-6c3">
         <name>_system_pre_init</name>
         <value>0x2e69</value>
         <object_component_ref idref="oc-1c7"/>
      </symbol>
      <symbol id="sm-6c5">
         <name>__TI_static_base__</name>
         <value>0x0</value>
      </symbol>
      <symbol id="sm-6c8">
         <name>__mpu_init</name>
         <value>0x0</value>
      </symbol>
      <symbol id="sm-6c9">
         <name>_system_post_cinit</name>
         <value>0x0</value>
      </symbol>
   </symbol_table>
   <title>Link successful</title>
</link_info>
