******************************************************************************
                  TI ARM Linker PC v18.1.2                     
******************************************************************************
>> Linked Sat Jul 21 01:47:48 2018

OUTPUT FILE NAME:   <Four_axes_2018_New.out>
ENTRY POINT SYMBOL: "_c_int00_noargs"  address: 00002b29


MEMORY CONFIGURATION

         name            origin    length      used     unused   attr    fill
----------------------  --------  ---------  --------  --------  ----  --------
  FLASH                 00000000   00040000  0000304c  0003cfb4  R  X
  SRAM                  20000000   00008000  0000033c  00007cc4  RW X


SEGMENT ALLOCATION MAP

run origin  load origin   length   init length attrs members
----------  ----------- ---------- ----------- ----- -------
00000000    00000000    00003050   00003050    r-x
  00000000    00000000    0000026c   0000026c    r-- .intvecs
  0000026c    0000026c    00002c04   00002c04    r-x .text
  00002e70    00002e70    0000019c   0000019c    r-- .const
  00003010    00003010    00000040   00000040    r-- .cinit
20000000    20000000    0000033c   00000000    rw-
  20000000    20000000    00000200   00000000    rw- .stack
  20000200    20000200    00000114   00000000    rw- .bss
  20000314    20000314    00000028   00000000    rw- .data


SECTION ALLOCATION MAP

 output                                  attributes/
section   page    origin      length       input sections
--------  ----  ----------  ----------   ----------------
.intvecs   0    00000000    0000026c     
                  00000000    0000026c     tm4c123gh6pm_startup_ccs.obj (.intvecs)

.text      0    0000026c    00002c04     
                  0000026c    0000074c     pid.obj (.text)
                  000009b8    000004c0     uart_echo.obj (.text)
                  00000e78    0000049c     uartstdio.obj (.text)
                  00001314    000002d4     Type_conversion.obj (.text)
                  000015e8    000002c0     Control.obj (.text)
                  000018a8    0000029c     colorful_LED.obj (.text)
                  00001b44    000001b6     rtsv7M4_T_le_v4SPD16_eabi.lib : fd_add_t2.asm.obj (.text)
                  00001cfa    00000002                                   : div0.asm.obj (.text)
                  00001cfc    0000019c     key.obj (.text)
                  00001e98    00000136     rtsv7M4_T_le_v4SPD16_eabi.lib : fd_div_t2.asm.obj (.text)
                  00001fce    00000132     driverlib.lib : gpio.obj (.text:GPIOPadConfigSet)
                  00002100    00000110                   : sysctl.obj (.text:SysCtlClockGet)
                  00002210    00000100     Timer.obj (.text)
                  00002310    000000fc     rtsv7M4_T_le_v4SPD16_eabi.lib : fd_mul_t2.asm.obj (.text)
                  0000240c    000000f4     driverlib.lib : sysctl.obj (.text:SysCtlClockSet)
                  00002500    0000009c     rtsv7M4_T_le_v4SPD16_eabi.lib : memcpy_t2.asm.obj (.text)
                  0000259c    00000086                                   : fd_cmp_t2.asm.obj (.text:__aeabi_cdrcmple)
                  00002622    0000007a                                   : memset_t2.asm.obj (.text)
                  0000269c    0000006e                                   : fd_tos_t2.asm.obj (.text)
                  0000270a    00000002     --HOLE-- [fill = 0]
                  0000270c    00000068     driverlib.lib : interrupt.obj (.text:IntDisable)
                  00002774    00000068                   : interrupt.obj (.text:IntEnable)
                  000027dc    00000068     rtsv7M4_T_le_v4SPD16_eabi.lib : copy_decompress_lzss.c.obj (.text:decompress:lzss:__TI_decompress_lzss)
                  00002844    00000060     driverlib.lib : timer.obj (.text:TimerConfigure)
                  000028a4    00000058     main.obj (.text)
                  000028fc    00000056     driverlib.lib : gpio.obj (.text:GPIOIntTypeSet)
                  00002952    00000002     --HOLE-- [fill = 0]
                  00002954    00000048                   : gpio.obj (.text:GPIOPinConfigure)
                  0000299c    00000048     rtsv7M4_T_le_v4SPD16_eabi.lib : fd_toi_t2.asm.obj (.text)
                  000029e4    00000046     driverlib.lib : uart.obj (.text:UARTConfigSetExpClk)
                  00002a2a    00000002     --HOLE-- [fill = 0]
                  00002a2c    00000044     rtsv7M4_T_le_v4SPD16_eabi.lib : autoinit.c.obj (.text:__TI_auto_init_nobinit_nopinit:__TI_auto_init_nobinit_nopinit)
                  00002a70    00000040     delay.obj (.text)
                  00002ab0    00000040     rtsv7M4_T_le_v4SPD16_eabi.lib : u_divt2.asm.obj (.text)
                  00002af0    00000038     driverlib.lib : sysctl.obj (.text:SysCtlPeripheralPresent)
                  00002b28    00000038     rtsv7M4_T_le_v4SPD16_eabi.lib : boot_cortex_m.c.obj (.text:_c_int00_noargs:_c_int00_noargs)
                  00002b60    00000038                                   : fs_tod_t2.asm.obj (.text)
                  00002b98    00000034     driverlib.lib : sysctl.obj (.text:SysCtlPeripheralEnable)
                  00002bcc    0000002e     rtsv7M4_T_le_v4SPD16_eabi.lib : i_tofd_t2.asm.obj (.text)
                  00002bfa    0000002a     driverlib.lib : gpio.obj (.text:GPIODirModeSet)
                  00002c24    00000022                   : pwm.obj (.text:PWMGenConfigure)
                  00002c46    00000002     --HOLE-- [fill = 0]
                  00002c48    00000020                   : uart.obj (.text:UARTDisable)
                  00002c68    0000001e                   : pwm.obj (.text:PWMPulseWidthSet)
                  00002c86    00000018                   : gpio.obj (.text:GPIOPinTypeGPIOOutput)
                  00002c9e    00000002     --HOLE-- [fill = 0]
                  00002ca0    00000014                   : sysctl.obj (.text:SysCtlPWMClockSet)
                  00002cb4    00000014                   : uart.obj (.text:UARTEnable)
                  00002cc8    00000012                   : gpio.obj (.text:GPIOPinTypeGPIOInput)
                  00002cda    00000012                   : gpio.obj (.text:GPIOPinTypePWM)
                  00002cec    00000012                   : gpio.obj (.text:GPIOPinTypeUART)
                  00002cfe    00000012                   : pwm.obj (.text:PWMOutputState)
                  00002d10    00000012                   : timer.obj (.text:TimerLoadSet)
                  00002d22    00000012     rtsv7M4_T_le_v4SPD16_eabi.lib : copy_zero_init.c.obj (.text:decompress:ZI:__TI_zero_init_nomemset:__TI_zero_init_nomemset)
                  00002d34    00000010     driverlib.lib : fpu.obj (.text:FPUEnable)
                  00002d44    00000010                   : fpu.obj (.text:FPULazyStackingEnable)
                  00002d54    00000010                   : interrupt.obj (.text:IntMasterEnable)
                  00002d64    00000010                   : pwm.obj (.text:PWMGenPeriodSet)
                  00002d74    0000000e                   : gpio.obj (.text:GPIOIntDisable)
                  00002d82    0000000e                   : gpio.obj (.text:GPIOIntStatus)
                  00002d90    0000000e                   : timer.obj (.text:TimerEnable)
                  00002d9e    0000000e                   : uart.obj (.text:UARTCharGetNonBlocking)
                  00002dac    0000000e                   : uart.obj (.text:UARTCharPutNonBlocking)
                  00002dba    0000000e                   : uart.obj (.text:UARTCharsAvail)
                  00002dc8    0000000e     rtsv7M4_T_le_v4SPD16_eabi.lib : copy_decompress_none.c.obj (.text:decompress:none:__TI_decompress_none)
                  00002dd6    0000000c     driverlib.lib : cpu.obj (.text:CPUcpsie)
                  00002de2    0000000c                   : gpio.obj (.text:GPIOIntEnable)
                  00002dee    0000000c                   : pwm.obj (.text:PWMGenEnable)
                  00002dfa    0000000c     tm4c123gh6pm_startup_ccs.obj (.text)
                  00002e06    0000000a     driverlib.lib : timer.obj (.text:TimerIntDisable)
                  00002e10    0000000a                   : timer.obj (.text:TimerIntStatus)
                  00002e1a    0000000a                   : uart.obj (.text:UARTCharGet)
                  00002e24    0000000a                   : uart.obj (.text:UARTCharPut)
                  00002e2e    0000000a                   : uart.obj (.text:UARTIntStatus)
                  00002e38    00000008                   : timer.obj (.text:TimerIntEnable)
                  00002e40    00000008                   : uart.obj (.text:UARTIntEnable)
                  00002e48    00000006                   : gpio.obj (.text:GPIOIntClear)
                  00002e4e    00000006                   : gpio.obj (.text:GPIOPinRead)
                  00002e54    00000006                   : gpio.obj (.text:GPIOPinWrite)
                  00002e5a    00000006                   : sysctl.obj (.text:SysCtlDelay)
                  00002e60    00000004                   : timer.obj (.text:TimerIntClear)
                  00002e64    00000004                   : uart.obj (.text:UARTIntClear)
                  00002e68    00000004     rtsv7M4_T_le_v4SPD16_eabi.lib : pre_init.c.obj (.text:_system_pre_init)
                  00002e6c    00000004                                   : exit.c.obj (.text:abort:abort)

.const     0    00002e70    0000019c     
                  00002e70    00000090     driverlib.lib : gpio.obj (.const:g_pui32GPIOBaseAddrs)
                  00002f00    00000070                   : interrupt.obj (.const)
                  00002f70    0000006c                   : sysctl.obj (.const:g_pui32Xtals)
                  00002fdc    00000012     uartstdio.obj (.const:.string)
                  00002fee    00000002     --HOLE-- [fill = 0]
                  00002ff0    0000000c     uartstdio.obj (.const:g_ui32UARTBase)
                  00002ffc    0000000c     uartstdio.obj (.const:g_ui32UARTPeriph)
                  00003008    00000004     uartstdio.obj (.const)

.cinit     0    00003010    00000040     
                  00003010    0000001c     (.cinit..data.load) [load image, compression = lzss]
                  0000302c    0000000c     (__TI_handler_table)
                  00003038    00000008     (.cinit..bss.load) [load image, compression = zero_init]
                  00003040    00000010     (__TI_cinit_table)

.init_array 
*          0    00000000    00000000     UNINITIALIZED

.bss       0    20000200    00000114     UNINITIALIZED
                  20000200    0000001c     (.common:PID_Data_H)
                  2000021c    0000001c     (.common:PID_Data_X)
                  20000238    0000001c     (.common:PID_Data_Y)
                  20000254    0000001c     (.common:PID_H)
                  20000270    0000001c     (.common:PID_X)
                  2000028c    0000001c     (.common:PID_Y)
                  200002a8    00000014     (.common:remote)
                  200002bc    00000010     (.common:ReciveData_UART0)
                  200002cc    00000010     (.common:ReciveData_UART1)
                  200002dc    00000010     (.common:ReciveData_UART2)
                  200002ec    00000010     (.common:ReciveData_UART3)
                  200002fc    00000004     (.common:Distance_Laser)
                  20000300    00000004     (.common:Last_Real_Distance)
                  20000304    00000004     (.common:ReadPin0)
                  20000308    00000004     (.common:ReadPin4)
                  2000030c    00000004     (.common:Real_Distance)
                  20000310    00000002     (.common:Real_XCoordinate)
                  20000312    00000002     (.common:Real_YCoordinate)

.data      0    20000314    00000028     UNINITIALIZED
                  20000314    00000018     pid.obj (.data)
                  2000032c    00000005     uartstdio.obj (.data)
                  20000331    00000002     Control.obj (.data)
                  20000333    00000001     --HOLE--
                  20000334    00000004     key.obj (.data)
                  20000338    00000004     uart_echo.obj (.data)

.stack     0    20000000    00000200     UNINITIALIZED
                  20000000    00000004     rtsv7M4_T_le_v4SPD16_eabi.lib : boot_cortex_m.c.obj (.stack)
                  20000004    000001fc     --HOLE--

MODULE SUMMARY

       Module                         code    ro data   rw data
       ------                         ----    -------   -------
    .\
       tm4c123gh6pm_startup_ccs.obj   12      620       0      
       main.obj                       88      0         0      
    +--+------------------------------+-------+---------+---------+
       Total:                         100     620       0      
                                                               
    .\Control\
       Control.obj                    704     0         34     
    +--+------------------------------+-------+---------+---------+
       Total:                         704     0         34     
                                                               
    .\Pid\
       pid.obj                        1868    0         192    
    +--+------------------------------+-------+---------+---------+
       Total:                         1868    0         192    
                                                               
    .\Timer\
       Timer.obj                      256     0         0      
    +--+------------------------------+-------+---------+---------+
       Total:                         256     0         0      
                                                               
    .\Type_conversion\
       Type_conversion.obj            724     0         0      
    +--+------------------------------+-------+---------+---------+
       Total:                         724     0         0      
                                                               
    .\colorful_LED\
       colorful_LED.obj               668     0         0      
    +--+------------------------------+-------+---------+---------+
       Total:                         668     0         0      
                                                               
    .\delay\
       delay.obj                      64      0         0      
    +--+------------------------------+-------+---------+---------+
       Total:                         64      0         0      
                                                               
    .\key\
       key.obj                        412     0         12     
    +--+------------------------------+-------+---------+---------+
       Total:                         412     0         12     
                                                               
    .\uart\
       uart_echo.obj                  1216    0         72     
       uartstdio.obj                  1180    46        5      
    +--+------------------------------+-------+---------+---------+
       Total:                         2396    46        77     
                                                               
    D:/ti/TivaWare_C_Series-2.1.4.178/driverlib/ccs/Debug/driverlib.lib
       gpio.obj                       642     144       0      
       sysctl.obj                     650     108       0      
       interrupt.obj                  224     112       0      
       uart.obj                       206     0         0      
       timer.obj                      160     0         0      
       pwm.obj                        110     0         0      
       fpu.obj                        32      0         0      
       cpu.obj                        12      0         0      
    +--+------------------------------+-------+---------+---------+
       Total:                         2036    364       0      
                                                               
    D:\Project_Program\Ccs\ccsv8\tools\compiler\ti-cgt-arm_18.1.2.LTS\lib\rtsv7M4_T_le_v4SPD16_eabi.lib
       fd_add_t2.asm.obj              438     0         0      
       fd_div_t2.asm.obj              310     0         0      
       fd_mul_t2.asm.obj              252     0         0      
       memcpy_t2.asm.obj              156     0         0      
       fd_cmp_t2.asm.obj              134     0         0      
       memset_t2.asm.obj              122     0         0      
       fd_tos_t2.asm.obj              110     0         0      
       copy_decompress_lzss.c.obj     104     0         0      
       fd_toi_t2.asm.obj              72      0         0      
       autoinit.c.obj                 68      0         0      
       u_divt2.asm.obj                64      0         0      
       boot_cortex_m.c.obj            56      0         0      
       fs_tod_t2.asm.obj              56      0         0      
       i_tofd_t2.asm.obj              46      0         0      
       copy_zero_init.c.obj           18      0         0      
       copy_decompress_none.c.obj     14      0         0      
       exit.c.obj                     4       0         0      
       pre_init.c.obj                 4       0         0      
       div0.asm.obj                   2       0         0      
    +--+------------------------------+-------+---------+---------+
       Total:                         2030    0         0      
                                                               
       Stack:                         0       0         512    
       Linker Generated:              0       64        0      
    +--+------------------------------+-------+---------+---------+
       Grand Total:                   11258   1094      827    


LINKER GENERATED COPY TABLES

__TI_cinit_table @ 00003040 records: 2, size/record: 8, table size: 16
	.data: load addr=00003010, load size=0000001c bytes, run addr=20000314, run size=00000028 bytes, compression=lzss
	.bss: load addr=00003038, load size=00000008 bytes, run addr=20000200, run size=00000114 bytes, compression=zero_init


LINKER GENERATED HANDLER TABLE

__TI_handler_table @ 0000302c records: 3, size/record: 4, table size: 12
	index: 0, handler: __TI_decompress_lzss
	index: 1, handler: __TI_decompress_none
	index: 2, handler: __TI_zero_init


GLOBAL SYMBOLS: SORTED ALPHABETICALLY BY Name 

address   name                          
-------   ----                          
00002e6d  C$$EXIT                       
00002dd7  CPUcpsie                      
20000332  Control_Open                  
20000314  Coordinate_Open_Flag          
00002a71  Delay_ms                      
00002a8f  Delay_us                      
200002fc  Distance_Laser                
00002d35  FPUEnable                     
00002d45  FPULazyStackingEnable         
000015e9  FloatToByte                   
00002bfb  GPIODirModeSet                
00002e49  GPIOIntClear                  
00002d75  GPIOIntDisable                
00002de3  GPIOIntEnable                 
00002d83  GPIOIntStatus                 
000028fd  GPIOIntTypeSet                
00001fcf  GPIOPadConfigSet              
00002955  GPIOPinConfigure              
00002e4f  GPIOPinRead                   
00002cc9  GPIOPinTypeGPIOInput          
00002c87  GPIOPinTypeGPIOOutput         
00002cdb  GPIOPinTypePWM                
00002ced  GPIOPinTypeUART               
00002e55  GPIOPinWrite                  
000017d7  Get_Coordinate                
000017e9  Get_Distance                  
000028a5  HardwareConfig                
0000270d  IntDisable                    
00002775  IntEnable                     
00002d55  IntMasterEnable               
00001dfb  Int_Handler_GPIOF             
20000334  KeyPress4                     
00001cfd  Key_Configure                 
00001d2b  Key_Interrupt                 
00001d4b  Key_Scan                      
00001949  LED_Color                     
000018a9  LED_ColorInit                 
00001993  LED_Config                    
000019af  LED_Set                       
0000178b  LandMode                      
20000300  Last_Real_Distance            
00001ae5  Led_Twinkle                   
0000173f  Lock                          
0000140f  Median_Filter                 
20000200  PID_Data_H                    
2000021c  PID_Data_X                    
20000238  PID_Data_Y                    
20000254  PID_H                         
0000026d  PID_Init                      
20000270  PID_X                         
2000028c  PID_Y                         
00002c25  PWMGenConfigure               
00002def  PWMGenEnable                  
00002d65  PWMGenPeriodSet               
00002cff  PWMOutputState                
00002c69  PWMPulseWidthSet              
00000401  Position_PID                  
20000304  ReadPin0                      
20000308  ReadPin4                      
2000030c  Real_Distance                 
20000310  Real_XCoordinate              
20000312  Real_YCoordinate              
200002bc  ReciveData_UART0              
200002cc  ReciveData_UART1              
200002dc  ReciveData_UART2              
200002ec  ReciveData_UART3              
20000338  ReciveData_i_UART0            
20000339  ReciveData_i_UART1            
2000033a  ReciveData_i_UART2            
2000033b  ReciveData_i_UART3            
00002dfb  ResetISR                      
00001361  SendToFlight                  
0000183b  Set_Alltitute                 
00002101  SysCtlClockGet                
0000240d  SysCtlClockSet                
00002e5b  SysCtlDelay                   
00002ca1  SysCtlPWMClockSet             
00002b99  SysCtlPeripheralEnable        
00002af1  SysCtlPeripheralPresent       
00002241  Timer0IntHandler              
00002211  Timer0_Config                 
000007b5  Timer1IntHandler              
00002257  Timer1_Config                 
000022c3  Timer2IntHandler              
0000228d  Timer2_Config                 
00002845  TimerConfigure                
00002d91  TimerEnable                   
00002e61  TimerIntClear                 
00002e07  TimerIntDisable               
00002e39  TimerIntEnable                
00002e11  TimerIntStatus                
00002d11  TimerLoadSet                  
00000a17  UART0Send                     
00000a93  UART1IntHandler               
00000b49  UART1Send                     
00000c31  UART2Iint                     
00000bc3  UART2IntHandler               
00000c01  UART2Send                     
00000d61  UART3Iint                     
00000cad  UART3IntHandler               
00000d15  UART3Send                     
00002e1b  UARTCharGet                   
00002d9f  UARTCharGetNonBlocking        
00002e25  UARTCharPut                   
00002dad  UARTCharPutNonBlocking        
00002dbb  UARTCharsAvail                
000029e5  UARTConfigSetExpClk           
00002c49  UARTDisable                   
00002cb5  UARTEnable                    
00002e65  UARTIntClear                  
00002e41  UARTIntEnable                 
000009b9  UARTIntHandler                
00002e2f  UARTIntStatus                 
00000e79  UARTStdioConfig               
00000fbf  UARTgetc                      
00000f05  UARTgets                      
000012df  UARTprintf                    
00000fe5  UARTvprintf                   
00000ebf  UARTwrite                     
00000a3f  Uart0Iint                     
00000b71  Uart1Iint                     
000016f3  Unlock                        
20000200  __STACK_END                   
00000200  __STACK_SIZE                  
20000200  __STACK_TOP                   
00003040  __TI_CINIT_Base               
00003050  __TI_CINIT_Limit              
0000302c  __TI_Handler_Table_Base       
00003038  __TI_Handler_Table_Limit      
00002a2d  __TI_auto_init_nobinit_nopinit
000027dd  __TI_decompress_lzss          
00002dc9  __TI_decompress_none          
ffffffff  __TI_pprof_out_hndl           
ffffffff  __TI_prof_data_size           
ffffffff  __TI_prof_data_start          
00000000  __TI_static_base__            
00002d23  __TI_zero_init_nomemset       
0000259d  __aeabi_cdrcmple              
0000269d  __aeabi_d2f                   
0000299d  __aeabi_d2iz                  
00001b4f  __aeabi_dadd                  
00001e99  __aeabi_ddiv                  
00002311  __aeabi_dmul                  
00001b45  __aeabi_dsub                  
00002b61  __aeabi_f2d                   
00002bcd  __aeabi_i2d                   
00001cfb  __aeabi_idiv0                 
00001cfb  __aeabi_ldiv0                 
00002623  __aeabi_memclr                
00002623  __aeabi_memclr4               
00002623  __aeabi_memclr8               
00002501  __aeabi_memcpy                
00002501  __aeabi_memcpy4               
00002501  __aeabi_memcpy8               
00002625  __aeabi_memset                
00002625  __aeabi_memset4               
00002625  __aeabi_memset8               
00002ab1  __aeabi_uidiv                 
00002ab1  __aeabi_uidivmod              
ffffffff  __binit__                     
ffffffff  __c_args__                    
UNDEFED   __mpu_init                    
20000000  __stack                       
00002b29  _c_int00_noargs               
UNDEFED   _system_post_cinit            
00002e69  _system_pre_init              
00002e6d  abort                         
00001315  arrycat                       
ffffffff  binit                         
20000318  channel_val_MID               
20000324  err_h                         
2000031c  err_x                         
20000320  err_y                         
00000000  g_pfnVectors                  
20000328  get_x                         
2000032a  get_y                         
20000331  i                             
000028db  main                          
00002501  memcpy                        
0000262b  memset                        
200002a8  remote                        
0000162f  remotepr_package              
00001691  remoteyh_package              
20000317  start_PID_H                   
20000315  start_PID_X                   
20000316  start_PID_Y                   


GLOBAL SYMBOLS: SORTED BY Symbol Address 

address   name                          
-------   ----                          
00000000  __TI_static_base__            
00000000  g_pfnVectors                  
00000200  __STACK_SIZE                  
0000026d  PID_Init                      
00000401  Position_PID                  
000007b5  Timer1IntHandler              
000009b9  UARTIntHandler                
00000a17  UART0Send                     
00000a3f  Uart0Iint                     
00000a93  UART1IntHandler               
00000b49  UART1Send                     
00000b71  Uart1Iint                     
00000bc3  UART2IntHandler               
00000c01  UART2Send                     
00000c31  UART2Iint                     
00000cad  UART3IntHandler               
00000d15  UART3Send                     
00000d61  UART3Iint                     
00000e79  UARTStdioConfig               
00000ebf  UARTwrite                     
00000f05  UARTgets                      
00000fbf  UARTgetc                      
00000fe5  UARTvprintf                   
000012df  UARTprintf                    
00001315  arrycat                       
00001361  SendToFlight                  
0000140f  Median_Filter                 
000015e9  FloatToByte                   
0000162f  remotepr_package              
00001691  remoteyh_package              
000016f3  Unlock                        
0000173f  Lock                          
0000178b  LandMode                      
000017d7  Get_Coordinate                
000017e9  Get_Distance                  
0000183b  Set_Alltitute                 
000018a9  LED_ColorInit                 
00001949  LED_Color                     
00001993  LED_Config                    
000019af  LED_Set                       
00001ae5  Led_Twinkle                   
00001b45  __aeabi_dsub                  
00001b4f  __aeabi_dadd                  
00001cfb  __aeabi_idiv0                 
00001cfb  __aeabi_ldiv0                 
00001cfd  Key_Configure                 
00001d2b  Key_Interrupt                 
00001d4b  Key_Scan                      
00001dfb  Int_Handler_GPIOF             
00001e99  __aeabi_ddiv                  
00001fcf  GPIOPadConfigSet              
00002101  SysCtlClockGet                
00002211  Timer0_Config                 
00002241  Timer0IntHandler              
00002257  Timer1_Config                 
0000228d  Timer2_Config                 
000022c3  Timer2IntHandler              
00002311  __aeabi_dmul                  
0000240d  SysCtlClockSet                
00002501  __aeabi_memcpy                
00002501  __aeabi_memcpy4               
00002501  __aeabi_memcpy8               
00002501  memcpy                        
0000259d  __aeabi_cdrcmple              
00002623  __aeabi_memclr                
00002623  __aeabi_memclr4               
00002623  __aeabi_memclr8               
00002625  __aeabi_memset                
00002625  __aeabi_memset4               
00002625  __aeabi_memset8               
0000262b  memset                        
0000269d  __aeabi_d2f                   
0000270d  IntDisable                    
00002775  IntEnable                     
000027dd  __TI_decompress_lzss          
00002845  TimerConfigure                
000028a5  HardwareConfig                
000028db  main                          
000028fd  GPIOIntTypeSet                
00002955  GPIOPinConfigure              
0000299d  __aeabi_d2iz                  
000029e5  UARTConfigSetExpClk           
00002a2d  __TI_auto_init_nobinit_nopinit
00002a71  Delay_ms                      
00002a8f  Delay_us                      
00002ab1  __aeabi_uidiv                 
00002ab1  __aeabi_uidivmod              
00002af1  SysCtlPeripheralPresent       
00002b29  _c_int00_noargs               
00002b61  __aeabi_f2d                   
00002b99  SysCtlPeripheralEnable        
00002bcd  __aeabi_i2d                   
00002bfb  GPIODirModeSet                
00002c25  PWMGenConfigure               
00002c49  UARTDisable                   
00002c69  PWMPulseWidthSet              
00002c87  GPIOPinTypeGPIOOutput         
00002ca1  SysCtlPWMClockSet             
00002cb5  UARTEnable                    
00002cc9  GPIOPinTypeGPIOInput          
00002cdb  GPIOPinTypePWM                
00002ced  GPIOPinTypeUART               
00002cff  PWMOutputState                
00002d11  TimerLoadSet                  
00002d23  __TI_zero_init_nomemset       
00002d35  FPUEnable                     
00002d45  FPULazyStackingEnable         
00002d55  IntMasterEnable               
00002d65  PWMGenPeriodSet               
00002d75  GPIOIntDisable                
00002d83  GPIOIntStatus                 
00002d91  TimerEnable                   
00002d9f  UARTCharGetNonBlocking        
00002dad  UARTCharPutNonBlocking        
00002dbb  UARTCharsAvail                
00002dc9  __TI_decompress_none          
00002dd7  CPUcpsie                      
00002de3  GPIOIntEnable                 
00002def  PWMGenEnable                  
00002dfb  ResetISR                      
00002e07  TimerIntDisable               
00002e11  TimerIntStatus                
00002e1b  UARTCharGet                   
00002e25  UARTCharPut                   
00002e2f  UARTIntStatus                 
00002e39  TimerIntEnable                
00002e41  UARTIntEnable                 
00002e49  GPIOIntClear                  
00002e4f  GPIOPinRead                   
00002e55  GPIOPinWrite                  
00002e5b  SysCtlDelay                   
00002e61  TimerIntClear                 
00002e65  UARTIntClear                  
00002e69  _system_pre_init              
00002e6d  C$$EXIT                       
00002e6d  abort                         
0000302c  __TI_Handler_Table_Base       
00003038  __TI_Handler_Table_Limit      
00003040  __TI_CINIT_Base               
00003050  __TI_CINIT_Limit              
20000000  __stack                       
20000200  PID_Data_H                    
20000200  __STACK_END                   
20000200  __STACK_TOP                   
2000021c  PID_Data_X                    
20000238  PID_Data_Y                    
20000254  PID_H                         
20000270  PID_X                         
2000028c  PID_Y                         
200002a8  remote                        
200002bc  ReciveData_UART0              
200002cc  ReciveData_UART1              
200002dc  ReciveData_UART2              
200002ec  ReciveData_UART3              
200002fc  Distance_Laser                
20000300  Last_Real_Distance            
20000304  ReadPin0                      
20000308  ReadPin4                      
2000030c  Real_Distance                 
20000310  Real_XCoordinate              
20000312  Real_YCoordinate              
20000314  Coordinate_Open_Flag          
20000315  start_PID_X                   
20000316  start_PID_Y                   
20000317  start_PID_H                   
20000318  channel_val_MID               
2000031c  err_x                         
20000320  err_y                         
20000324  err_h                         
20000328  get_x                         
2000032a  get_y                         
20000331  i                             
20000332  Control_Open                  
20000334  KeyPress4                     
20000338  ReciveData_i_UART0            
20000339  ReciveData_i_UART1            
2000033a  ReciveData_i_UART2            
2000033b  ReciveData_i_UART3            
ffffffff  __TI_pprof_out_hndl           
ffffffff  __TI_prof_data_size           
ffffffff  __TI_prof_data_start          
ffffffff  __binit__                     
ffffffff  __c_args__                    
ffffffff  binit                         
UNDEFED   __mpu_init                    
UNDEFED   _system_post_cinit            

[186 symbols]
